Archive member included to satisfy reference by file (symbol)

/usr/lib/gcc/arm-none-eabi/13.2.1/../../../arm-none-eabi/lib/thumb/v7e-m+fp/hard/libc.a(libc_a-rand.o)
                              _build/nrf_802154_random_stdlib.o (srand)
/usr/lib/gcc/arm-none-eabi/13.2.1/../../../arm-none-eabi/lib/thumb/v7e-m+fp/hard/libc.a(libc_a-strlen.o)
                              _build/nrf_fprintf_format.o (strlen)
/usr/lib/gcc/arm-none-eabi/13.2.1/../../../arm-none-eabi/lib/thumb/v7e-m+fp/hard/libc.a(libc_a-memset.o)
                              /usr/lib/gcc/arm-none-eabi/13.2.1/../../../arm-none-eabi/lib/thumb/v7e-m+fp/hard/crt0.o (memset)
/usr/lib/gcc/arm-none-eabi/13.2.1/../../../arm-none-eabi/lib/thumb/v7e-m+fp/hard/libc.a(libc_a-assert.o)
                              _build/nrf_802154.o (__assert_func)
/usr/lib/gcc/arm-none-eabi/13.2.1/../../../arm-none-eabi/lib/thumb/v7e-m+fp/hard/libc.a(libc_a-memmove.o)
                              _build/nrf_802154_ack_data.o (memmove)
/usr/lib/gcc/arm-none-eabi/13.2.1/../../../arm-none-eabi/lib/thumb/v7e-m+fp/hard/libc.a(libc_a-impure.o)
                              _build/microbit_before_startup.o (_impure_ptr)
/usr/lib/gcc/arm-none-eabi/13.2.1/../../../arm-none-eabi/lib/thumb/v7e-m+fp/hard/libc.a(libc_a-abort.o)
                              /usr/lib/gcc/arm-none-eabi/13.2.1/../../../arm-none-eabi/lib/thumb/v7e-m+fp/hard/libc.a(libc_a-assert.o) (abort)
/usr/lib/gcc/arm-none-eabi/13.2.1/../../../arm-none-eabi/lib/thumb/v7e-m+fp/hard/libc.a(libc_a-setbuf.o)
                              _build/microbit_before_startup.o (setbuf)
/usr/lib/gcc/arm-none-eabi/13.2.1/../../../arm-none-eabi/lib/thumb/v7e-m+fp/hard/libc.a(libc_a-fiprintf.o)
                              /usr/lib/gcc/arm-none-eabi/13.2.1/../../../arm-none-eabi/lib/thumb/v7e-m+fp/hard/libc.a(libc_a-assert.o) (fiprintf)
/usr/lib/gcc/arm-none-eabi/13.2.1/../../../arm-none-eabi/lib/thumb/v7e-m+fp/hard/libc.a(libc_a-memcmp.o)
                              _build/nrf_twi_mngr.o (memcmp)
/usr/lib/gcc/arm-none-eabi/13.2.1/../../../arm-none-eabi/lib/thumb/v7e-m+fp/hard/libc.a(libc_a-memcpy.o)
                              _build/main.o (memcpy)
/usr/lib/gcc/arm-none-eabi/13.2.1/../../../arm-none-eabi/lib/thumb/v7e-m+fp/hard/libc.a(libc_a-init.o)
                              /usr/lib/gcc/arm-none-eabi/13.2.1/../../../arm-none-eabi/lib/thumb/v7e-m+fp/hard/crt0.o (__libc_init_array)
/usr/lib/gcc/arm-none-eabi/13.2.1/../../../arm-none-eabi/lib/thumb/v7e-m+fp/hard/libc.a(libc_a-findfp.o)
                              /usr/lib/gcc/arm-none-eabi/13.2.1/../../../arm-none-eabi/lib/thumb/v7e-m+fp/hard/libc.a(libc_a-impure.o) (__sf)
/usr/lib/gcc/arm-none-eabi/13.2.1/../../../arm-none-eabi/lib/thumb/v7e-m+fp/hard/libc.a(libc_a-exit.o)
                              /usr/lib/gcc/arm-none-eabi/13.2.1/../../../arm-none-eabi/lib/thumb/v7e-m+fp/hard/crt0.o (exit)
/usr/lib/gcc/arm-none-eabi/13.2.1/../../../arm-none-eabi/lib/thumb/v7e-m+fp/hard/libc.a(libc_a-ctype_.o)
                              _build/nrf_log_str_formatter.o (_ctype_)
/usr/lib/gcc/arm-none-eabi/13.2.1/../../../arm-none-eabi/lib/thumb/v7e-m+fp/hard/libc.a(libc_a-atexit.o)
                              /usr/lib/gcc/arm-none-eabi/13.2.1/../../../arm-none-eabi/lib/thumb/v7e-m+fp/hard/crt0.o (atexit)
/usr/lib/gcc/arm-none-eabi/13.2.1/../../../arm-none-eabi/lib/thumb/v7e-m+fp/hard/libc.a(libc_a-printf.o)
                              _build/main.o (printf)
/usr/lib/gcc/arm-none-eabi/13.2.1/../../../arm-none-eabi/lib/thumb/v7e-m+fp/hard/libc.a(libc_a-signal.o)
                              /usr/lib/gcc/arm-none-eabi/13.2.1/../../../arm-none-eabi/lib/thumb/v7e-m+fp/hard/libc.a(libc_a-abort.o) (raise)
/usr/lib/gcc/arm-none-eabi/13.2.1/../../../arm-none-eabi/lib/thumb/v7e-m+fp/hard/libc.a(libc_a-fini.o)
                              /usr/lib/gcc/arm-none-eabi/13.2.1/../../../arm-none-eabi/lib/thumb/v7e-m+fp/hard/crt0.o (__libc_fini_array)
/usr/lib/gcc/arm-none-eabi/13.2.1/../../../arm-none-eabi/lib/thumb/v7e-m+fp/hard/libc.a(libc_a-fwalk.o)
                              /usr/lib/gcc/arm-none-eabi/13.2.1/../../../arm-none-eabi/lib/thumb/v7e-m+fp/hard/libc.a(libc_a-findfp.o) (_fwalk_sglue)
/usr/lib/gcc/arm-none-eabi/13.2.1/../../../arm-none-eabi/lib/thumb/v7e-m+fp/hard/libc.a(libc_a-vfprintf.o)
                              /usr/lib/gcc/arm-none-eabi/13.2.1/../../../arm-none-eabi/lib/thumb/v7e-m+fp/hard/libc.a(libc_a-printf.o) (_vfprintf_r)
/usr/lib/gcc/arm-none-eabi/13.2.1/../../../arm-none-eabi/lib/thumb/v7e-m+fp/hard/libc.a(libc_a-memchr.o)
                              /usr/lib/gcc/arm-none-eabi/13.2.1/../../../arm-none-eabi/lib/thumb/v7e-m+fp/hard/libc.a(libc_a-vfprintf.o) (memchr)
/usr/lib/gcc/arm-none-eabi/13.2.1/../../../arm-none-eabi/lib/thumb/v7e-m+fp/hard/libc.a(libc_a-signalr.o)
                              /usr/lib/gcc/arm-none-eabi/13.2.1/../../../arm-none-eabi/lib/thumb/v7e-m+fp/hard/libc.a(libc_a-signal.o) (_kill_r)
[...]
Memory Configuration

Name             Origin             Length             Attributes
FLASH            0x00000000         0x00080000         xr
RAM              0x20000000         0x00020000         xrw
*default*        0x00000000         0xffffffff

Linker script and memory map

                0x0007f000                        __stop_ot_flash_data = ((ORIGIN (FLASH) + LENGTH (FLASH)) - FLASH_PAGE_SIZE)
                0x0007b000                        __start_ot_flash_data = (__stop_ot_flash_data - (FLASH_PAGE_SIZE * FLASH_DATA_PAGES_USED))
                0x00000001                        ASSERT ((__start_ot_flash_data >= (__etext + SIZEOF (.data))), Error: Code overlaps flash data area.)

.text           0x00000000    0x10444
 *(.isr_vector)
 .isr_vector    0x00000000      0x200 _build/gcc_startup_nrf52833.os
                0x00000000                __isr_vector
 *(.text*)
 .text          0x00000200       0x88 /usr/lib/gcc/arm-none-eabi/13.2.1/thumb/v7e-m+fp/hard/crtbegin.o
 .text          0x00000288       0x70 /usr/lib/gcc/arm-none-eabi/13.2.1/../../../arm-none-eabi/lib/thumb/v7e-m+fp/hard/crt0.o
                0x00000288                _stack_init
                0x00000290                _mainCRTStartup
                0x00000290                _start
 .text.nrf_802154_tx_started
                0x000002f8        0xc _build/main.o
                0x000002f8                nrf_802154_tx_started
 .text.nrf_802154_transmit_failed
                0x00000304        0xc _build/main.o
                0x00000304                nrf_802154_transmit_failed
 .text.nrf_802154_transmitted_raw
                0x00000310        0xc _build/main.o
                0x00000310                nrf_802154_transmitted_raw
 .text.startup.main
                0x0000031c      0x108 _build/main.o
                0x0000031c                main
 .text.nrf_gpio_pin_port_decode
                0x00000424       0x30 _build/better_error_handling.o
 .text.nrf_gpio_pin_clear
                0x00000454       0x1a _build/better_error_handling.o
 .text.nrf_gpio_pin_set
                0x0000046e       0x1a _build/better_error_handling.o
 .text.nrf_delay_ms.part.0
                0x00000488       0x1c _build/better_error_handling.o
 .text.error_blink_pattern
                0x000004a4      0x104 _build/better_error_handling.o
 .text.app_error_fault_handler
                0x000005a8       0x70 _build/better_error_handling.o
                0x000005a8                app_error_fault_handler
 .text.HardFault_c_handler
                0x00000618       0xec _build/better_error_handling.o
                0x00000618                HardFault_c_handler
 .text._close   0x00000704        0x2 _build/clib_stubs.o
                0x00000704                _close
 .text._fstat   0x00000706        0x2 _build/clib_stubs.o
                0x00000706                _fstat
 .text._getpid  0x00000708        0x2 _build/clib_stubs.o
                0x00000708                _getpid
 .text._isatty  0x0000070a        0x2 _build/clib_stubs.o
                0x0000070a                _isatty
 .text._kill    0x0000070c        0x2 _build/clib_stubs.o
                0x0000070c                _kill
 .text._lseek   0x0000070e        0x2 _build/clib_stubs.o
                0x0000070e                _lseek
 .text.startup.called_first
                0x00000710       0x48 _build/microbit_before_startup.o
                0x00000710                called_first
 .text.nrf_log_backend_uart_flush
                0x00000758        0x2 _build/microbit_nrf_log_backend_uart.o
 *fill*         0x0000075a        0x2 
 .text.nrf_log_backend_uart_put
                0x0000075c       0x1c _build/microbit_nrf_log_backend_uart.o
 .text.uart_init.constprop.0
                0x00000778       0x54 _build/microbit_nrf_log_backend_uart.o
 .text.serial_tx
                0x000007cc       0x50 _build/microbit_nrf_log_backend_uart.o
 .text.nrf_log_backend_uart_panic_set
                0x0000081c       0x2c _build/microbit_nrf_log_backend_uart.o
 .text.nrf_log_backend_uart_init
                0x00000848        0x4 _build/microbit_nrf_log_backend_uart.o
                0x00000848                nrf_log_backend_uart_init
 .text._write   0x0000084c       0x2c _build/microbit_retarget.o
                0x0000084c                _write
 .text._read    0x00000878       0x30 _build/microbit_retarget.o
                0x00000878                _read
 .text.app_error_handler
                0x000008a8       0x1a _build/app_error_handler_gcc.o
                0x000008a8                app_error_handler
 *fill*         0x000008c2        0x2 
 .text.nrfx_coredep_delay_us.part.0.constprop.0
                0x000008c4       0x10 _build/app_timer.o
 .text.RTC1_IRQHandler
                0x000008d4       0x9c _build/app_timer.o
                0x000008d4                RTC1_IRQHandler
 .text.SWI0_EGU0_IRQHandler
                0x00000970      0x2b0 _build/app_timer.o
                0x00000970                SWI0_EGU0_IRQHandler
 .text.app_util_disable_irq
                0x00000c20       0x10 _build/app_util_platform.o
                0x00000c20                app_util_disable_irq
 .text.app_util_enable_irq
                0x00000c30       0x14 _build/app_util_platform.o
                0x00000c30                app_util_enable_irq
 .text.privilege_level_get
                0x00000c44       0x1a _build/app_util_platform.o
                0x00000c44                privilege_level_get
 *fill*         0x00000c5e        0x2 
 .text.app_util_critical_region_enter
                0x00000c60       0x20 _build/app_util_platform.o
                0x00000c60                app_util_critical_region_enter
 .text.app_util_critical_region_exit
                0x00000c80       0x20 _build/app_util_platform.o
                0x00000c80                app_util_critical_region_exit
 .text.HardFault_Handler
                0x00000ca0       0x34 _build/hardfault_handler_gcc.o
                0x00000ca0                HardFault_Handler
 .text.assert_nrf_callback
                0x00000cd4       0x1a _build/nrf_assert.o
                0x00000cd4                assert_nrf_callback
 .text.nrf_atomic_u32_fetch_store
                0x00000cee       0x16 _build/nrf_atomic.o
                0x00000cee                nrf_atomic_u32_fetch_store
 .text.nrf_atomic_u32_or
                0x00000d04       0x18 _build/nrf_atomic.o
                0x00000d04                nrf_atomic_u32_or
 .text.nrf_atomic_u32_fetch_and
                0x00000d1c       0x18 _build/nrf_atomic.o
                0x00000d1c                nrf_atomic_u32_fetch_and
 .text.nrf_atomic_u32_add
                0x00000d34       0x18 _build/nrf_atomic.o
                0x00000d34                nrf_atomic_u32_add
 .text.nrf_atomic_u32_sub
                0x00000d4c       0x18 _build/nrf_atomic.o
                0x00000d4c                nrf_atomic_u32_sub
 .text.nrf_atomic_flag_set
                0x00000d64        0x6 _build/nrf_atomic.o
                0x00000d64                nrf_atomic_flag_set
 .text.nrf_atomic_flag_clear_fetch
                0x00000d6a        0x6 _build/nrf_atomic.o
                0x00000d6a                nrf_atomic_flag_clear_fetch
 .text.nrf_balloc_init
                0x00000d70       0x7c _build/nrf_balloc.o
                0x00000d70                nrf_balloc_init
 .text.nrf_balloc_alloc
                0x00000dec       0x54 _build/nrf_balloc.o
                0x00000dec                nrf_balloc_alloc
 .text.nrf_balloc_free
                0x00000e40       0x48 _build/nrf_balloc.o
                0x00000e40                nrf_balloc_free
 .text.uarte_evt_handler
                0x00000e88       0x34 _build/nrf_drv_uart.o
 .text.uart_evt_handler
                0x00000ebc       0x34 _build/nrf_drv_uart.o
 .text.nrf_drv_uart_init
                0x00000ef0       0x7c _build/nrf_drv_uart.o
                0x00000ef0                nrf_drv_uart_init
 .text.nrf_fprintf_buffer_flush
                0x00000f6c       0x24 _build/nrf_fprintf.o
                0x00000f6c                nrf_fprintf_buffer_flush
 .text.nrf_fprintf
                0x00000f90       0x54 _build/nrf_fprintf.o
                0x00000f90                nrf_fprintf
 .text.buffer_add
                0x00000fe4       0x1e _build/nrf_fprintf_format.o
 *fill*         0x00001002        0x2 
 .text.unsigned_print
                0x00001004       0xb4 _build/nrf_fprintf_format.o
 .text.nrf_fprintf_fmt
                0x000010b8      0x2f8 _build/nrf_fprintf_format.o
                0x000010b8                nrf_fprintf_fmt
 .text.nrf_log_backend_serial_put
                0x000013b0       0xc2 _build/nrf_log_backend_serial.o
                0x000013b0                nrf_log_backend_serial_put
 *fill*         0x00001472        0x2 
 .text.nrf_log_default_backends_init
                0x00001474       0x30 _build/nrf_log_default_backends.o
                0x00001474                nrf_log_default_backends_init
 .text.invalid_packets_omit
                0x000014a4       0x38 _build/nrf_log_frontend.o
 .text.buf_prealloc
                0x000014dc      0x140 _build/nrf_log_frontend.o
 .text.nrf_log_init
                0x0000161c       0x3c _build/nrf_log_frontend.o
                0x0000161c                nrf_log_init
 .text.nrf_log_module_name_get
                0x00001658       0x38 _build/nrf_log_frontend.o
                0x00001658                nrf_log_module_name_get
 .text.nrf_log_color_id_get
                0x00001690       0x2c _build/nrf_log_frontend.o
                0x00001690                nrf_log_color_id_get
 .text.buffer_is_empty
                0x000016bc       0x14 _build/nrf_log_frontend.o
                0x000016bc                buffer_is_empty
 .text.nrf_log_frontend_dequeue
                0x000016d0      0x220 _build/nrf_log_frontend.o
                0x000016d0                nrf_log_frontend_dequeue
 .text.std_n    0x000018f0       0xb8 _build/nrf_log_frontend.o
 .text.nrf_log_frontend_std_0
                0x000019a8        0x8 _build/nrf_log_frontend.o
                0x000019a8                nrf_log_frontend_std_0
 .text.nrf_log_frontend_std_1
                0x000019b0       0x12 _build/nrf_log_frontend.o
                0x000019b0                nrf_log_frontend_std_1
 .text.nrf_log_frontend_std_3
                0x000019c2       0x18 _build/nrf_log_frontend.o
                0x000019c2                nrf_log_frontend_std_3
 .text.nrf_log_frontend_std_4
                0x000019da       0x1c _build/nrf_log_frontend.o
                0x000019da                nrf_log_frontend_std_4
 *fill*         0x000019f6        0x2 
 .text.nrf_log_backend_add
                0x000019f8       0x54 _build/nrf_log_frontend.o
                0x000019f8                nrf_log_backend_add
 .text.nrf_log_panic
                0x00001a4c       0x28 _build/nrf_log_frontend.o
                0x00001a4c                nrf_log_panic
 .text.postfix_process
                0x00001a74       0x3c _build/nrf_log_str_formatter.o
 .text.prefix_process.constprop.0
                0x00001ab0       0x78 _build/nrf_log_str_formatter.o
 .text.nrf_log_std_entry_process
                0x00001b28       0xc8 _build/nrf_log_str_formatter.o
                0x00001b28                nrf_log_std_entry_process
 .text.nrf_log_hexdump_entry_process
                0x00001bf0       0xbc _build/nrf_log_str_formatter.o
                0x00001bf0                nrf_log_hexdump_entry_process
 .text.memobj_op
                0x00001cac       0xa8 _build/nrf_memobj.o
 .text.nrf_memobj_pool_init
                0x00001d54        0x4 _build/nrf_memobj.o
                0x00001d54                nrf_memobj_pool_init
 .text.nrf_memobj_free
                0x00001d58       0x2c _build/nrf_memobj.o
                0x00001d58                nrf_memobj_free
 .text.nrf_memobj_alloc
                0x00001d84       0x58 _build/nrf_memobj.o
                0x00001d84                nrf_memobj_alloc
 .text.nrf_memobj_get
                0x00001ddc        0x8 _build/nrf_memobj.o
                0x00001ddc                nrf_memobj_get
 .text.nrf_memobj_put
                0x00001de4       0x1c _build/nrf_memobj.o
                0x00001de4                nrf_memobj_put
 .text.nrf_memobj_write
                0x00001e00       0x2c _build/nrf_memobj.o
                0x00001e00                nrf_memobj_write
 .text.nrf_memobj_read
                0x00001e2c       0x30 _build/nrf_memobj.o
                0x00001e2c                nrf_memobj_read
 .text.nrf_ringbuf_init
                0x00001e5c       0x1c _build/nrf_ringbuf.o
                0x00001e5c                nrf_ringbuf_init
 .text.nrf_strerror_find
                0x00001e78       0x34 _build/nrf_strerror.o
                0x00001e78                nrf_strerror_find
 .text.nrf_strerror_get
                0x00001eac       0x14 _build/nrf_strerror.o
                0x00001eac                nrf_strerror_get
 .text.nrf_gpiote_event_clear
                0x00001ec0       0x18 _build/nrfx_gpiote.o
 .text.nrf_bitmask_bit_set
                0x00001ed8       0x12 _build/nrfx_gpiote.o
 *fill*         0x00001eea        0x2 
 .text.nrf_gpio_pin_port_decode
                0x00001eec       0x30 _build/nrfx_gpiote.o
 .text.nrf_gpio_cfg_sense_set
                0x00001f1c       0x2e _build/nrfx_gpiote.o
 *fill*         0x00001f4a        0x2 
 .text.nrf_gpio_ports_read.constprop.0
                0x00001f4c       0x18 _build/nrfx_gpiote.o
 .text.GPIOTE_IRQHandler
                0x00001f64      0x19c _build/nrfx_gpiote.o
                0x00001f64                GPIOTE_IRQHandler
 .text.UARTE0_UART0_IRQHandler
                0x00002100       0x20 _build/nrfx_prs.o
                0x00002100                UARTE0_UART0_IRQHandler
 .text.nrfx_prs_acquire
                0x00002120       0x44 _build/nrfx_prs.o
                0x00002120                nrfx_prs_acquire
 .text.nrfx_prs_release
                0x00002164       0x28 _build/nrfx_prs.o
                0x00002164                nrfx_prs_release
 .text.nrf_pwm_event_clear
                0x0000218c       0x10 _build/nrfx_pwm.o
 .text.irq_handler
                0x0000219c       0x80 _build/nrfx_pwm.o
 .text.PWM0_IRQHandler
                0x0000221c       0x10 _build/nrfx_pwm.o
                0x0000221c                PWM0_IRQHandler
 .text.PWM1_IRQHandler
                0x0000222c       0x10 _build/nrfx_pwm.o
                0x0000222c                PWM1_IRQHandler
 .text.nrf_saadc_event_clear
                0x0000223c       0x18 _build/nrfx_saadc.o
 .text.SAADC_IRQHandler
                0x00002254      0x15c _build/nrfx_saadc.o
                0x00002254                SAADC_IRQHandler
 .text.nrf_gpio_pin_port_decode
                0x000023b0       0x30 _build/nrfx_spim.o
 .text.nrf_gpio_pin_clear
                0x000023e0       0x1a _build/nrfx_spim.o
 .text.nrf_gpio_pin_set
                0x000023fa       0x1a _build/nrfx_spim.o
 .text.SPIM2_SPIS2_SPI2_IRQHandler
                0x00002414       0x64 _build/nrfx_spim.o
                0x00002414                SPIM2_SPIS2_SPI2_IRQHandler
 .text.irq_handler.constprop.0
                0x00002478       0x4c _build/nrfx_timer.o
 .text.TIMER0_IRQHandler
                0x000024c4       0x10 _build/nrfx_timer.o
                0x000024c4                TIMER0_IRQHandler
 .text.TIMER1_IRQHandler
                0x000024d4       0x10 _build/nrfx_timer.o
                0x000024d4                TIMER1_IRQHandler
 .text.nrf_twim_event_clear
                0x000024e4       0x10 _build/nrfx_twim.o
 .text.xfer_completeness_check
                0x000024f4       0x6c _build/nrfx_twim.o
 .text.twim_irq_handler
                0x00002560      0x138 _build/nrfx_twim.o
 .text.SPIM0_SPIS0_TWIM0_TWIS0_SPI0_TWI0_IRQHandler
                0x00002698       0x10 _build/nrfx_twim.o
                0x00002698                SPIM0_SPIS0_TWIM0_TWIS0_SPI0_TWI0_IRQHandler
 .text.SPIM1_SPIS1_TWIM1_TWIS1_SPI1_TWI1_IRQHandler
                0x000026a8       0x10 _build/nrfx_twim.o
                0x000026a8                SPIM1_SPIS1_TWIM1_TWIS1_SPI1_TWI1_IRQHandler
 .text.nrf_uart_event_clear
                0x000026b8       0x10 _build/nrfx_uart.o
 .text.tx_byte  0x000026c8       0x1e _build/nrfx_uart.o
 .text.rx_enable
                0x000026e6       0x20 _build/nrfx_uart.o
 *fill*         0x00002706        0x2 
 .text.nrf_gpio_pin_port_decode
                0x00002708       0x30 _build/nrfx_uart.o
 .text.nrf_gpio_cfg_default
                0x00002738       0x1c _build/nrfx_uart.o
 .text.rx_byte  0x00002754       0x2c _build/nrfx_uart.o
 .text.rx_done_event.constprop.0
                0x00002780       0x20 _build/nrfx_uart.o
 .text.nrfx_uart_0_irq_handler
                0x000027a0      0x144 _build/nrfx_uart.o
                0x000027a0                nrfx_uart_0_irq_handler
 .text.nrfx_uart_init
                0x000028e4      0x1d8 _build/nrfx_uart.o
                0x000028e4                nrfx_uart_init
 .text.nrfx_uart_uninit
                0x00002abc       0xc0 _build/nrfx_uart.o
                0x00002abc                nrfx_uart_uninit
 .text.nrfx_uart_tx_in_progress
                0x00002b7c       0x18 _build/nrfx_uart.o
                0x00002b7c                nrfx_uart_tx_in_progress
 .text.nrfx_uart_tx
                0x00002b94       0xe0 _build/nrfx_uart.o
                0x00002b94                nrfx_uart_tx
 .text.nrfx_uart_rx
                0x00002c74      0x128 _build/nrfx_uart.o
                0x00002c74                nrfx_uart_rx
 .text.nrf_uarte_event_clear
                0x00002d9c       0x10 _build/nrfx_uarte.o
 .text.rx_done_event
                0x00002dac       0x1a _build/nrfx_uarte.o
 *fill*         0x00002dc6        0x2 
 .text.nrf_gpio_pin_port_decode
                0x00002dc8       0x30 _build/nrfx_uarte.o
 .text.nrf_gpio_cfg_default
                0x00002df8       0x1c _build/nrfx_uarte.o
 .text.uarte_irq_handler
                0x00002e14      0x10a _build/nrfx_uarte.o
 *fill*         0x00002f1e        0x2 
 .text.nrfx_uarte_0_irq_handler
                0x00002f20       0x10 _build/nrfx_uarte.o
                0x00002f20                nrfx_uarte_0_irq_handler
 .text.UARTE1_IRQHandler
                0x00002f30       0x10 _build/nrfx_uarte.o
                0x00002f30                UARTE1_IRQHandler
 .text.nrfx_uarte_init
                0x00002f40      0x1f4 _build/nrfx_uarte.o
                0x00002f40                nrfx_uarte_init
 .text.nrfx_uarte_uninit
                0x00003134       0xec _build/nrfx_uarte.o
                0x00003134                nrfx_uarte_uninit
 .text.nrfx_uarte_tx_in_progress
                0x00003220       0x18 _build/nrfx_uarte.o
                0x00003220                nrfx_uarte_tx_in_progress
 .text.nrfx_uarte_tx
                0x00003238       0xf4 _build/nrfx_uarte.o
                0x00003238                nrfx_uarte_tx
 .text.nrfx_uarte_rx
                0x0000332c      0x13c _build/nrfx_uarte.o
                0x0000332c                nrfx_uarte_rx
 .text.last_rx_frame_timestamp_get
                0x00003468       0x20 _build/nrf_802154.o
 .text.nrf_802154_channel_set
                0x00003488       0x1e _build/nrf_802154.o
                0x00003488                nrf_802154_channel_set
 .text.nrf_802154_pan_id_set
                0x000034a6        0x4 _build/nrf_802154.o
                0x000034a6                nrf_802154_pan_id_set
 .text.nrf_802154_extended_address_set
                0x000034aa        0x4 _build/nrf_802154.o
                0x000034aa                nrf_802154_extended_address_set
 .text.nrf_802154_init
                0x000034ae       0x4a _build/nrf_802154.o
                0x000034ae                nrf_802154_init
 .text.nrf_802154_transmit_raw
                0x000034f8       0x18 _build/nrf_802154.o
                0x000034f8                nrf_802154_transmit_raw
 .text.nrf_802154_buffer_free_raw
                0x00003510       0x38 _build/nrf_802154.o
                0x00003510                nrf_802154_buffer_free_raw
 .text.nrf_802154_tx_ack_started
                0x00003548        0x2 _build/nrf_802154.o
                0x00003548                nrf_802154_tx_ack_started
 .text.nrf_802154_received_timestamp_raw
                0x0000354a        0x4 _build/nrf_802154.o
                0x0000354a                nrf_802154_received_timestamp_raw
 .text.nrf_802154_received_raw
                0x0000354e       0x1a _build/nrf_802154.o
                0x0000354e                nrf_802154_received_raw
 .text.nrf_802154_receive_failed
                0x00003568        0x2 _build/nrf_802154.o
                0x00003568                nrf_802154_receive_failed
 .text.nrf_802154_energy_detected
                0x0000356a        0x2 _build/nrf_802154.o
                0x0000356a                nrf_802154_energy_detected
 .text.nrf_802154_energy_detection_failed
                0x0000356c        0x2 _build/nrf_802154.o
                0x0000356c                nrf_802154_energy_detection_failed
 .text.nrf_802154_cca_done
                0x0000356e        0x2 _build/nrf_802154.o
                0x0000356e                nrf_802154_cca_done
 .text.nrf_802154_cca_failed
                0x00003570        0x2 _build/nrf_802154.o
                0x00003570                nrf_802154_cca_failed
 .text.nrf_radio_event_clear
                0x00003572       0x18 _build/nrf_802154_core.o
 *fill*         0x0000358a        0x2 
 .text.rx_buffer_is_available
                0x0000358c       0x14 _build/nrf_802154_core.o
 .text.rx_buffer_get
                0x000035a0       0x14 _build/nrf_802154_core.o
 .text.ppi_and_egu_delay_wait
                0x000035b4        0xe _build/nrf_802154_core.o
 *fill*         0x000035c2        0x2 
 .text.ppi_egu_worked
                0x000035c4       0x2c _build/nrf_802154_core.o
 .text.ppis_for_egu_and_ramp_up_set
                0x000035f0       0x5c _build/nrf_802154_core.o
 .text.fem_for_lna_reset
                0x0000364c       0x24 _build/nrf_802154_core.o
 .text.falling_asleep_terminate
                0x00003670       0x18 _build/nrf_802154_core.o
 .text.ed_iter_setup
                0x00003688       0x44 _build/nrf_802154_core.o
 .text.cca_configuration_update
                0x000036cc       0x38 _build/nrf_802154_core.o
 .text.sleep_init
                0x00003704       0x10 _build/nrf_802154_core.o
 .text.rssi_last_measurement_get
                0x00003714       0x1c _build/nrf_802154_core.o
 .text.received_frame_notify
                0x00003730       0x2e _build/nrf_802154_core.o
 *fill*         0x0000375e        0x2 
 .text.transmit_failed_notify
                0x00003760       0x24 _build/nrf_802154_core.o
 .text.receive_failed_notify
                0x00003784       0x16 _build/nrf_802154_core.o
 .text.received_frame_notify_and_nesting_allow
                0x0000379a       0x16 _build/nrf_802154_core.o
 .text.rx_terminate
                0x000037b0       0x64 _build/nrf_802154_core.o
 .text.rx_ack_terminate
                0x00003814       0x5c _build/nrf_802154_core.o
 .text.ed_terminate
                0x00003870       0x50 _build/nrf_802154_core.o
 .text.cca_terminate
                0x000038c0       0x50 _build/nrf_802154_core.o
 .text.fem_for_tx_reset
                0x00003910       0x54 _build/nrf_802154_core.o
 .text.tx_terminate
                0x00003964       0x54 _build/nrf_802154_core.o
 .text.current_operation_terminate
                0x000039b8      0x170 _build/nrf_802154_core.o
 .text.nrf_egu_event_clear.constprop.0
                0x00003b28       0x1c _build/nrf_802154_core.o
 .text.tx_init  0x00003b44       0xc4 _build/nrf_802154_core.o
 .text.cca_init
                0x00003c08       0x5c _build/nrf_802154_core.o
 .text.rx_restart
                0x00003c64       0x68 _build/nrf_802154_core.o
 .text.continuous_carrier_init.part.0
                0x00003ccc       0x30 _build/nrf_802154_core.o
 .text.ed_init  0x00003cfc       0x54 _build/nrf_802154_core.o
 .text.channel_set
                0x00003d50       0x40 _build/nrf_802154_core.o
 .text.irq_deinit
                0x00003d90       0x28 _build/nrf_802154_core.o
 .text.critical_section_can_be_processed_now
                0x00003db8       0x20 _build/nrf_802154_core.o
 .text.critical_section_enter_and_verify_timeslot_length
                0x00003dd8       0x16 _build/nrf_802154_core.o
 *fill*         0x00003dee        0x2 
 .text.rx_init  0x00003df0      0x144 _build/nrf_802154_core.o
 .text.nrf_802154_rsch_crit_sect_prio_changed
                0x00003f34      0x250 _build/nrf_802154_core.o
                0x00003f34                nrf_802154_rsch_crit_sect_prio_changed
 .text.nrf_802154_core_init
                0x00004184       0x44 _build/nrf_802154_core.o
                0x00004184                nrf_802154_core_init
 .text.nrf_802154_core_receive
                0x000041c8       0x60 _build/nrf_802154_core.o
                0x000041c8                nrf_802154_core_receive
 .text.nrf_802154_core_transmit
                0x00004228       0x78 _build/nrf_802154_core.o
                0x00004228                nrf_802154_core_transmit
 .text.nrf_802154_core_notify_buffer_free
                0x000042a0       0xbc _build/nrf_802154_core.o
                0x000042a0                nrf_802154_core_notify_buffer_free
 .text.nrf_802154_core_channel_update
                0x0000435c       0x60 _build/nrf_802154_core.o
                0x0000435c                nrf_802154_core_channel_update
 .text.RADIO_IRQHandler
                0x000043bc      0x8c0 _build/nrf_802154_core.o
                0x000043bc                RADIO_IRQHandler
 .text.nrf_802154_core_hooks_terminate
                0x00004c7c       0x28 _build/nrf_802154_core_hooks.o
                0x00004c7c                nrf_802154_core_hooks_terminate
 .text.nrf_802154_core_hooks_transmitted
                0x00004ca4        0x4 _build/nrf_802154_core_hooks.o
                0x00004ca4                nrf_802154_core_hooks_transmitted
 .text.nrf_802154_core_hooks_tx_failed
                0x00004ca8       0x28 _build/nrf_802154_core_hooks.o
                0x00004ca8                nrf_802154_core_hooks_tx_failed
 .text.nrf_802154_core_hooks_tx_started
                0x00004cd0       0x24 _build/nrf_802154_core_hooks.o
                0x00004cd0                nrf_802154_core_hooks_tx_started
 .text.nrf_802154_core_hooks_rx_started
                0x00004cf4        0x4 _build/nrf_802154_core_hooks.o
                0x00004cf4                nrf_802154_core_hooks_rx_started
 .text.nrf_802154_core_hooks_rx_ack_started
                0x00004cf8        0x4 _build/nrf_802154_core_hooks.o
                0x00004cf8                nrf_802154_core_hooks_rx_ack_started
 .text.critical_section_enter.part.0
                0x00004cfc       0x78 _build/nrf_802154_critical_section.o
 .text.nrf_802154_critical_section_init
                0x00004d74       0x18 _build/nrf_802154_critical_section.o
                0x00004d74                nrf_802154_critical_section_init
 .text.nrf_802154_critical_section_forcefully_enter
                0x00004d8c       0x24 _build/nrf_802154_critical_section.o
                0x00004d8c                nrf_802154_critical_section_forcefully_enter
 .text.nrf_802154_critical_section_nesting_deny
                0x00004db0       0x48 _build/nrf_802154_critical_section.o
                0x00004db0                nrf_802154_critical_section_nesting_deny
 .text.nrf_802154_critical_section_active_vector_priority_get
                0x00004df8       0x60 _build/nrf_802154_critical_section.o
                0x00004df8                nrf_802154_critical_section_active_vector_priority_get
 .text.critical_section_enter.constprop.0
                0x00004e58       0x34 _build/nrf_802154_critical_section.o
 .text.nrf_802154_critical_section_exit
                0x00004e8c       0xc0 _build/nrf_802154_critical_section.o
                0x00004e8c                nrf_802154_critical_section_exit
 .text.nrf_802154_critical_section_enter
                0x00004f4c        0x4 _build/nrf_802154_critical_section.o
                0x00004f4c                nrf_802154_critical_section_enter
 .text.nrf_802154_critical_section_nesting_allow
                0x00004f50       0x4c _build/nrf_802154_critical_section.o
                0x00004f50                nrf_802154_critical_section_nesting_allow
 .text.nrf_802154_debug_init
                0x00004f9c        0x2 _build/nrf_802154_debug.o
                0x00004f9c                nrf_802154_debug_init
 *fill*         0x00004f9e        0x2 
 .text.nrf_802154_pib_init
                0x00004fa0       0x38 _build/nrf_802154_pib.o
                0x00004fa0                nrf_802154_pib_init
 .text.nrf_802154_pib_promiscuous_get
                0x00004fd8       0x10 _build/nrf_802154_pib.o
                0x00004fd8                nrf_802154_pib_promiscuous_get
 .text.nrf_802154_pib_auto_ack_get
                0x00004fe8       0x10 _build/nrf_802154_pib.o
                0x00004fe8                nrf_802154_pib_auto_ack_get
 .text.nrf_802154_pib_pan_coord_get
                0x00004ff8       0x10 _build/nrf_802154_pib.o
                0x00004ff8                nrf_802154_pib_pan_coord_get
 .text.nrf_802154_pib_channel_get
                0x00005008        0xc _build/nrf_802154_pib.o
                0x00005008                nrf_802154_pib_channel_get
 .text.nrf_802154_pib_channel_set
                0x00005014       0x10 _build/nrf_802154_pib.o
                0x00005014                nrf_802154_pib_channel_set
 .text.nrf_802154_pib_tx_power_get
                0x00005024       0x5c _build/nrf_802154_pib.o
                0x00005024                nrf_802154_pib_tx_power_get
 .text.nrf_802154_pib_pan_id_get
                0x00005080        0x8 _build/nrf_802154_pib.o
                0x00005080                nrf_802154_pib_pan_id_get
 .text.nrf_802154_pib_pan_id_set
                0x00005088       0x10 _build/nrf_802154_pib.o
                0x00005088                nrf_802154_pib_pan_id_set
 .text.nrf_802154_pib_extended_address_get
                0x00005098        0x8 _build/nrf_802154_pib.o
                0x00005098                nrf_802154_pib_extended_address_get
 .text.nrf_802154_pib_extended_address_set
                0x000050a0       0x10 _build/nrf_802154_pib.o
                0x000050a0                nrf_802154_pib_extended_address_set
 .text.nrf_802154_pib_short_address_get
                0x000050b0        0x8 _build/nrf_802154_pib.o
                0x000050b0                nrf_802154_pib_short_address_get
 .text.nrf_802154_pib_cca_cfg_get
                0x000050b8        0xc _build/nrf_802154_pib.o
                0x000050b8                nrf_802154_pib_cca_cfg_get
 .text.nrf_802154_rssi_sample_temp_corr_value_get
                0x000050c4       0x42 _build/nrf_802154_rssi.o
                0x000050c4                nrf_802154_rssi_sample_temp_corr_value_get
 .text.nrf_802154_rssi_sample_corrected_get
                0x00005106        0xe _build/nrf_802154_rssi.o
                0x00005106                nrf_802154_rssi_sample_corrected_get
 .text.nrf_802154_rssi_lqi_corrected_get
                0x00005114        0xe _build/nrf_802154_rssi.o
                0x00005114                nrf_802154_rssi_lqi_corrected_get
 .text.nrf_802154_rssi_ed_corrected_get
                0x00005122        0xe _build/nrf_802154_rssi.o
                0x00005122                nrf_802154_rssi_ed_corrected_get
 .text.nrf_802154_rssi_cca_ed_threshold_corrected_get
                0x00005130        0xe _build/nrf_802154_rssi.o
                0x00005130                nrf_802154_rssi_cca_ed_threshold_corrected_get
 *fill*         0x0000513e        0x2 
 .text.nrf_802154_rx_buffer_init
                0x00005140       0x1c _build/nrf_802154_rx_buffer.o
                0x00005140                nrf_802154_rx_buffer_init
 .text.nrf_802154_rx_buffer_free_find
                0x0000515c       0x24 _build/nrf_802154_rx_buffer.o
                0x0000515c                nrf_802154_rx_buffer_free_find
 .text.nrf_802154_timer_coord_init
                0x00005180       0x48 _build/nrf_802154_timer_coord.o
                0x00005180                nrf_802154_timer_coord_init
 .text.nrf_802154_timer_coord_start
                0x000051c8       0x1c _build/nrf_802154_timer_coord.o
                0x000051c8                nrf_802154_timer_coord_start
 .text.nrf_802154_timer_coord_stop
                0x000051e4        0xe _build/nrf_802154_timer_coord.o
                0x000051e4                nrf_802154_timer_coord_stop
 *fill*         0x000051f2        0x2 
 .text.nrf_802154_timer_coord_timestamp_prepare
                0x000051f4       0x28 _build/nrf_802154_timer_coord.o
                0x000051f4                nrf_802154_timer_coord_timestamp_prepare
 .text.nrf_802154_timer_coord_timestamp_get
                0x0000521c       0xbc _build/nrf_802154_timer_coord.o
                0x0000521c                nrf_802154_timer_coord_timestamp_get
 .text.nrf_802154_lp_timer_synchronized
                0x000052d8       0xbc _build/nrf_802154_timer_coord.o
                0x000052d8                nrf_802154_lp_timer_synchronized
 .text.nrf_802154_fal_tx_power_get
                0x00005394        0x4 _build/nrf_802154_fal.o
                0x00005394                nrf_802154_fal_tx_power_get
 .text.random_backoff_start
                0x00005398       0x44 _build/nrf_802154_csma_ca.o
 .text.channel_busy
                0x000053dc       0x40 _build/nrf_802154_csma_ca.o
 .text.frame_transmit
                0x0000541c       0x3c _build/nrf_802154_csma_ca.o
 .text.notify_busy_channel
                0x00005458       0x20 _build/nrf_802154_csma_ca.o
 .text.nrf_802154_csma_ca_abort
                0x00005478       0x2c _build/nrf_802154_csma_ca.o
                0x00005478                nrf_802154_csma_ca_abort
 .text.nrf_802154_csma_ca_tx_failed_hook
                0x000054a4       0x14 _build/nrf_802154_csma_ca.o
                0x000054a4                nrf_802154_csma_ca_tx_failed_hook
 .text.nrf_802154_csma_ca_tx_started_hook
                0x000054b8       0x40 _build/nrf_802154_csma_ca.o
                0x000054b8                nrf_802154_csma_ca_tx_started_hook
 .text.dly_rx_state_set
                0x000054f8       0x38 _build/nrf_802154_delayed_trx.o
 .text.nrf_802154_delayed_trx_abort
                0x00005530       0x4c _build/nrf_802154_delayed_trx.o
                0x00005530                nrf_802154_delayed_trx_abort
 .text.nrf_802154_delayed_trx_rx_started_hook
                0x0000557c       0x2c _build/nrf_802154_delayed_trx.o
                0x0000557c                nrf_802154_delayed_trx_rx_started_hook
 .text.nrf_802154_filter_frame_part
                0x000055a8      0x144 _build/nrf_802154_filter.o
                0x000055a8                nrf_802154_filter_frame_part
 .text.addressing_offset_get
                0x000056ec       0x18 _build/nrf_802154_frame_parser.o
 .text.src_addr_size_get
                0x00005704       0x22 _build/nrf_802154_frame_parser.o
 *fill*         0x00005726        0x2 
 .text.dst_addr_size_get
                0x00005728       0x10 _build/nrf_802154_frame_parser.o
 .text.dst_panid_is_present
                0x00005738       0x3e _build/nrf_802154_frame_parser.o
 .text.src_panid_is_present
                0x00005776       0x44 _build/nrf_802154_frame_parser.o
 .text.nrf_802154_frame_parser_src_addr_is_extended
                0x000057ba       0x10 _build/nrf_802154_frame_parser.o
                0x000057ba                nrf_802154_frame_parser_src_addr_is_extended
 .text.nrf_802154_frame_parser_src_addr_is_short
                0x000057ca       0x10 _build/nrf_802154_frame_parser.o
                0x000057ca                nrf_802154_frame_parser_src_addr_is_short
 .text.nrf_802154_frame_parser_dsn_suppress_bit_is_set
                0x000057da        0x8 _build/nrf_802154_frame_parser.o
                0x000057da                nrf_802154_frame_parser_dsn_suppress_bit_is_set
 .text.nrf_802154_frame_parser_ar_bit_is_set
                0x000057e2        0x8 _build/nrf_802154_frame_parser.o
                0x000057e2                nrf_802154_frame_parser_ar_bit_is_set
 .text.nrf_802154_frame_parser_dst_panid_offset_get
                0x000057ea       0x16 _build/nrf_802154_frame_parser.o
                0x000057ea                nrf_802154_frame_parser_dst_panid_offset_get
 .text.nrf_802154_frame_parser_dst_addr_offset_get
                0x00005800       0x24 _build/nrf_802154_frame_parser.o
                0x00005800                nrf_802154_frame_parser_dst_addr_offset_get
 .text.nrf_802154_frame_parser_dst_addr_end_offset_get
                0x00005824       0x2a _build/nrf_802154_frame_parser.o
                0x00005824                nrf_802154_frame_parser_dst_addr_end_offset_get
 .text.nrf_802154_frame_parser_src_panid_offset_get
                0x0000584e       0x4e _build/nrf_802154_frame_parser.o
                0x0000584e                nrf_802154_frame_parser_src_panid_offset_get
 .text.nrf_802154_frame_parser_src_addr_offset_get
                0x0000589c       0x4e _build/nrf_802154_frame_parser.o
                0x0000589c                nrf_802154_frame_parser_src_addr_offset_get
 .text.nrf_802154_frame_parser_src_addr_get
                0x000058ea       0x2c _build/nrf_802154_frame_parser.o
                0x000058ea                nrf_802154_frame_parser_src_addr_get
 .text.nrf_802154_frame_parser_mhr_parse
                0x00005916       0xa0 _build/nrf_802154_frame_parser.o
                0x00005916                nrf_802154_frame_parser_mhr_parse
 *fill*         0x000059b6        0x2 
 .text.timeout_timer_stop
                0x000059b8       0x18 _build/nrf_802154_precise_ack_timeout.o
 .text.notify_tx_error
                0x000059d0       0x14 _build/nrf_802154_precise_ack_timeout.o
 .text.timeout_timer_fired
                0x000059e4       0x60 _build/nrf_802154_precise_ack_timeout.o
 .text.nrf_802154_ack_timeout_tx_started_hook
                0x00005a44       0x50 _build/nrf_802154_precise_ack_timeout.o
                0x00005a44                nrf_802154_ack_timeout_tx_started_hook
 .text.nrf_802154_ack_timeout_abort
                0x00005a94       0x1c _build/nrf_802154_precise_ack_timeout.o
                0x00005a94                nrf_802154_ack_timeout_abort
 .text.nrf_802154_ack_timeout_transmitted_hook
                0x00005ab0       0x38 _build/nrf_802154_precise_ack_timeout.o
                0x00005ab0                nrf_802154_ack_timeout_transmitted_hook
 .text.nrf_802154_ack_timeout_rx_ack_started_hook
                0x00005ae8       0x2c _build/nrf_802154_precise_ack_timeout.o
                0x00005ae8                nrf_802154_ack_timeout_rx_ack_started_hook
 .text.nrf_802154_ack_timeout_tx_failed_hook
                0x00005b14       0x38 _build/nrf_802154_precise_ack_timeout.o
                0x00005b14                nrf_802154_ack_timeout_tx_failed_hook
 .text.addr_index_find
                0x00005b4c       0xc0 _build/nrf_802154_ack_data.o
 .text.nrf_802154_ack_data_init
                0x00005c0c       0x34 _build/nrf_802154_ack_data.o
                0x00005c0c                nrf_802154_ack_data_init
 .text.nrf_802154_ack_data_pending_bit_should_be_set
                0x00005c40       0xa4 _build/nrf_802154_ack_data.o
                0x00005c40                nrf_802154_ack_data_pending_bit_should_be_set
 .text.nrf_802154_ack_data_ie_get
                0x00005ce4       0x48 _build/nrf_802154_ack_data.o
                0x00005ce4                nrf_802154_ack_data_ie_get
 .text.nrf_802154_ack_generator_init
                0x00005d2c        0xe _build/nrf_802154_ack_generator.o
                0x00005d2c                nrf_802154_ack_generator_init
 *fill*         0x00005d3a        0x2 
 .text.nrf_802154_ack_generator_create
                0x00005d3c       0x48 _build/nrf_802154_ack_generator.o
                0x00005d3c                nrf_802154_ack_generator_create
 .text.nrf_802154_enh_ack_generator_init
                0x00005d84        0x2 _build/nrf_802154_enh_ack_generator.o
                0x00005d84                nrf_802154_enh_ack_generator_init
 *fill*         0x00005d86        0x2 
 .text.nrf_802154_enh_ack_generator_create
                0x00005d88      0x1f4 _build/nrf_802154_enh_ack_generator.o
                0x00005d88                nrf_802154_enh_ack_generator_create
 .text.nrf_802154_imm_ack_generator_init
                0x00005f7c       0x24 _build/nrf_802154_imm_ack_generator.o
                0x00005f7c                nrf_802154_imm_ack_generator_init
 .text.nrf_802154_imm_ack_generator_create
                0x00005fa0       0x20 _build/nrf_802154_imm_ack_generator.o
                0x00005fa0                nrf_802154_imm_ack_generator_create
 .text.prec_approved_prio_set
                0x00005fc0       0x38 _build/nrf_802154_rsch.o
 .text.all_prec_update
                0x00005ff8       0xf8 _build/nrf_802154_rsch.o
 .text.notify_core
                0x000060f0       0x88 _build/nrf_802154_rsch.o
 .text.nrf_802154_rsch_init
                0x00006178       0x50 _build/nrf_802154_rsch.o
                0x00006178                nrf_802154_rsch_init
 .text.nrf_802154_rsch_continuous_mode_priority_set
                0x000061c8       0x1c _build/nrf_802154_rsch.o
                0x000061c8                nrf_802154_rsch_continuous_mode_priority_set
 .text.nrf_802154_rsch_continuous_ended
                0x000061e4        0x4 _build/nrf_802154_rsch.o
                0x000061e4                nrf_802154_rsch_continuous_ended
 .text.nrf_802154_rsch_timeslot_request
                0x000061e8        0x4 _build/nrf_802154_rsch.o
                0x000061e8                nrf_802154_rsch_timeslot_request
 .text.nrf_802154_rsch_timeslot_is_requested
                0x000061ec       0x1c _build/nrf_802154_rsch.o
                0x000061ec                nrf_802154_rsch_timeslot_is_requested
 .text.nrf_802154_rsch_prec_is_approved
                0x00006208       0x34 _build/nrf_802154_rsch.o
                0x00006208                nrf_802154_rsch_prec_is_approved
 .text.nrf_802154_rsch_timeslot_us_left_get
                0x0000623c        0x4 _build/nrf_802154_rsch.o
                0x0000623c                nrf_802154_rsch_timeslot_us_left_get
 .text.nrf_raal_timeslot_started
                0x00006240       0x12 _build/nrf_802154_rsch.o
                0x00006240                nrf_raal_timeslot_started
 .text.nrf_802154_clock_hfclk_ready
                0x00006252       0x12 _build/nrf_802154_rsch.o
                0x00006252                nrf_802154_clock_hfclk_ready
 .text.nrf_802154_rsch_crit_sect_init
                0x00006264        0xc _build/nrf_802154_rsch_crit_sect.o
                0x00006264                nrf_802154_rsch_crit_sect_init
 .text.nrf_802154_rsch_crit_sect_prio_request
                0x00006270        0x4 _build/nrf_802154_rsch_crit_sect.o
                0x00006270                nrf_802154_rsch_crit_sect_prio_request
 .text.nrf_802154_rsch_continuous_prio_changed
                0x00006274       0x44 _build/nrf_802154_rsch_crit_sect.o
                0x00006274                nrf_802154_rsch_continuous_prio_changed
 .text.nrf_802154_critical_section_rsch_enter
                0x000062b8        0x2 _build/nrf_802154_rsch_crit_sect.o
                0x000062b8                nrf_802154_critical_section_rsch_enter
 *fill*         0x000062ba        0x2 
 .text.nrf_802154_critical_section_rsch_exit
                0x000062bc       0x20 _build/nrf_802154_rsch_crit_sect.o
                0x000062bc                nrf_802154_critical_section_rsch_exit
 .text.nrf_802154_critical_section_rsch_event_is_pending
                0x000062dc       0x10 _build/nrf_802154_rsch_crit_sect.o
                0x000062dc                nrf_802154_critical_section_rsch_event_is_pending
 .text.mutex_trylock
                0x000062ec       0x2e _build/nrf_802154_timer_sched.o
 *fill*         0x0000631a        0x2 
 .text.queue_cntr_bump
                0x0000631c       0x2c _build/nrf_802154_timer_sched.o
 .text.handle_timer
                0x00006348       0x48 _build/nrf_802154_timer_sched.o
 .text.timer_remove
                0x00006390       0xcc _build/nrf_802154_timer_sched.o
 .text.nrf_802154_timer_sched_init
                0x0000645c       0x24 _build/nrf_802154_timer_sched.o
                0x0000645c                nrf_802154_timer_sched_init
 .text.nrf_802154_timer_sched_time_get
                0x00006480        0x4 _build/nrf_802154_timer_sched.o
                0x00006480                nrf_802154_timer_sched_time_get
 .text.nrf_802154_timer_sched_granularity_get
                0x00006484        0x4 _build/nrf_802154_timer_sched.o
                0x00006484                nrf_802154_timer_sched_granularity_get
 .text.nrf_802154_timer_sched_time_is_in_future
                0x00006488        0xe _build/nrf_802154_timer_sched.o
                0x00006488                nrf_802154_timer_sched_time_is_in_future
 *fill*         0x00006496        0x2 
 .text.nrf_802154_timer_sched_add
                0x00006498       0xc8 _build/nrf_802154_timer_sched.o
                0x00006498                nrf_802154_timer_sched_add
 .text.nrf_802154_timer_sched_remove
                0x00006560       0x12 _build/nrf_802154_timer_sched.o
                0x00006560                nrf_802154_timer_sched_remove
 *fill*         0x00006572        0x2 
 .text.nrf_802154_timer_sched_is_running
                0x00006574       0x30 _build/nrf_802154_timer_sched.o
                0x00006574                nrf_802154_timer_sched_is_running
 .text.nrf_802154_lp_timer_fired
                0x000065a4       0x44 _build/nrf_802154_timer_sched.o
                0x000065a4                nrf_802154_lp_timer_fired
 .text.nrf_802154_notification_init
                0x000065e8        0x2 _build/nrf_802154_notification_direct.o
                0x000065e8                nrf_802154_notification_init
 .text.nrf_802154_notify_received
                0x000065ea        0x4 _build/nrf_802154_notification_direct.o
                0x000065ea                nrf_802154_notify_received
 .text.nrf_802154_notify_receive_failed
                0x000065ee        0x4 _build/nrf_802154_notification_direct.o
                0x000065ee                nrf_802154_notify_receive_failed
 .text.nrf_802154_notify_transmitted
                0x000065f2        0x4 _build/nrf_802154_notification_direct.o
                0x000065f2                nrf_802154_notify_transmitted
 .text.nrf_802154_notify_transmit_failed
                0x000065f6        0x4 _build/nrf_802154_notification_direct.o
                0x000065f6                nrf_802154_notify_transmit_failed
 .text.nrf_802154_notify_energy_detected
                0x000065fa        0x4 _build/nrf_802154_notification_direct.o
                0x000065fa                nrf_802154_notify_energy_detected
 .text.nrf_802154_notify_energy_detection_failed
                0x000065fe        0x4 _build/nrf_802154_notification_direct.o
                0x000065fe                nrf_802154_notify_energy_detection_failed
 .text.nrf_802154_notify_cca
                0x00006602        0x4 _build/nrf_802154_notification_direct.o
                0x00006602                nrf_802154_notify_cca
 .text.nrf_802154_notify_cca_failed
                0x00006606        0x4 _build/nrf_802154_notification_direct.o
                0x00006606                nrf_802154_notify_cca_failed
 .text.nrf_802154_priority_drop_init
                0x0000660a        0x2 _build/nrf_802154_priority_drop_direct.o
                0x0000660a                nrf_802154_priority_drop_init
 .text.nrf_802154_priority_drop_hfclk_stop
                0x0000660c        0x4 _build/nrf_802154_priority_drop_direct.o
                0x0000660c                nrf_802154_priority_drop_hfclk_stop
 .text.nrf_802154_priority_drop_hfclk_stop_terminate
                0x00006610        0x2 _build/nrf_802154_priority_drop_direct.o
                0x00006610                nrf_802154_priority_drop_hfclk_stop_terminate
 .text.nrf_802154_request_init
                0x00006612        0x2 _build/nrf_802154_request_direct.o
                0x00006612                nrf_802154_request_init
 .text.nrf_802154_request_receive
                0x00006614        0x4 _build/nrf_802154_request_direct.o
                0x00006614                nrf_802154_request_receive
 .text.nrf_802154_request_transmit
                0x00006618       0x10 _build/nrf_802154_request_direct.o
                0x00006618                nrf_802154_request_transmit
 .text.nrf_802154_request_buffer_free
                0x00006628        0x4 _build/nrf_802154_request_direct.o
                0x00006628                nrf_802154_request_buffer_free
 .text.nrf_802154_request_channel_update
                0x0000662c        0x4 _build/nrf_802154_request_direct.o
                0x0000662c                nrf_802154_request_channel_update
 .text.nrf_raal_init
                0x00006630        0xc _build/single_phy.o
                0x00006630                nrf_raal_init
 .text.nrf_raal_continuous_mode_enter
                0x0000663c       0x30 _build/single_phy.o
                0x0000663c                nrf_raal_continuous_mode_enter
 .text.nrf_raal_continuous_mode_exit
                0x0000666c       0x2c _build/single_phy.o
                0x0000666c                nrf_raal_continuous_mode_exit
 .text.nrf_raal_continuous_ended
                0x00006698        0x2 _build/single_phy.o
                0x00006698                nrf_raal_continuous_ended
 *fill*         0x0000669a        0x2 
 .text.nrf_raal_timeslot_request
                0x0000669c       0x28 _build/single_phy.o
                0x0000669c                nrf_raal_timeslot_request
 .text.nrf_raal_timeslot_us_left_get
                0x000066c4        0x6 _build/single_phy.o
                0x000066c4                nrf_raal_timeslot_us_left_get
 *fill*         0x000066ca        0x2 
 .text.nrf_802154_clock_init
                0x000066cc       0x2c _build/nrf_802154_clock_nodrv.o
                0x000066cc                nrf_802154_clock_init
 .text.nrf_802154_clock_hfclk_start
                0x000066f8       0x1c _build/nrf_802154_clock_nodrv.o
                0x000066f8                nrf_802154_clock_hfclk_start
 .text.nrf_802154_clock_hfclk_stop
                0x00006714        0xa _build/nrf_802154_clock_nodrv.o
                0x00006714                nrf_802154_clock_hfclk_stop
 .text.nrf_802154_clock_lfclk_start
                0x0000671e       0x1c _build/nrf_802154_clock_nodrv.o
                0x0000671e                nrf_802154_clock_lfclk_start
 .text.POWER_CLOCK_IRQHandler
                0x0000673a       0x40 _build/nrf_802154_clock_nodrv.o
                0x0000673a                POWER_CLOCK_IRQHandler
 .text.nrf_802154_wifi_coex_init
                0x0000677a        0x2 _build/nrf_802154_wifi_coex_none.o
                0x0000677a                nrf_802154_wifi_coex_init
 .text.nrf_802154_wifi_coex_prio_request
                0x0000677c        0x2 _build/nrf_802154_wifi_coex_none.o
                0x0000677c                nrf_802154_wifi_coex_prio_request
 .text.nrf_802154_hp_timer_init
                0x0000677e        0x2 _build/nrf_802154_hp_timer.o
                0x0000677e                nrf_802154_hp_timer_init
 .text.nrf_802154_hp_timer_start
                0x00006780       0x34 _build/nrf_802154_hp_timer.o
                0x00006780                nrf_802154_hp_timer_start
 .text.nrf_802154_hp_timer_stop
                0x000067b4        0xc _build/nrf_802154_hp_timer.o
                0x000067b4                nrf_802154_hp_timer_stop
 .text.nrf_802154_hp_timer_sync_task_get
                0x000067c0        0x8 _build/nrf_802154_hp_timer.o
                0x000067c0                nrf_802154_hp_timer_sync_task_get
 .text.nrf_802154_hp_timer_sync_prepare
                0x000067c8       0x20 _build/nrf_802154_hp_timer.o
                0x000067c8                nrf_802154_hp_timer_sync_prepare
 .text.nrf_802154_hp_timer_sync_time_get
                0x000067e8       0x3c _build/nrf_802154_hp_timer.o
                0x000067e8                nrf_802154_hp_timer_sync_time_get
 .text.nrf_802154_hp_timer_timestamp_task_get
                0x00006824        0x8 _build/nrf_802154_hp_timer.o
                0x00006824                nrf_802154_hp_timer_timestamp_task_get
 .text.nrf_802154_hp_timer_timestamp_get
                0x0000682c        0xc _build/nrf_802154_hp_timer.o
                0x0000682c                nrf_802154_hp_timer_timestamp_get
 .text.NRF_802154_US_TO_RTC_TICKS
                0x00006838       0x8c _build/nrf_802154_lp_timer_nodrv.o
 .text.timer_start_at
                0x000068c4       0x94 _build/nrf_802154_lp_timer_nodrv.o
 .text.nrf_rtc_event_clear.constprop.0
                0x00006958       0x18 _build/nrf_802154_lp_timer_nodrv.o
 .text.overflow_counter_get
                0x00006970       0xb4 _build/nrf_802154_lp_timer_nodrv.o
 .text.offset_and_counter_get
                0x00006a24       0x38 _build/nrf_802154_lp_timer_nodrv.o
 .text.curr_time_get
                0x00006a5c       0x34 _build/nrf_802154_lp_timer_nodrv.o
 .text.nrf_802154_lp_timer_init
                0x00006a90       0x80 _build/nrf_802154_lp_timer_nodrv.o
                0x00006a90                nrf_802154_lp_timer_init
 .text.nrf_802154_lp_timer_critical_section_enter
                0x00006b10       0x28 _build/nrf_802154_lp_timer_nodrv.o
                0x00006b10                nrf_802154_lp_timer_critical_section_enter
 .text.nrf_802154_lp_timer_critical_section_exit
                0x00006b38       0x1c _build/nrf_802154_lp_timer_nodrv.o
                0x00006b38                nrf_802154_lp_timer_critical_section_exit
 .text.nrf_802154_lp_timer_time_get
                0x00006b54        0x8 _build/nrf_802154_lp_timer_nodrv.o
                0x00006b54                nrf_802154_lp_timer_time_get
 .text.nrf_802154_lp_timer_granularity_get
                0x00006b5c        0x4 _build/nrf_802154_lp_timer_nodrv.o
                0x00006b5c                nrf_802154_lp_timer_granularity_get
 .text.nrf_802154_lp_timer_start
                0x00006b60       0x9c _build/nrf_802154_lp_timer_nodrv.o
                0x00006b60                nrf_802154_lp_timer_start
 .text.nrf_802154_lp_timer_stop
                0x00006bfc       0x1c _build/nrf_802154_lp_timer_nodrv.o
                0x00006bfc                nrf_802154_lp_timer_stop
 .text.nrf_802154_lp_timer_sync_start_now
                0x00006c18       0x60 _build/nrf_802154_lp_timer_nodrv.o
                0x00006c18                nrf_802154_lp_timer_sync_start_now
 .text.nrf_802154_lp_timer_sync_start_at
                0x00006c78       0x2c _build/nrf_802154_lp_timer_nodrv.o
                0x00006c78                nrf_802154_lp_timer_sync_start_at
 .text.nrf_802154_lp_timer_sync_stop
                0x00006ca4       0x1c _build/nrf_802154_lp_timer_nodrv.o
                0x00006ca4                nrf_802154_lp_timer_sync_stop
 .text.nrf_802154_lp_timer_sync_event_get
                0x00006cc0        0x8 _build/nrf_802154_lp_timer_nodrv.o
                0x00006cc0                nrf_802154_lp_timer_sync_event_get
 .text.nrf_802154_lp_timer_sync_time_get
                0x00006cc8        0xc _build/nrf_802154_lp_timer_nodrv.o
                0x00006cc8                nrf_802154_lp_timer_sync_time_get
 .text.nrf_802154_clock_lfclk_ready
                0x00006cd4        0xc _build/nrf_802154_lp_timer_nodrv.o
                0x00006cd4                nrf_802154_clock_lfclk_ready
 .text.RTC2_IRQHandler
                0x00006ce0       0xa8 _build/nrf_802154_lp_timer_nodrv.o
                0x00006ce0                RTC2_IRQHandler
 .text.nrf_802154_random_init
                0x00006d88       0x20 _build/nrf_802154_random_stdlib.o
                0x00006d88                nrf_802154_random_init
 .text.nrf_802154_random_get
                0x00006da8        0x4 _build/nrf_802154_random_stdlib.o
                0x00006da8                nrf_802154_random_get
 .text.nrf_802154_temperature_init
                0x00006dac        0x2 _build/nrf_802154_temperature_none.o
                0x00006dac                nrf_802154_temperature_init
 .text.nrf_802154_temperature_get
                0x00006dae        0x4 _build/nrf_802154_temperature_none.o
                0x00006dae                nrf_802154_temperature_get
 *fill*         0x00006db2        0x2 
 .text.__NVIC_SystemReset
                0x00006db4       0x24 _build/system_nrf52833.o
 .text.errata_36
                0x00006dd8       0x1a _build/system_nrf52833.o
 *fill*         0x00006df2        0x2 
 .text.SystemInit
                0x00006df4      0x19c _build/system_nrf52833.o
                0x00006df4                SystemInit
 .text          0x00006f90       0x3c _build/gcc_startup_nrf52833.os
                0x00006f90                Reset_Handler
                0x00006fb8                NMI_Handler
                0x00006fbc                MemoryManagement_Handler
                0x00006fbe                BusFault_Handler
                0x00006fc0                UsageFault_Handler
                0x00006fc2                SVC_Handler
                0x00006fc4                DebugMon_Handler
                0x00006fc6                PendSV_Handler
                0x00006fc8                SysTick_Handler
                0x00006fca                TIMER2_IRQHandler
                0x00006fca                RTC0_IRQHandler
                0x00006fca                SWI2_EGU2_IRQHandler
                0x00006fca                PDM_IRQHandler
                0x00006fca                TEMP_IRQHandler
                0x00006fca                QDEC_IRQHandler
                0x00006fca                TIMER3_IRQHandler
                0x00006fca                PWM3_IRQHandler
                0x00006fca                FPU_IRQHandler
                0x00006fca                USBD_IRQHandler
                0x00006fca                TIMER4_IRQHandler
                0x00006fca                I2S_IRQHandler
                0x00006fca                SWI4_EGU4_IRQHandler
                0x00006fca                SPIM3_IRQHandler
                0x00006fca                PWM2_IRQHandler
                0x00006fca                ECB_IRQHandler
                0x00006fca                Default_Handler
                0x00006fca                CCM_AAR_IRQHandler
                0x00006fca                WDT_IRQHandler
                0x00006fca                SWI5_EGU5_IRQHandler
                0x00006fca                RNG_IRQHandler
                0x00006fca                SWI3_EGU3_IRQHandler
                0x00006fca                SWI1_EGU1_IRQHandler
                0x00006fca                NFCT_IRQHandler
                0x00006fca                MWU_IRQHandler
                0x00006fca                COMP_LPCOMP_IRQHandler
 .text          0x00006fcc       0x50 /usr/lib/gcc/arm-none-eabi/13.2.1/../../../arm-none-eabi/lib/thumb/v7e-m+fp/hard/libc.a(libc_a-rand.o)
                0x00006fcc                srand
                0x00006fdc                rand
 *fill*         0x0000701c       0x24 
 .text          0x00007040       0xd8 /usr/lib/gcc/arm-none-eabi/13.2.1/../../../arm-none-eabi/lib/thumb/v7e-m+fp/hard/libc.a(libc_a-strlen.o)
                0x00007040                strlen
 .text          0x00007118       0xa4 /usr/lib/gcc/arm-none-eabi/13.2.1/../../../arm-none-eabi/lib/thumb/v7e-m+fp/hard/libc.a(libc_a-memset.o)
                0x00007118                memset
 .text          0x000071bc       0x4c /usr/lib/gcc/arm-none-eabi/13.2.1/../../../arm-none-eabi/lib/thumb/v7e-m+fp/hard/libc.a(libc_a-assert.o)
                0x000071bc                __assert_func
                0x000071fc                __assert
 .text          0x00007208      0x100 /usr/lib/gcc/arm-none-eabi/13.2.1/../../../arm-none-eabi/lib/thumb/v7e-m+fp/hard/libc.a(libc_a-memmove.o)
                0x00007208                memmove
 .text          0x00007308       0x10 /usr/lib/gcc/arm-none-eabi/13.2.1/../../../arm-none-eabi/lib/thumb/v7e-m+fp/hard/libc.a(libc_a-abort.o)
                0x00007308                abort
 .text          0x00007318       0x10 /usr/lib/gcc/arm-none-eabi/13.2.1/../../../arm-none-eabi/lib/thumb/v7e-m+fp/hard/libc.a(libc_a-setbuf.o)
                0x00007318                setbuf
 .text          0x00007328       0x44 /usr/lib/gcc/arm-none-eabi/13.2.1/../../../arm-none-eabi/lib/thumb/v7e-m+fp/hard/libc.a(libc_a-fiprintf.o)
                0x00007328                _fiprintf_r
                0x00007344                fiprintf
 .text          0x0000736c       0x5c /usr/lib/gcc/arm-none-eabi/13.2.1/../../../arm-none-eabi/lib/thumb/v7e-m+fp/hard/libc.a(libc_a-memcmp.o)
                0x0000736c                memcmp
 .text          0x000073c8      0x134 /usr/lib/gcc/arm-none-eabi/13.2.1/../../../arm-none-eabi/lib/thumb/v7e-m+fp/hard/libc.a(libc_a-memcpy.o)
                0x000073c8                memcpy
 .text          0x000074fc       0x50 /usr/lib/gcc/arm-none-eabi/13.2.1/../../../arm-none-eabi/lib/thumb/v7e-m+fp/hard/libc.a(libc_a-init.o)
                0x000074fc                __libc_init_array
 .text          0x0000754c      0x224 /usr/lib/gcc/arm-none-eabi/13.2.1/../../../arm-none-eabi/lib/thumb/v7e-m+fp/hard/libc.a(libc_a-findfp.o)
                0x0000767c                __sfp
                0x00007720                __sinit
                0x00007740                __sfp_lock_acquire
                0x00007744                __sfp_lock_release
                0x00007748                __fp_lock_all
                0x0000775c                __fp_unlock_all
 .text          0x00007770       0x1c /usr/lib/gcc/arm-none-eabi/13.2.1/../../../arm-none-eabi/lib/thumb/v7e-m+fp/hard/libc.a(libc_a-exit.o)
                0x00007770                exit
 .text          0x0000778c        0xc /usr/lib/gcc/arm-none-eabi/13.2.1/../../../arm-none-eabi/lib/thumb/v7e-m+fp/hard/libc.a(libc_a-atexit.o)
                0x0000778c                atexit
 .text          0x00007798       0x48 /usr/lib/gcc/arm-none-eabi/13.2.1/../../../arm-none-eabi/lib/thumb/v7e-m+fp/hard/libc.a(libc_a-printf.o)
                0x00007798                _printf_r
                0x000077b8                printf
 .text          0x000077e0      0x280 /usr/lib/gcc/arm-none-eabi/13.2.1/../../../arm-none-eabi/lib/thumb/v7e-m+fp/hard/libc.a(libc_a-signal.o)
                0x000077e0                _init_signal_r
                0x00007810                _signal_r
                0x00007860                _raise_r
                0x000078b4                __sigtramp_r
                0x00007918                raise
                0x00007970                signal
                0x000079c0                _init_signal
                0x000079f8                __sigtramp
 .text          0x00007a60       0x28 /usr/lib/gcc/arm-none-eabi/13.2.1/../../../arm-none-eabi/lib/thumb/v7e-m+fp/hard/libc.a(libc_a-fini.o)
                0x00007a60                __libc_fini_array
 .text          0x00007a88       0x44 /usr/lib/gcc/arm-none-eabi/13.2.1/../../../arm-none-eabi/lib/thumb/v7e-m+fp/hard/libc.a(libc_a-fwalk.o)
                0x00007a88                _fwalk_sglue
 *fill*         0x00007acc        0x4 
 .text          0x00007ad0     0x14ac /usr/lib/gcc/arm-none-eabi/13.2.1/../../../arm-none-eabi/lib/thumb/v7e-m+fp/hard/libc.a(libc_a-vfprintf.o)
                0x00007ad0                _vfprintf_r
                0x00008ef4                vfprintf
 *fill*         0x00008f7c        0x4 
 .text          0x00008f80       0xa0 /usr/lib/gcc/arm-none-eabi/13.2.1/../../../arm-none-eabi/lib/thumb/v7e-m+fp/hard/libc.a(libc_a-memchr.o)
                0x00008f80                memchr
 .text          0x00009020       0x30 /usr/lib/gcc/arm-none-eabi/13.2.1/../../../arm-none-eabi/lib/thumb/v7e-m+fp/hard/libc.a(libc_a-signalr.o)
                0x00009020                _kill_r
                0x0000904c                _getpid_r
 .text          0x00009050      0x1ac /usr/lib/gcc/arm-none-eabi/13.2.1/../../../arm-none-eabi/lib/thumb/v7e-m+fp/hard/libc.a(libc_a-fflush.o)
                0x00009050                __sflush_r
                0x00009188                _fflush_r
                0x000091b4                fflush
 .text          0x000091fc      0x164 /usr/lib/gcc/arm-none-eabi/13.2.1/../../../arm-none-eabi/lib/thumb/v7e-m+fp/hard/libc.a(libc_a-setvbuf.o)
                0x000091fc                setvbuf
 .text          0x00009360      0xb44 /usr/lib/gcc/arm-none-eabi/13.2.1/../../../arm-none-eabi/lib/thumb/v7e-m+fp/hard/libc.a(libc_a-vfiprintf.o)
                0x00009360                _vfiprintf_r
                0x00009e1c                vfiprintf
 .text          0x00009ea4      0x554 /usr/lib/gcc/arm-none-eabi/13.2.1/../../../arm-none-eabi/lib/thumb/v7e-m+fp/hard/libc.a(libc_a-mallocr.o)
                0x00009ea4                _malloc_r
 .text          0x0000a3f8      0xfb0 /usr/lib/gcc/arm-none-eabi/13.2.1/../../../arm-none-eabi/lib/thumb/v7e-m+fp/hard/libc.a(libc_a-dtoa.o)
                0x0000a524                _dtoa_r
 .text          0x0000b3a8       0xc4 /usr/lib/gcc/arm-none-eabi/13.2.1/../../../arm-none-eabi/lib/thumb/v7e-m+fp/hard/libc.a(libc_a-wsetup.o)
                0x0000b3a8                __swsetup_r
 .text          0x0000b46c      0x2b0 /usr/lib/gcc/arm-none-eabi/13.2.1/../../../arm-none-eabi/lib/thumb/v7e-m+fp/hard/libc.a(libc_a-freer.o)
                0x0000b46c                _malloc_trim_r
                0x0000b524                _free_r
 .text          0x0000b71c       0x90 /usr/lib/gcc/arm-none-eabi/13.2.1/../../../arm-none-eabi/lib/thumb/v7e-m+fp/hard/libc.a(libc_a-fclose.o)
                0x0000b71c                _fclose_r
                0x0000b79c                fclose
 .text          0x0000b7ac       0xb0 /usr/lib/gcc/arm-none-eabi/13.2.1/../../../arm-none-eabi/lib/thumb/v7e-m+fp/hard/libc.a(libc_a-__call_atexit.o)
                0x0000b7ac                __call_exitprocs
 .text.startup  0x0000b85c       0x14 /usr/lib/gcc/arm-none-eabi/13.2.1/../../../arm-none-eabi/lib/thumb/v7e-m+fp/hard/libc.a(libc_a-__call_atexit.o)
 .text          0x0000b870       0x20 /usr/lib/gcc/arm-none-eabi/13.2.1/../../../arm-none-eabi/lib/thumb/v7e-m+fp/hard/libc.a(libc_a-malloc.o)
                0x0000b870                malloc
                0x0000b880                free
 .text          0x0000b890       0x1c /usr/lib/gcc/arm-none-eabi/13.2.1/../../../arm-none-eabi/lib/thumb/v7e-m+fp/hard/libc.a(libc_a-sysconf.o)
                0x0000b890                sysconf
 .text          0x0000b8ac       0x94 /usr/lib/gcc/arm-none-eabi/13.2.1/../../../arm-none-eabi/lib/thumb/v7e-m+fp/hard/libc.a(libc_a-stdio.o)
                0x0000b8ac                __sread
                0x0000b8d0                __seofread
                0x0000b8d4                __swrite
                0x0000b914                __sseek
                0x0000b938                __sclose
 .text          0x0000b940       0x64 /usr/lib/gcc/arm-none-eabi/13.2.1/../../../arm-none-eabi/lib/thumb/v7e-m+fp/hard/libc.a(libc_a-__atexit.o)
                0x0000b940                __register_exitproc
 .text          0x0000b9a4       0x2c /usr/lib/gcc/arm-none-eabi/13.2.1/../../../arm-none-eabi/lib/thumb/v7e-m+fp/hard/libc.a(libc_a-writer.o)
                0x0000b9a4                _write_r
 .text          0x0000b9d0        0x8 /usr/lib/gcc/arm-none-eabi/13.2.1/../../../arm-none-eabi/lib/thumb/v7e-m+fp/hard/libc.a(libc_a-mlock.o)
                0x0000b9d0                __malloc_lock
                0x0000b9d4                __malloc_unlock
 .text          0x0000b9d8       0x24 /usr/lib/gcc/arm-none-eabi/13.2.1/../../../arm-none-eabi/lib/thumb/v7e-m+fp/hard/libc.a(libc_a-sbrkr.o)
                0x0000b9d8                _sbrk_r
 .text          0x0000b9fc       0x24 /usr/lib/gcc/arm-none-eabi/13.2.1/../../../arm-none-eabi/lib/thumb/v7e-m+fp/hard/libc.a(libc_a-closer.o)
                0x0000b9fc                _close_r
 .text          0x0000ba20       0x20 /usr/lib/gcc/arm-none-eabi/13.2.1/../../../arm-none-eabi/lib/thumb/v7e-m+fp/hard/libc.a(libc_a-sprint_r.o)
                0x0000ba20                __sprint_r
 .text          0x0000ba40      0xab8 /usr/lib/gcc/arm-none-eabi/13.2.1/../../../arm-none-eabi/lib/thumb/v7e-m+fp/hard/libc.a(libc_a-mprec.o)
                0x0000ba40                _Balloc
                0x0000ba8c                _Bfree
                0x0000baa0                __multadd
                0x0000bb40                __s2b
                0x0000bbf4                __hi0bits
                0x0000bc38                __lo0bits
                0x0000bc98                __i2b
                0x0000bcf4                __multiply
                0x0000be60                __pow5mult
                0x0000bf14                __lshift
                0x0000c004                __mcmp
                0x0000c048                __mdiff
                0x0000c1c0                __ulp
                0x0000c224                __b2d
                0x0000c2e0                __d2b
                0x0000c3a0                __ratio
                0x0000c400                _mprec_log10
                0x0000c440                __copybits
                0x0000c49c                __any_on
 .text          0x0000c4f8       0x14 /usr/lib/gcc/arm-none-eabi/13.2.1/../../../arm-none-eabi/lib/thumb/v7e-m+fp/hard/libc.a(libc_a-localeconv.o)
                0x0000c4f8                __localeconv_l
                0x0000c4fc                _localeconv_r
                0x0000c504                localeconv
 .text          0x0000c50c      0x13c /usr/lib/gcc/arm-none-eabi/13.2.1/../../../arm-none-eabi/lib/thumb/v7e-m+fp/hard/libc.a(libc_a-makebuf.o)
                0x0000c50c                __smakebuf_r
                0x0000c5e8                __swhatbuf_r
 .text          0x0000c648       0x40 /usr/lib/gcc/arm-none-eabi/13.2.1/../../../arm-none-eabi/lib/thumb/v7e-m+fp/hard/libc.a(libc_a-mbtowc_r.o)
                0x0000c648                _mbtowc_r
                0x0000c65c                __ascii_mbtowc
 .text          0x0000c688        0xc /usr/lib/gcc/arm-none-eabi/13.2.1/../../../arm-none-eabi/lib/thumb/v7e-m+fp/hard/libc.a(libc_a-errno.o)
                0x0000c688                __errno
 .text          0x0000c694       0x6c /usr/lib/gcc/arm-none-eabi/13.2.1/../../../arm-none-eabi/lib/thumb/v7e-m+fp/hard/libc.a(libc_a-callocr.o)
                0x0000c694                _calloc_r
 .text          0x0000c700       0x2c /usr/lib/gcc/arm-none-eabi/13.2.1/../../../arm-none-eabi/lib/thumb/v7e-m+fp/hard/libc.a(libc_a-readr.o)
                0x0000c700                _read_r
 .text          0x0000c72c       0x30 /usr/lib/gcc/arm-none-eabi/13.2.1/../../../arm-none-eabi/lib/thumb/v7e-m+fp/hard/libc.a(libc_a-wctomb_r.o)
                0x0000c72c                _wctomb_r
                0x0000c740                __ascii_wctomb
 .text          0x0000c75c       0x2c /usr/lib/gcc/arm-none-eabi/13.2.1/../../../arm-none-eabi/lib/thumb/v7e-m+fp/hard/libc.a(libc_a-lseekr.o)
                0x0000c75c                _lseek_r
 .text          0x0000c788       0x2c /usr/lib/gcc/arm-none-eabi/13.2.1/../../../arm-none-eabi/lib/thumb/v7e-m+fp/hard/libc.a(libc_a-fstatr.o)
                0x0000c788                _fstat_r
 .text          0x0000c7b4       0x24 /usr/lib/gcc/arm-none-eabi/13.2.1/../../../arm-none-eabi/lib/thumb/v7e-m+fp/hard/libc.a(libc_a-isattyr.o)
                0x0000c7b4                _isatty_r
 .text          0x0000c7d8      0x300 /usr/lib/gcc/arm-none-eabi/13.2.1/../../../arm-none-eabi/lib/thumb/v7e-m+fp/hard/libc.a(libc_a-fvwrite.o)
                0x0000c7d8                __sfvwrite_r
 .text          0x0000cad8      0x344 /usr/lib/gcc/arm-none-eabi/13.2.1/../../../arm-none-eabi/lib/thumb/v7e-m+fp/hard/libc.a(libc_a-reallocr.o)
                0x0000cad8                _realloc_r
 .text          0x0000ce1c       0x1c /usr/lib/gcc/arm-none-eabi/13.2.1/../../../arm-none-eabi/lib/thumb/v7e-m+fp/hard/libnosys.a(sbrk.o)
                0x0000ce1c                _sbrk
 .text          0x0000ce38        0x4 /usr/lib/gcc/arm-none-eabi/13.2.1/../../../arm-none-eabi/lib/thumb/v7e-m+fp/hard/libnosys.a(_exit.o)
                0x0000ce38                _exit
 .text          0x0000ce3c      0x378 /usr/lib/gcc/arm-none-eabi/13.2.1/thumb/v7e-m+fp/hard/libgcc.a(_arm_addsubdf3.o)
                0x0000ce3c                __aeabi_drsub
                0x0000ce44                __aeabi_dsub
                0x0000ce44                __subdf3
                0x0000ce48                __adddf3
                0x0000ce48                __aeabi_dadd
                0x0000d0c0                __aeabi_ui2d
                0x0000d0c0                __floatunsidf
                0x0000d0e0                __floatsidf
                0x0000d0e0                __aeabi_i2d
                0x0000d104                __extendsfdf2
                0x0000d104                __aeabi_f2d
                0x0000d148                __aeabi_ul2d
                0x0000d148                __floatundidf
                0x0000d158                __floatdidf
                0x0000d158                __aeabi_l2d
 .text          0x0000d1b4      0x424 /usr/lib/gcc/arm-none-eabi/13.2.1/thumb/v7e-m+fp/hard/libgcc.a(_arm_muldivdf3.o)
                0x0000d1b4                __aeabi_dmul
                0x0000d1b4                __muldf3
                0x0000d408                __aeabi_ddiv
                0x0000d408                __divdf3
 .text          0x0000d5d8      0x110 /usr/lib/gcc/arm-none-eabi/13.2.1/thumb/v7e-m+fp/hard/libgcc.a(_arm_cmpdf2.o)
                0x0000d5d8                __gtdf2
                0x0000d5d8                __gedf2
                0x0000d5e0                __ltdf2
                0x0000d5e0                __ledf2
                0x0000d5e8                __cmpdf2
                0x0000d5e8                __eqdf2
                0x0000d5e8                __nedf2
                0x0000d664                __aeabi_cdrcmple
                0x0000d674                __aeabi_cdcmple
                0x0000d674                __aeabi_cdcmpeq
                0x0000d684                __aeabi_dcmpeq
                0x0000d698                __aeabi_dcmplt
                0x0000d6ac                __aeabi_dcmple
                0x0000d6c0                __aeabi_dcmpge
                0x0000d6d4                __aeabi_dcmpgt
 .text          0x0000d6e8       0x2c /usr/lib/gcc/arm-none-eabi/13.2.1/thumb/v7e-m+fp/hard/libgcc.a(_arm_unorddf2.o)
                0x0000d6e8                __aeabi_dcmpun
                0x0000d6e8                __unorddf2
 .text          0x0000d714       0x50 /usr/lib/gcc/arm-none-eabi/13.2.1/thumb/v7e-m+fp/hard/libgcc.a(_arm_fixdfsi.o)
                0x0000d714                __fixdfsi
                0x0000d714                __aeabi_d2iz
 .text          0x0000d764       0xa0 /usr/lib/gcc/arm-none-eabi/13.2.1/thumb/v7e-m+fp/hard/libgcc.a(_aeabi_ldivmod.o)
                0x0000d764                __aeabi_ldivmod
 .text          0x0000d804      0x2bc /usr/lib/gcc/arm-none-eabi/13.2.1/thumb/v7e-m+fp/hard/libgcc.a(_udivmoddi4.o)
                0x0000d804                __udivmoddi4
 .text          0x0000dac0        0x4 /usr/lib/gcc/arm-none-eabi/13.2.1/thumb/v7e-m+fp/hard/libgcc.a(_dvmd_tls.o)
                0x0000dac0                __aeabi_ldiv0
                0x0000dac0                __aeabi_idiv0
 *(.init)
 .init          0x0000dac4        0x4 /usr/lib/gcc/arm-none-eabi/13.2.1/thumb/v7e-m+fp/hard/crti.o
                0x0000dac4                _init
 .init          0x0000dac8        0x8 /usr/lib/gcc/arm-none-eabi/13.2.1/thumb/v7e-m+fp/hard/crtn.o
 *(.fini)
 .fini          0x0000dad0        0x4 /usr/lib/gcc/arm-none-eabi/13.2.1/thumb/v7e-m+fp/hard/crti.o
                0x0000dad0                _fini
 .fini          0x0000dad4        0x8 /usr/lib/gcc/arm-none-eabi/13.2.1/thumb/v7e-m+fp/hard/crtn.o
 *crtbegin.o(.ctors)
 *crtbegin?.o(.ctors)
 *(EXCLUDE_FILE(*crtend.o *crtend?.o) .ctors)
 *(SORT_BY_NAME(.ctors.*))
 *(.ctors)
 *crtbegin.o(.dtors)
 *crtbegin?.o(.dtors)
 *(EXCLUDE_FILE(*crtend.o *crtend?.o) .dtors)
 *(SORT_BY_NAME(.dtors.*))
 *(.dtors)
 *(.rodata*)
 .rodata.nrf_802154_tx_started.str1.1
                0x0000dadc     0x1e1c _build/main.o
                                  0xc (size before relaxing)
 .rodata.nrf_802154_transmit_failed.str1.1
                0x0000f8f8       0x15 _build/main.o
 .rodata.nrf_802154_transmitted_raw.str1.1
                0x0000f8f8       0x18 _build/main.o
 .rodata.main.str1.1
                0x0000f8f8       0x89 _build/main.o
 *fill*         0x0000f8f8        0x8 
 .rodata.delay_machine_code.0
                0x0000f900        0x6 _build/main.o
 .rodata.nrf_gpio_pin_port_decode.str1.1
                0x0000f906       0x43 _build/better_error_handling.o
 .rodata.app_error_fault_handler.str1.1
                0x0000f906       0x78 _build/better_error_handling.o
 .rodata.HardFault_c_handler.str1.1
                0x0000f906      0x12e _build/better_error_handling.o
 .rodata.str1.1
                0x0000f906      0x4b6 _build/better_error_handling.o
 *fill*         0x0000f906        0x2 
 .rodata.cfsr_msgs.0
                0x0000f908       0x68 _build/better_error_handling.o
 .rodata.delay_machine_code.1
                0x0000f970        0x6 _build/better_error_handling.o
 .rodata.LED_COLS
                0x0000f976        0x5 _build/better_error_handling.o
 .rodata.LED_ROWS
                0x0000f97b        0x5 _build/better_error_handling.o
 .rodata.called_first.str1.1
                0x0000f980       0x6a _build/microbit_before_startup.o
 .rodata.delay_machine_code.0
                0x0000f980        0x6 _build/microbit_before_startup.o
 .rodata.uart_init.constprop.0.str1.1
                0x0000f986       0x70 _build/microbit_nrf_log_backend_uart.o
 *fill*         0x0000f986        0x2 
 .rodata.nrf_log_backend_uart_api
                0x0000f988        0xc _build/microbit_nrf_log_backend_uart.o
                0x0000f988                nrf_log_backend_uart_api
 .rodata        0x0000f994       0x20 _build/microbit_nrf_log_backend_uart.o
 *fill*         0x0000f9b4        0xc 
 .rodata.delay_machine_code.0
                0x0000f9c0        0x6 _build/app_timer.o
 .rodata.app_util_critical_region_enter.str1.1
                0x0000f9c6       0x55 _build/app_util_platform.o
 .rodata.nrf_balloc_init.str1.1
                0x0000f9c6       0x50 _build/nrf_balloc.o
 .rodata.str1.1
                0x0000f9c6        0x6 _build/nrf_drv_clock.o
 .rodata.nrf_fprintf_buffer_flush.str1.1
                0x0000f9c6       0x46 _build/nrf_fprintf.o
 .rodata.nrf_fprintf_fmt.str1.1
                0x0000f9c6       0x4d _build/nrf_fprintf_format.o
 .rodata._aV2C.0
                0x0000f9c6       0x10 _build/nrf_fprintf_format.o
 .rodata.nrf_log_default_backends_init.str1.1
                0x0000f9d6       0x5f _build/nrf_log_default_backends.o
 .rodata.str1.1
                0x0000f9d6       0x11 _build/nrf_log_default_backends.o
 .rodata.buf_prealloc.str1.1
                0x0000f9d6       0x57 _build/nrf_log_frontend.o
 .rodata.nrf_log_frontend_dequeue.str1.1
                0x0000f9d6       0x11 _build/nrf_log_frontend.o
 .rodata.str1.1
                0x0000f9d6        0x4 _build/nrf_log_frontend.o
 *fill*         0x0000f9d6        0x2 
 .rodata.m_log_push_ringbuf
                0x0000f9d8        0xc _build/nrf_log_frontend.o
 .rodata.postfix_process.str1.1
                0x0000f9e4        0xb _build/nrf_log_str_formatter.o
 .rodata.prefix_process.constprop.0.str1.1
                0x0000f9e4       0x2a _build/nrf_log_str_formatter.o
 .rodata.nrf_log_hexdump_entry_process.str1.1
                0x0000f9e4       0x11 _build/nrf_log_str_formatter.o
 .rodata.str1.1
                0x0000f9e4       0x51 _build/nrf_log_str_formatter.o
 .rodata.m_colors
                0x0000f9e4       0x24 _build/nrf_log_str_formatter.o
 .rodata.severity_names
                0x0000fa08       0x14 _build/nrf_log_str_formatter.o
 .rodata.memobj_op.str1.1
                0x0000fa1c       0x50 _build/nrf_memobj.o
 .rodata.str1.1
                0x0000fa1c        0x9 _build/nrf_pwr_mgmt.o
 .rodata.str1.1
                0x0000fa1c      0x391 _build/nrf_strerror.o
 .rodata.nrf_strerror_array
                0x0000fa1c      0x118 _build/nrf_strerror.o
 .rodata.m_unknown_str
                0x0000fb34       0x13 _build/nrf_strerror.o
 .rodata.nrf_gpio_pin_port_decode.str1.1
                0x0000fb47       0x43 _build/nrfx_gpiote.o
 .rodata.str1.1
                0x0000fb47        0x7 _build/nrfx_gpiote.o
 .rodata.UARTE0_UART0_IRQHandler.str1.1
                0x0000fb47       0x4f _build/nrfx_prs.o
 .rodata.str1.1
                0x0000fb47        0x4 _build/nrfx_prs.o
 .rodata.str1.1
                0x0000fb47        0x4 _build/nrfx_pwm.o
 .rodata.str1.1
                0x0000fb47        0x6 _build/nrfx_saadc.o
 .rodata.nrf_gpio_pin_port_decode.str1.1
                0x0000fb47       0x43 _build/nrfx_spim.o
 .rodata.SPIM2_SPIS2_SPI2_IRQHandler.str1.1
                0x0000fb47       0x4c _build/nrfx_spim.o
 .rodata.str1.1
                0x0000fb47        0x5 _build/nrfx_spim.o
 .rodata.str1.1
                0x0000fb47        0x6 _build/nrfx_timer.o
 .rodata.twim_irq_handler.str1.1
                0x0000fb47       0x4c _build/nrfx_twim.o
 .rodata.str1.1
                0x0000fb47        0x5 _build/nrfx_twim.o
 .rodata.nrf_gpio_pin_port_decode.str1.1
                0x0000fb47       0x43 _build/nrfx_uart.o
 .rodata.nrfx_uart_init.str1.1
                0x0000fb47       0x90 _build/nrfx_uart.o
 .rodata.str1.1
                0x0000fb47        0x5 _build/nrfx_uart.o
 .rodata.nrf_gpio_pin_port_decode.str1.1
                0x0000fb47       0x43 _build/nrfx_uarte.o
 .rodata.nrfx_uarte_init.str1.1
                0x0000fb47       0x91 _build/nrfx_uarte.o
 *fill*         0x0000fb47        0x1 
 .rodata.irq_handlers.0
                0x0000fb48        0x8 _build/nrfx_uarte.o
 .rodata.str1.1
                0x0000fb50        0x6 _build/nrfx_uarte.o
 .rodata.nrf_802154_buffer_free_raw.str1.1
                0x0000fb50       0x86 _build/nrf_802154.o
 .rodata.__func__.1
                0x0000fb50       0x1b _build/nrf_802154.o
 .rodata.fem_for_tx_reset.str1.1
                0x0000fb6b       0x72 _build/nrf_802154_core.o
 .rodata.channel_set.str1.1
                0x0000fb6b       0x1f _build/nrf_802154_core.o
 .rodata.nrf_802154_rsch_crit_sect_prio_changed.str1.1
                0x0000fb6b       0x2d _build/nrf_802154_core.o
 .rodata.nrf_802154_core_notify_buffer_free.str1.1
                0x0000fb6b       0x4c _build/nrf_802154_core.o
 .rodata.RADIO_IRQHandler.str1.1
                0x0000fb6b       0x33 _build/nrf_802154_core.o
 .rodata.__func__.0
                0x0000fb6b       0x15 _build/nrf_802154_core.o
 .rodata.__func__.1
                0x0000fb80       0x15 _build/nrf_802154_core.o
 .rodata.__func__.2
                0x0000fb95        0xc _build/nrf_802154_core.o
 .rodata.__func__.3
                0x0000fba1       0x23 _build/nrf_802154_core.o
 .rodata.__func__.4
                0x0000fbc4       0x11 _build/nrf_802154_core.o
 .rodata.__func__.5
                0x0000fbd5       0x1c _build/nrf_802154_core.o
 .rodata.__func__.6
                0x0000fbf1       0x11 _build/nrf_802154_core.o
 .rodata.__func__.7
                0x0000fc02        0xc _build/nrf_802154_core.o
 .rodata.__func__.8
                0x0000fc0e       0x13 _build/nrf_802154_core.o
 *fill*         0x0000fc21        0x3 
 .rodata.m_tx_started_hooks
                0x0000fc24        0xc _build/nrf_802154_core_hooks.o
 .rodata.m_tx_failed_hooks
                0x0000fc30        0xc _build/nrf_802154_core_hooks.o
 .rodata.m_abort_hooks
                0x0000fc3c       0x10 _build/nrf_802154_core_hooks.o
 .rodata.critical_section_enter.part.0.str1.1
                0x0000fc4c       0x88 _build/nrf_802154_critical_section.o
 .rodata.nrf_802154_critical_section_forcefully_enter.str1.1
                0x0000fc4c       0x19 _build/nrf_802154_critical_section.o
 .rodata.nrf_802154_critical_section_nesting_deny.str1.1
                0x0000fc4c       0x57 _build/nrf_802154_critical_section.o
 .rodata.nrf_802154_critical_section_active_vector_priority_get.str1.1
                0x0000fc4c       0x32 _build/nrf_802154_critical_section.o
 .rodata.nrf_802154_critical_section_exit.str1.1
                0x0000fc4c       0x34 _build/nrf_802154_critical_section.o
 .rodata.nrf_802154_critical_section_nesting_allow.str1.1
                0x0000fc4c       0x5c _build/nrf_802154_critical_section.o
 .rodata.__func__.0
                0x0000fc4c       0x37 _build/nrf_802154_critical_section.o
 .rodata.__func__.1
                0x0000fc83       0x29 _build/nrf_802154_critical_section.o
 .rodata.__func__.2
                0x0000fcac       0x2a _build/nrf_802154_critical_section.o
 .rodata.__func__.4
                0x0000fcd6       0x16 _build/nrf_802154_critical_section.o
 .rodata.__func__.5
                0x0000fcec       0x2d _build/nrf_802154_critical_section.o
 .rodata.__func__.6
                0x0000fd19       0x17 _build/nrf_802154_critical_section.o
 .rodata        0x0000fd30        0xe _build/nrf_802154_pib.o
 .rodata.nrf_802154_timer_coord_timestamp_get.str1.1
                0x0000fd3e       0x87 _build/nrf_802154_timer_coord.o
 .rodata.__func__.0
                0x0000fd3e       0x25 _build/nrf_802154_timer_coord.o
 .rodata.nrf_802154_csma_ca_start.str1.1
                0x0000fd63       0x94 _build/nrf_802154_csma_ca.o
 .rodata.nrf_802154_csma_ca_tx_started_hook.str1.1
                0x0000fd63       0x2d _build/nrf_802154_csma_ca.o
 .rodata.__func__.0
                0x0000fd63       0x23 _build/nrf_802154_csma_ca.o
 .rodata.dly_op_state_set.str1.1
                0x0000fd86       0xb5 _build/nrf_802154_delayed_trx.o
 .rodata.notify_rx_timeout.str1.1
                0x0000fd86       0x7c _build/nrf_802154_delayed_trx.o
 .rodata.__func__.0
                0x0000fd86       0x1d _build/nrf_802154_delayed_trx.o
 .rodata.nrf_802154_filter_frame_part.str1.1
                0x0000fda3       0x81 _build/nrf_802154_filter.o
 .rodata.__func__.0
                0x0000fda3        0xf _build/nrf_802154_filter.o
 .rodata        0x0000fdb2        0x2 _build/nrf_802154_filter.o
 .rodata.CSWTCH.11
                0x0000fdb4        0xd _build/nrf_802154_frame_parser.o
 .rodata.timeout_timer_fired.str1.1
                0x0000fdc1       0xa6 _build/nrf_802154_precise_ack_timeout.o
 .rodata.nrf_802154_ack_timeout_transmitted_hook.str1.1
                0x0000fdc1       0x32 _build/nrf_802154_precise_ack_timeout.o
 .rodata.nrf_802154_ack_timeout_rx_ack_started_hook.str1.1
                0x0000fdc1       0x16 _build/nrf_802154_precise_ack_timeout.o
 .rodata.__func__.0
                0x0000fdc1       0x26 _build/nrf_802154_precise_ack_timeout.o
 .rodata.__func__.1
                0x0000fde7       0x2b _build/nrf_802154_precise_ack_timeout.o
 .rodata.__func__.2
                0x0000fe12       0x28 _build/nrf_802154_precise_ack_timeout.o
 .rodata.__func__.3
                0x0000fe3a       0x14 _build/nrf_802154_precise_ack_timeout.o
 .rodata.addr_index_find.str1.1
                0x0000fe4e       0x91 _build/nrf_802154_ack_data.o
 .rodata.__func__.0
                0x0000fe4e       0x2e _build/nrf_802154_ack_data.o
 .rodata.__func__.5
                0x0000fe7c       0x10 _build/nrf_802154_ack_data.o
 .rodata.nrf_802154_ack_generator_create.str1.1
                0x0000fe8c       0xbe _build/nrf_802154_ack_generator.o
 .rodata.__func__.0
                0x0000fe8c       0x20 _build/nrf_802154_ack_generator.o
 .rodata.nrf_802154_enh_ack_generator_create.str1.1
                0x0000feac      0x107 _build/nrf_802154_enh_ack_generator.o
 .rodata.__func__.1
                0x0000feac       0x15 _build/nrf_802154_enh_ack_generator.o
 .rodata.__func__.2
                0x0000fec1       0x10 _build/nrf_802154_enh_ack_generator.o
 .rodata.__func__.3
                0x0000fed1       0x12 _build/nrf_802154_enh_ack_generator.o
 .rodata.prec_approved_prio_set.str1.1
                0x0000fee3       0xae _build/nrf_802154_rsch.o
 .rodata.nrf_802154_rsch_prec_is_approved.str1.1
                0x0000fee3       0x15 _build/nrf_802154_rsch.o
 .rodata.__func__.0
                0x0000fee3       0x21 _build/nrf_802154_rsch.o
 .rodata.__func__.3
                0x0000ff04       0x17 _build/nrf_802154_rsch.o
 .rodata.timer_remove.str1.1
                0x0000ff1b       0xa9 _build/nrf_802154_timer_sched.o
 .rodata.nrf_802154_timer_sched_add.str1.1
                0x0000ff1b       0x3d _build/nrf_802154_timer_sched.o
 .rodata.__func__.0
                0x0000ff1b        0xd _build/nrf_802154_timer_sched.o
 .rodata.__func__.1
                0x0000ff28       0x1b _build/nrf_802154_timer_sched.o
 .rodata.nrf_raal_continuous_mode_enter.str1.1
                0x0000ff43       0x8a _build/single_phy.o
 .rodata.nrf_raal_continuous_mode_exit.str1.1
                0x0000ff43        0xd _build/single_phy.o
 .rodata.__func__.0
                0x0000ff43       0x1a _build/single_phy.o
 .rodata.__func__.1
                0x0000ff5d       0x1e _build/single_phy.o
 .rodata.__func__.2
                0x0000ff7b       0x1f _build/single_phy.o
 .rodata.nrf_802154_hp_timer_sync_time_get.str1.1
                0x0000ff9a       0x96 _build/nrf_802154_hp_timer.o
 .rodata.__func__.0
                0x0000ff9a       0x22 _build/nrf_802154_hp_timer.o
 .rodata.NRF_802154_US_TO_RTC_TICKS.str1.1
                0x0000ffbc       0x7b _build/nrf_802154_lp_timer_nodrv.o
 .rodata.overflow_counter_get.str1.1
                0x0000ffbc       0xa0 _build/nrf_802154_lp_timer_nodrv.o
 .rodata.__func__.0
                0x0000ffbc       0x1b _build/nrf_802154_lp_timer_nodrv.o
 .rodata.__func__.1
                0x0000ffd7       0x15 _build/nrf_802154_lp_timer_nodrv.o
 .rodata.m_cmp_ch
                0x0000ffec       0x20 _build/nrf_802154_lp_timer_nodrv.o
 .rodata.str1.4
                0x0001000c      0x112 /usr/lib/gcc/arm-none-eabi/13.2.1/../../../arm-none-eabi/lib/thumb/v7e-m+fp/hard/libc.a(libc_a-assert.o)
                                 0x43 (size before relaxing)
 *fill*         0x0001011e        0x2 
 .rodata        0x00010120      0x101 /usr/lib/gcc/arm-none-eabi/13.2.1/../../../arm-none-eabi/lib/thumb/v7e-m+fp/hard/libc.a(libc_a-ctype_.o)
                0x00010120                _ctype_
 .rodata.str1.4
                0x00010221       0x42 /usr/lib/gcc/arm-none-eabi/13.2.1/../../../arm-none-eabi/lib/thumb/v7e-m+fp/hard/libc.a(libc_a-vfprintf.o)
 *fill*         0x00010221        0x3 
 .rodata        0x00010224       0x20 /usr/lib/gcc/arm-none-eabi/13.2.1/../../../arm-none-eabi/lib/thumb/v7e-m+fp/hard/libc.a(libc_a-vfprintf.o)
 .rodata.str1.4
                0x00010244       0x2f /usr/lib/gcc/arm-none-eabi/13.2.1/../../../arm-none-eabi/lib/thumb/v7e-m+fp/hard/libc.a(libc_a-vfiprintf.o)
 .rodata        0x00010244       0x20 /usr/lib/gcc/arm-none-eabi/13.2.1/../../../arm-none-eabi/lib/thumb/v7e-m+fp/hard/libc.a(libc_a-vfiprintf.o)
 .rodata.str1.4
                0x00010264       0x54 /usr/lib/gcc/arm-none-eabi/13.2.1/../../../arm-none-eabi/lib/thumb/v7e-m+fp/hard/libc.a(libc_a-dtoa.o)
 .rodata.str1.4
                0x00010264       0x41 /usr/lib/gcc/arm-none-eabi/13.2.1/../../../arm-none-eabi/lib/thumb/v7e-m+fp/hard/libc.a(libc_a-mprec.o)
 *fill*         0x00010264        0x4 
 .rodata        0x00010268      0x128 /usr/lib/gcc/arm-none-eabi/13.2.1/../../../arm-none-eabi/lib/thumb/v7e-m+fp/hard/libc.a(libc_a-mprec.o)
                0x00010278                __mprec_tens
                0x00010340                __mprec_tinytens
                0x00010368                __mprec_bigtens
 .rodata.str1.4
                0x00010390       0x12 /usr/lib/gcc/arm-none-eabi/13.2.1/../../../arm-none-eabi/lib/thumb/v7e-m+fp/hard/libc.a(libc_a-locale.o)
 *(.eh_frame*)
 .eh_frame      0x00010390        0x0 /usr/lib/gcc/arm-none-eabi/13.2.1/thumb/v7e-m+fp/hard/crtbegin.o
 .eh_frame      0x00010390       0x34 /usr/lib/gcc/arm-none-eabi/13.2.1/../../../arm-none-eabi/lib/thumb/v7e-m+fp/hard/libc.a(libc_a-strlen.o)
 .eh_frame      0x000103c4       0x2c /usr/lib/gcc/arm-none-eabi/13.2.1/../../../arm-none-eabi/lib/thumb/v7e-m+fp/hard/libc.a(libc_a-memcpy.o)
 .eh_frame      0x000103f0       0x50 /usr/lib/gcc/arm-none-eabi/13.2.1/../../../arm-none-eabi/lib/thumb/v7e-m+fp/hard/libc.a(libc_a-memchr.o)
 .eh_frame      0x00010440        0x4 /usr/lib/gcc/arm-none-eabi/13.2.1/thumb/v7e-m+fp/hard/crtend.o

.glue_7         0x00010444        0x0
 .glue_7        0x00010444        0x0 linker stubs

.glue_7t        0x00010444        0x0
 .glue_7t       0x00010444        0x0 linker stubs

.vfp11_veneer   0x00010444        0x0
 .vfp11_veneer  0x00010444        0x0 linker stubs

.v4_bx          0x00010444        0x0
 .v4_bx         0x00010444        0x0 linker stubs

.iplt           0x00010444        0x0
 .iplt          0x00010444        0x0 /usr/lib/gcc/arm-none-eabi/13.2.1/thumb/v7e-m+fp/hard/crtbegin.o

.pwr_mgmt_data  0x00010444        0x0
                0x00010444                        PROVIDE (__start_pwr_mgmt_data = .)
 *(SORT_BY_NAME(.pwr_mgmt_data*))
                0x00010444                        PROVIDE (__stop_pwr_mgmt_data = .)

.log_const_data
                0x00010444       0x60
                0x00010444                        PROVIDE (__start_log_const_data = .)
 *(SORT_BY_NAME(.log_const_data*))
 .log_const_data_GPIOTE
                0x00010444        0x8 _build/nrfx_gpiote.o
                0x00010444                m_nrf_log_GPIOTE_logs_data_const
 .log_const_data_PRS
                0x0001044c        0x8 _build/nrfx_prs.o
                0x0001044c                m_nrf_log_PRS_logs_data_const
 .log_const_data_PWM
                0x00010454        0x8 _build/nrfx_pwm.o
                0x00010454                m_nrf_log_PWM_logs_data_const
 .log_const_data_SAADC
                0x0001045c        0x8 _build/nrfx_saadc.o
                0x0001045c                m_nrf_log_SAADC_logs_data_const