Archive member included to satisfy reference by file (symbol)

/usr/lib/gcc/arm-none-eabi/13.2.1/../../../arm-none-eabi/lib/thumb/v7e-m+fp/hard/libc.a(libc_a-rand.o)
                              _build/nrf_802154_random_stdlib.o (srand)
/usr/lib/gcc/arm-none-eabi/13.2.1/../../../arm-none-eabi/lib/thumb/v7e-m+fp/hard/libc.a(libc_a-strlen.o)
                              _build/nrf_fprintf_format.o (strlen)
/usr/lib/gcc/arm-none-eabi/13.2.1/../../../arm-none-eabi/lib/thumb/v7e-m+fp/hard/libc.a(libc_a-memset.o)
                              /usr/lib/gcc/arm-none-eabi/13.2.1/../../../arm-none-eabi/lib/thumb/v7e-m+fp/hard/crt0.o (memset)
/usr/lib/gcc/arm-none-eabi/13.2.1/../../../arm-none-eabi/lib/thumb/v7e-m+fp/hard/libc.a(libc_a-assert.o)
                              _build/nrf_802154.o (__assert_func)
/usr/lib/gcc/arm-none-eabi/13.2.1/../../../arm-none-eabi/lib/thumb/v7e-m+fp/hard/libc.a(libc_a-abs.o)
                              _build/cutebot_utils.o (abs)
/usr/lib/gcc/arm-none-eabi/13.2.1/../../../arm-none-eabi/lib/thumb/v7e-m+fp/hard/libc.a(libc_a-strcmp.o)
                              _build/cutebot_utils.o (strcmp)
/usr/lib/gcc/arm-none-eabi/13.2.1/../../../arm-none-eabi/lib/thumb/v7e-m+fp/hard/libc.a(libc_a-memmove.o)
                              _build/nrf_802154_ack_data.o (memmove)
/usr/lib/gcc/arm-none-eabi/13.2.1/../../../arm-none-eabi/lib/thumb/v7e-m+fp/hard/libc.a(libc_a-impure.o)
                              _build/microbit_before_startup.o (_impure_ptr)
/usr/lib/gcc/arm-none-eabi/13.2.1/../../../arm-none-eabi/lib/thumb/v7e-m+fp/hard/libc.a(libc_a-abort.o)
                              /usr/lib/gcc/arm-none-eabi/13.2.1/../../../arm-none-eabi/lib/thumb/v7e-m+fp/hard/libc.a(libc_a-assert.o) (abort)
/usr/lib/gcc/arm-none-eabi/13.2.1/../../../arm-none-eabi/lib/thumb/v7e-m+fp/hard/libc.a(libc_a-setbuf.o)
                              _build/microbit_before_startup.o (setbuf)
/usr/lib/gcc/arm-none-eabi/13.2.1/../../../arm-none-eabi/lib/thumb/v7e-m+fp/hard/libc.a(libc_a-fiprintf.o)
                              /usr/lib/gcc/arm-none-eabi/13.2.1/../../../arm-none-eabi/lib/thumb/v7e-m+fp/hard/libc.a(libc_a-assert.o) (fiprintf)
/usr/lib/gcc/arm-none-eabi/13.2.1/../../../arm-none-eabi/lib/thumb/v7e-m+fp/hard/libc.a(libc_a-memcmp.o)
                              _build/nrf_twi_mngr.o (memcmp)
/usr/lib/gcc/arm-none-eabi/13.2.1/../../../arm-none-eabi/lib/thumb/v7e-m+fp/hard/libc.a(libc_a-memcpy.o)
                              _build/radio_utils.o (memcpy)
/usr/lib/gcc/arm-none-eabi/13.2.1/../../../arm-none-eabi/lib/thumb/v7e-m+fp/hard/libc.a(libc_a-init.o)
                              /usr/lib/gcc/arm-none-eabi/13.2.1/../../../arm-none-eabi/lib/thumb/v7e-m+fp/hard/crt0.o (__libc_init_array)
/usr/lib/gcc/arm-none-eabi/13.2.1/../../../arm-none-eabi/lib/thumb/v7e-m+fp/hard/libc.a(libc_a-findfp.o)
                              /usr/lib/gcc/arm-none-eabi/13.2.1/../../../arm-none-eabi/lib/thumb/v7e-m+fp/hard/libc.a(libc_a-impure.o) (__sf)
/usr/lib/gcc/arm-none-eabi/13.2.1/../../../arm-none-eabi/lib/thumb/v7e-m+fp/hard/libc.a(libc_a-exit.o)
                              /usr/lib/gcc/arm-none-eabi/13.2.1/../../../arm-none-eabi/lib/thumb/v7e-m+fp/hard/crt0.o (exit)
/usr/lib/gcc/arm-none-eabi/13.2.1/../../../arm-none-eabi/lib/thumb/v7e-m+fp/hard/libc.a(libc_a-ctype_.o)
                              _build/nrf_log_str_formatter.o (_ctype_)
/usr/lib/gcc/arm-none-eabi/13.2.1/../../../arm-none-eabi/lib/thumb/v7e-m+fp/hard/libc.a(libc_a-atexit.o)
                              /usr/lib/gcc/arm-none-eabi/13.2.1/../../../arm-none-eabi/lib/thumb/v7e-m+fp/hard/crt0.o (atexit)
/usr/lib/gcc/arm-none-eabi/13.2.1/../../../arm-none-eabi/lib/thumb/v7e-m+fp/hard/libc.a(libc_a-printf.o)
                              _build/cutebot_utils.o (printf)
/usr/lib/gcc/arm-none-eabi/13.2.1/../../../arm-none-eabi/lib/thumb/v7e-m+fp/hard/libc.a(libc_a-signal.o)
                              /usr/lib/gcc/arm-none-eabi/13.2.1/../../../arm-none-eabi/lib/thumb/v7e-m+fp/hard/libc.a(libc_a-abort.o) (raise)
/usr/lib/gcc/arm-none-eabi/13.2.1/../../../arm-none-eabi/lib/thumb/v7e-m+fp/hard/libc.a(libc_a-fini.o)
                              /usr/lib/gcc/arm-none-eabi/13.2.1/../../../arm-none-eabi/lib/thumb/v7e-m+fp/hard/crt0.o (__libc_fini_array)
/usr/lib/gcc/arm-none-eabi/13.2.1/../../../arm-none-eabi/lib/thumb/v7e-m+fp/hard/libc.a(libc_a-fwalk.o)
                              /usr/lib/gcc/arm-none-eabi/13.2.1/../../../arm-none-eabi/lib/thumb/v7e-m+fp/hard/libc.a(libc_a-findfp.o) (_fwalk_sglue)
/usr/lib/gcc/arm-none-eabi/13.2.1/../../../arm-none-eabi/lib/thumb/v7e-m+fp/hard/libc.a(libc_a-vfprintf.o)
                              /usr/lib/gcc/arm-none-eabi/13.2.1/../../../arm-none-eabi/lib/thumb/v7e-m+fp/hard/libc.a(libc_a-printf.o) (_vfprintf_r)
/usr/lib/gcc/arm-none-eabi/13.2.1/../../../arm-none-eabi/lib/thumb/v7e-m+fp/hard/libc.a(libc_a-memchr.o)
[...]
Memory Configuration

Name             Origin             Length             Attributes
FLASH            0x00000000         0x00080000         xr
RAM              0x20000000         0x00020000         xrw
*default*        0x00000000         0xffffffff

Linker script and memory map

                0x0007f000                        __stop_ot_flash_data = ((ORIGIN (FLASH) + LENGTH (FLASH)) - FLASH_PAGE_SIZE)
                0x0007b000                        __start_ot_flash_data = (__stop_ot_flash_data - (FLASH_PAGE_SIZE * FLASH_DATA_PAGES_USED))
                0x00000001                        ASSERT ((__start_ot_flash_data >= (__etext + SIZEOF (.data))), Error: Code overlaps flash data area.)

.text           0x00000000    0x1265c
 *(.isr_vector)
 .isr_vector    0x00000000      0x200 _build/gcc_startup_nrf52833.os
                0x00000000                __isr_vector
 *(.text*)
 .text          0x00000200       0x88 /usr/lib/gcc/arm-none-eabi/13.2.1/thumb/v7e-m+fp/hard/crtbegin.o
 .text          0x00000288       0x70 /usr/lib/gcc/arm-none-eabi/13.2.1/../../../arm-none-eabi/lib/thumb/v7e-m+fp/hard/crt0.o
                0x00000288                _stack_init
                0x00000290                _mainCRTStartup
                0x00000290                _start
 .text.nrf_gpio_pin_port_decode
                0x000002f8       0x30 _build/cutebot_utils.o
 .text.nrf_gpio_pin_read
                0x00000328       0x1c _build/cutebot_utils.o
 .text.cutebot_init
                0x00000344       0x6e _build/cutebot_utils.o
                0x00000344                cutebot_init
 *fill*         0x000003b2        0x2 
 .text.cutebot_set_motors_speed
                0x000003b4       0xcc _build/cutebot_utils.o
                0x000003b4                cutebot_set_motors_speed
 .text.cutebot_set_head_light
                0x00000480       0x90 _build/cutebot_utils.o
                0x00000480                cutebot_set_head_light
 .text.cutebot_get_tracking
                0x00000510       0x44 _build/cutebot_utils.o
                0x00000510                cutebot_get_tracking
 .text.cutebot_follow_black_road
                0x00000554       0x60 _build/cutebot_utils.o
                0x00000554                cutebot_follow_black_road
 .text.saadc_callback
                0x000005b4        0x2 _build/joystick_utils.o
 *fill*         0x000005b6        0x2 
 .text.nrf_gpio_pin_port_decode
                0x000005b8       0x30 _build/joystick_utils.o
 .text.nrf_gpio_pin_clear
                0x000005e8       0x1a _build/joystick_utils.o
 .text.nrf_gpio_pin_read
                0x00000602       0x1c _build/joystick_utils.o
 .text.nrf_gpio_cfg_input.constprop.0
                0x0000061e       0x1c _build/joystick_utils.o
 *fill*         0x0000063a        0x2 
 .text.adc_init
                0x0000063c       0x80 _build/joystick_utils.o
                0x0000063c                adc_init
 .text.read_channel
                0x000006bc       0x40 _build/joystick_utils.o
                0x000006bc                read_channel
 .text.joysticks_init
                0x000006fc       0x3c _build/joystick_utils.o
                0x000006fc                joysticks_init
 .text.is_button_c_pressed
                0x00000738       0x10 _build/joystick_utils.o
                0x00000738                is_button_c_pressed
 .text.is_button_d_pressed
                0x00000748       0x10 _build/joystick_utils.o
                0x00000748                is_button_d_pressed
 .text.is_button_e_pressed
                0x00000758       0x10 _build/joystick_utils.o
                0x00000758                is_button_e_pressed
 .text.is_button_f_pressed
                0x00000768       0x10 _build/joystick_utils.o
                0x00000768                is_button_f_pressed
 .text.check_all_buttons
                0x00000778       0x1e _build/joystick_utils.o
                0x00000778                check_all_buttons
 .text.buzzer_on
                0x00000796       0x1c _build/joystick_utils.o
                0x00000796                buzzer_on
 .text.buzzer_off
                0x000007b2        0x6 _build/joystick_utils.o
                0x000007b2                buzzer_off
 .text.get_device_id
                0x000007b8       0x20 _build/main.o
                0x000007b8                get_device_id
 .text.startup.main
                0x000007d8      0x534 _build/main.o
                0x000007d8                main
 .text.i2c_reg_write
                0x00000d0c       0x40 _build/microbot_utils.o
 .text.microbot_init
                0x00000d4c        0x6 _build/microbot_utils.o
                0x00000d4c                microbot_init
 .text.microbot_enable
                0x00000d52        0xc _build/microbot_utils.o
                0x00000d52                microbot_enable
 .text.microbot_left_motor
                0x00000d5e       0x12 _build/microbot_utils.o
                0x00000d5e                microbot_left_motor
 .text.microbot_right_motor
                0x00000d70       0x12 _build/microbot_utils.o
                0x00000d70                microbot_right_motor
 *fill*         0x00000d82        0x6 
 .text.microbot_motor_drive
                0x00000d88       0x64 _build/microbot_utils.o
                0x00000d88                microbot_motor_drive
 .text.microbot_get_ultrasonic_distance
                0x00000dec       0x64 _build/microbot_utils.o
                0x00000dec                microbot_get_ultrasonic_distance
 .text.radio_init
                0x00000e50       0x64 _build/radio_utils.o
                0x00000e50                radio_init
 .text.radio_send
                0x00000eb4       0x90 _build/radio_utils.o
                0x00000eb4                radio_send
 .text.nrf_802154_received_raw
                0x00000f44       0x4c _build/radio_utils.o
                0x00000f44                nrf_802154_received_raw
 .text.radio_get_received_command
                0x00000f90       0x24 _build/radio_utils.o
                0x00000f90                radio_get_received_command
 .text.radio_get_received_button_states
                0x00000fb4        0x8 _build/radio_utils.o
                0x00000fb4                radio_get_received_button_states
 .text.radio_get_auto_mode
                0x00000fbc        0xc _build/radio_utils.o
                0x00000fbc                radio_get_auto_mode
 .text.radio_get_received_ultrosonic_distance
                0x00000fc8        0xc _build/radio_utils.o
                0x00000fc8                radio_get_received_ultrosonic_distance
 .text.nrf_gpio_pin_port_decode
                0x00000fd4       0x30 _build/better_error_handling.o
 .text.nrf_gpio_pin_clear
                0x00001004       0x1a _build/better_error_handling.o
 .text.nrf_gpio_pin_set
                0x0000101e       0x1a _build/better_error_handling.o
 .text.nrf_delay_ms.part.0
                0x00001038       0x1c _build/better_error_handling.o
 .text.error_blink_pattern
                0x00001054      0x104 _build/better_error_handling.o
 .text.app_error_fault_handler
                0x00001158       0x70 _build/better_error_handling.o
                0x00001158                app_error_fault_handler
 .text.HardFault_c_handler
                0x000011c8       0xec _build/better_error_handling.o
                0x000011c8                HardFault_c_handler
 .text._close   0x000012b4        0x2 _build/clib_stubs.o
                0x000012b4                _close
 .text._fstat   0x000012b6        0x2 _build/clib_stubs.o
                0x000012b6                _fstat
 .text._getpid  0x000012b8        0x2 _build/clib_stubs.o
                0x000012b8                _getpid
 .text._isatty  0x000012ba        0x2 _build/clib_stubs.o
                0x000012ba                _isatty
 .text._kill    0x000012bc        0x2 _build/clib_stubs.o
                0x000012bc                _kill
 .text._lseek   0x000012be        0x2 _build/clib_stubs.o
                0x000012be                _lseek
 .text.startup.called_first
                0x000012c0       0x48 _build/microbit_before_startup.o
                0x000012c0                called_first
 .text.nrf_log_backend_uart_flush
                0x00001308        0x2 _build/microbit_nrf_log_backend_uart.o
 *fill*         0x0000130a        0x2 
 .text.nrf_log_backend_uart_put
                0x0000130c       0x1c _build/microbit_nrf_log_backend_uart.o
 .text.uart_init.constprop.0
                0x00001328       0x54 _build/microbit_nrf_log_backend_uart.o
 .text.serial_tx
                0x0000137c       0x50 _build/microbit_nrf_log_backend_uart.o
 .text.nrf_log_backend_uart_panic_set
                0x000013cc       0x2c _build/microbit_nrf_log_backend_uart.o
 .text.nrf_log_backend_uart_init
                0x000013f8        0x4 _build/microbit_nrf_log_backend_uart.o
                0x000013f8                nrf_log_backend_uart_init
 .text._write   0x000013fc       0x2c _build/microbit_retarget.o
                0x000013fc                _write
 .text._read    0x00001428       0x30 _build/microbit_retarget.o
                0x00001428                _read
 .text.app_error_handler
                0x00001458       0x1a _build/app_error_handler_gcc.o
                0x00001458                app_error_handler
 *fill*         0x00001472        0x2 
 .text.nrfx_coredep_delay_us.part.0.constprop.0
                0x00001474       0x10 _build/app_timer.o
 .text.RTC1_IRQHandler
                0x00001484       0x9c _build/app_timer.o
                0x00001484                RTC1_IRQHandler
 .text.SWI0_EGU0_IRQHandler
                0x00001520      0x2b0 _build/app_timer.o
                0x00001520                SWI0_EGU0_IRQHandler
 .text.app_util_disable_irq
                0x000017d0       0x10 _build/app_util_platform.o
                0x000017d0                app_util_disable_irq
 .text.app_util_enable_irq
                0x000017e0       0x14 _build/app_util_platform.o
                0x000017e0                app_util_enable_irq
 .text.privilege_level_get
                0x000017f4       0x1a _build/app_util_platform.o
                0x000017f4                privilege_level_get
 *fill*         0x0000180e        0x2 
 .text.app_util_critical_region_enter
                0x00001810       0x20 _build/app_util_platform.o
                0x00001810                app_util_critical_region_enter
 .text.app_util_critical_region_exit
                0x00001830       0x20 _build/app_util_platform.o
                0x00001830                app_util_critical_region_exit
 .text.HardFault_Handler
                0x00001850       0x34 _build/hardfault_handler_gcc.o
                0x00001850                HardFault_Handler
 .text.assert_nrf_callback
                0x00001884       0x1a _build/nrf_assert.o
                0x00001884                assert_nrf_callback
 .text.nrf_atomic_u32_fetch_store
                0x0000189e       0x16 _build/nrf_atomic.o
                0x0000189e                nrf_atomic_u32_fetch_store
 .text.nrf_atomic_u32_or
                0x000018b4       0x18 _build/nrf_atomic.o
                0x000018b4                nrf_atomic_u32_or
 .text.nrf_atomic_u32_fetch_and
                0x000018cc       0x18 _build/nrf_atomic.o
                0x000018cc                nrf_atomic_u32_fetch_and
 .text.nrf_atomic_u32_add
                0x000018e4       0x18 _build/nrf_atomic.o
                0x000018e4                nrf_atomic_u32_add
 .text.nrf_atomic_u32_sub
                0x000018fc       0x18 _build/nrf_atomic.o
                0x000018fc                nrf_atomic_u32_sub
 .text.nrf_atomic_flag_set
                0x00001914        0x6 _build/nrf_atomic.o
                0x00001914                nrf_atomic_flag_set
 .text.nrf_atomic_flag_clear_fetch
                0x0000191a        0x6 _build/nrf_atomic.o
                0x0000191a                nrf_atomic_flag_clear_fetch
 .text.nrf_balloc_init
                0x00001920       0x7c _build/nrf_balloc.o
                0x00001920                nrf_balloc_init
 .text.nrf_balloc_alloc
                0x0000199c       0x54 _build/nrf_balloc.o
                0x0000199c                nrf_balloc_alloc
 .text.nrf_balloc_free
                0x000019f0       0x48 _build/nrf_balloc.o
                0x000019f0                nrf_balloc_free
 .text.twim_evt_handler
                0x00001a38       0x40 _build/nrf_drv_twi.o
 .text.nrf_gpio_pin_port_decode
                0x00001a78       0x30 _build/nrf_drv_twi.o
 .text.nrf_gpio_pin_set
                0x00001aa8       0x1a _build/nrf_drv_twi.o
 *fill*         0x00001ac2        0x2 
 .text.nrfx_coredep_delay_us.part.0.constprop.0
                0x00001ac4       0x10 _build/nrf_drv_twi.o
 .text.nrf_drv_twi_init
                0x00001ad4       0xec _build/nrf_drv_twi.o
                0x00001ad4                nrf_drv_twi_init
 .text.uarte_evt_handler
                0x00001bc0       0x34 _build/nrf_drv_uart.o
 .text.uart_evt_handler
                0x00001bf4       0x34 _build/nrf_drv_uart.o
 .text.nrf_drv_uart_init
                0x00001c28       0x7c _build/nrf_drv_uart.o
                0x00001c28                nrf_drv_uart_init
 .text.nrf_fprintf_buffer_flush
                0x00001ca4       0x24 _build/nrf_fprintf.o
                0x00001ca4                nrf_fprintf_buffer_flush
 .text.nrf_fprintf
                0x00001cc8       0x54 _build/nrf_fprintf.o
                0x00001cc8                nrf_fprintf
 .text.buffer_add
                0x00001d1c       0x1e _build/nrf_fprintf_format.o
 *fill*         0x00001d3a        0x2 
 .text.unsigned_print
                0x00001d3c       0xb4 _build/nrf_fprintf_format.o
 .text.nrf_fprintf_fmt
                0x00001df0      0x2f8 _build/nrf_fprintf_format.o
                0x00001df0                nrf_fprintf_fmt
 .text.nrf_log_backend_serial_put
                0x000020e8       0xc2 _build/nrf_log_backend_serial.o
                0x000020e8                nrf_log_backend_serial_put
 *fill*         0x000021aa        0x2 
 .text.nrf_log_default_backends_init
                0x000021ac       0x30 _build/nrf_log_default_backends.o
                0x000021ac                nrf_log_default_backends_init
 .text.invalid_packets_omit
                0x000021dc       0x38 _build/nrf_log_frontend.o
 .text.buf_prealloc
                0x00002214      0x140 _build/nrf_log_frontend.o
 .text.nrf_log_init
                0x00002354       0x3c _build/nrf_log_frontend.o
                0x00002354                nrf_log_init
 .text.nrf_log_module_name_get
                0x00002390       0x38 _build/nrf_log_frontend.o
                0x00002390                nrf_log_module_name_get
 .text.nrf_log_color_id_get
                0x000023c8       0x2c _build/nrf_log_frontend.o
                0x000023c8                nrf_log_color_id_get
 .text.buffer_is_empty
                0x000023f4       0x14 _build/nrf_log_frontend.o
                0x000023f4                buffer_is_empty
 .text.nrf_log_frontend_dequeue
                0x00002408      0x220 _build/nrf_log_frontend.o
                0x00002408                nrf_log_frontend_dequeue
 .text.std_n    0x00002628       0xb8 _build/nrf_log_frontend.o
 .text.nrf_log_frontend_std_0
                0x000026e0        0x8 _build/nrf_log_frontend.o
                0x000026e0                nrf_log_frontend_std_0
 .text.nrf_log_frontend_std_1
                0x000026e8       0x12 _build/nrf_log_frontend.o
                0x000026e8                nrf_log_frontend_std_1
 .text.nrf_log_frontend_std_3
                0x000026fa       0x18 _build/nrf_log_frontend.o
                0x000026fa                nrf_log_frontend_std_3
 .text.nrf_log_frontend_std_4
                0x00002712       0x1c _build/nrf_log_frontend.o
                0x00002712                nrf_log_frontend_std_4
 *fill*         0x0000272e        0x2 
 .text.nrf_log_backend_add
                0x00002730       0x54 _build/nrf_log_frontend.o
                0x00002730                nrf_log_backend_add
 .text.nrf_log_panic
                0x00002784       0x28 _build/nrf_log_frontend.o
                0x00002784                nrf_log_panic
 .text.postfix_process
                0x000027ac       0x3c _build/nrf_log_str_formatter.o
 .text.prefix_process.constprop.0
                0x000027e8       0x78 _build/nrf_log_str_formatter.o
 .text.nrf_log_std_entry_process
                0x00002860       0xc8 _build/nrf_log_str_formatter.o
                0x00002860                nrf_log_std_entry_process
 .text.nrf_log_hexdump_entry_process
                0x00002928       0xbc _build/nrf_log_str_formatter.o
                0x00002928                nrf_log_hexdump_entry_process
 .text.memobj_op
                0x000029e4       0xa8 _build/nrf_memobj.o
 .text.nrf_memobj_pool_init
                0x00002a8c        0x4 _build/nrf_memobj.o
                0x00002a8c                nrf_memobj_pool_init
 .text.nrf_memobj_free
                0x00002a90       0x2c _build/nrf_memobj.o
                0x00002a90                nrf_memobj_free
 .text.nrf_memobj_alloc
                0x00002abc       0x58 _build/nrf_memobj.o
                0x00002abc                nrf_memobj_alloc
 .text.nrf_memobj_get
                0x00002b14        0x8 _build/nrf_memobj.o
                0x00002b14                nrf_memobj_get
 .text.nrf_memobj_put
                0x00002b1c       0x1c _build/nrf_memobj.o
                0x00002b1c                nrf_memobj_put
 .text.nrf_memobj_write
                0x00002b38       0x2c _build/nrf_memobj.o
                0x00002b38                nrf_memobj_write
 .text.nrf_memobj_read
                0x00002b64       0x30 _build/nrf_memobj.o
                0x00002b64                nrf_memobj_read
 .text.queue_utilization_get
                0x00002b94       0x18 _build/nrf_queue.o
 .text.nrf_queue_next_idx
                0x00002bac       0x20 _build/nrf_queue.o
 .text.nrf_queue_is_full
                0x00002bcc       0x28 _build/nrf_queue.o
                0x00002bcc                nrf_queue_is_full
 .text.nrf_queue_push
                0x00002bf4       0xc4 _build/nrf_queue.o
                0x00002bf4                nrf_queue_push
 .text.nrf_queue_is_empty
                0x00002cb8       0x24 _build/nrf_queue.o
                0x00002cb8                nrf_queue_is_empty
 .text.nrf_queue_generic_pop
                0x00002cdc       0x9c _build/nrf_queue.o
                0x00002cdc                nrf_queue_generic_pop
 .text.nrf_ringbuf_init
                0x00002d78       0x1c _build/nrf_ringbuf.o
                0x00002d78                nrf_ringbuf_init
 .text.nrf_strerror_find
                0x00002d94       0x34 _build/nrf_strerror.o
                0x00002d94                nrf_strerror_find
 .text.nrf_strerror_get
                0x00002dc8       0x14 _build/nrf_strerror.o
                0x00002dc8                nrf_strerror_get
 .text.internal_transaction_cb
                0x00002ddc        0xa _build/nrf_twi_mngr.o
 *fill*         0x00002de6        0x2 
 .text.transaction_end_signal
                0x00002de8       0x30 _build/nrf_twi_mngr.o
 .text.start_transfer
                0x00002e18       0xc4 _build/nrf_twi_mngr.o
 .text.start_pending_transaction
                0x00002edc       0xb0 _build/nrf_twi_mngr.o
 .text.twi_event_handler
                0x00002f8c       0x58 _build/nrf_twi_mngr.o
 .text.nrf_twi_mngr_init
                0x00002fe4       0x78 _build/nrf_twi_mngr.o
                0x00002fe4                nrf_twi_mngr_init
 .text.nrf_twi_mngr_schedule
                0x0000305c       0x60 _build/nrf_twi_mngr.o
                0x0000305c                nrf_twi_mngr_schedule
 .text.nrf_twi_mngr_perform
                0x000030bc       0x84 _build/nrf_twi_mngr.o
                0x000030bc                nrf_twi_mngr_perform
 .text.nrf_gpiote_event_clear
                0x00003140       0x18 _build/nrfx_gpiote.o
 .text.nrf_bitmask_bit_set
                0x00003158       0x12 _build/nrfx_gpiote.o
 *fill*         0x0000316a        0x2 
 .text.nrf_gpio_pin_port_decode
                0x0000316c       0x30 _build/nrfx_gpiote.o
 .text.nrf_gpio_cfg_sense_set
                0x0000319c       0x2e _build/nrfx_gpiote.o
 *fill*         0x000031ca        0x2 
 .text.nrf_gpio_ports_read.constprop.0
                0x000031cc       0x18 _build/nrfx_gpiote.o
 .text.GPIOTE_IRQHandler
                0x000031e4      0x19c _build/nrfx_gpiote.o
                0x000031e4                GPIOTE_IRQHandler
 .text.UARTE0_UART0_IRQHandler
                0x00003380       0x20 _build/nrfx_prs.o
                0x00003380                UARTE0_UART0_IRQHandler
 .text.nrfx_prs_acquire
                0x000033a0       0x44 _build/nrfx_prs.o
                0x000033a0                nrfx_prs_acquire
 .text.nrfx_prs_release
                0x000033e4       0x28 _build/nrfx_prs.o
                0x000033e4                nrfx_prs_release
 .text.nrf_pwm_event_clear
                0x0000340c       0x10 _build/nrfx_pwm.o
 .text.irq_handler
                0x0000341c       0x80 _build/nrfx_pwm.o
 .text.PWM0_IRQHandler
                0x0000349c       0x10 _build/nrfx_pwm.o
                0x0000349c                PWM0_IRQHandler
 .text.PWM1_IRQHandler
                0x000034ac       0x10 _build/nrfx_pwm.o
                0x000034ac                PWM1_IRQHandler
 .text.nrf_saadc_event_clear
                0x000034bc       0x18 _build/nrfx_saadc.o
 .text.SAADC_IRQHandler
                0x000034d4      0x15c _build/nrfx_saadc.o
                0x000034d4                SAADC_IRQHandler
 .text.nrfx_saadc_init
                0x00003630       0xbc _build/nrfx_saadc.o
                0x00003630                nrfx_saadc_init
 .text.nrfx_saadc_channel_init
                0x000036ec      0x104 _build/nrfx_saadc.o
                0x000036ec                nrfx_saadc_channel_init
 .text.nrfx_saadc_sample_convert
                0x000037f0       0xe8 _build/nrfx_saadc.o
                0x000037f0                nrfx_saadc_sample_convert
 .text.nrf_gpio_pin_port_decode
                0x000038d8       0x30 _build/nrfx_spim.o
 .text.nrf_gpio_pin_clear
                0x00003908       0x1a _build/nrfx_spim.o
 .text.nrf_gpio_pin_set
                0x00003922       0x1a _build/nrfx_spim.o
 .text.SPIM2_SPIS2_SPI2_IRQHandler
                0x0000393c       0x64 _build/nrfx_spim.o
                0x0000393c                SPIM2_SPIS2_SPI2_IRQHandler
 .text.irq_handler.constprop.0
                0x000039a0       0x4c _build/nrfx_timer.o
 .text.TIMER0_IRQHandler
                0x000039ec       0x10 _build/nrfx_timer.o
                0x000039ec                TIMER0_IRQHandler
 .text.TIMER1_IRQHandler
                0x000039fc       0x10 _build/nrfx_timer.o
                0x000039fc                TIMER1_IRQHandler
 .text.nrf_twim_event_clear
                0x00003a0c       0x10 _build/nrfx_twim.o
 .text.xfer_completeness_check
                0x00003a1c       0x6c _build/nrfx_twim.o
 .text.nrf_gpio_pin_port_decode
                0x00003a88       0x30 _build/nrfx_twim.o
 .text.twim_irq_handler
                0x00003ab8      0x138 _build/nrfx_twim.o
 .text.SPIM0_SPIS0_TWIM0_TWIS0_SPI0_TWI0_IRQHandler
                0x00003bf0       0x10 _build/nrfx_twim.o
                0x00003bf0                SPIM0_SPIS0_TWIM0_TWIS0_SPI0_TWI0_IRQHandler
 .text.SPIM1_SPIS1_TWIM1_TWIS1_SPI1_TWI1_IRQHandler
                0x00003c00       0x10 _build/nrfx_twim.o
                0x00003c00                SPIM1_SPIS1_TWIM1_TWIS1_SPI1_TWI1_IRQHandler
 .text.nrfx_twim_init
                0x00003c10      0x138 _build/nrfx_twim.o
                0x00003c10                nrfx_twim_init
 .text.nrfx_twim_enable
                0x00003d48       0x40 _build/nrfx_twim.o
                0x00003d48                nrfx_twim_enable
 .text.nrfx_twim_disable
                0x00003d88       0x54 _build/nrfx_twim.o
                0x00003d88                nrfx_twim_disable
 .text.nrfx_twim_uninit
                0x00003ddc       0xb4 _build/nrfx_twim.o
                0x00003ddc                nrfx_twim_uninit
 .text.nrfx_twim_xfer
                0x00003e90      0x320 _build/nrfx_twim.o
                0x00003e90                nrfx_twim_xfer
 .text.nrf_uart_event_clear
                0x000041b0       0x10 _build/nrfx_uart.o
 .text.tx_byte  0x000041c0       0x1e _build/nrfx_uart.o
 .text.rx_enable
                0x000041de       0x20 _build/nrfx_uart.o
 *fill*         0x000041fe        0x2 
 .text.nrf_gpio_pin_port_decode
                0x00004200       0x30 _build/nrfx_uart.o
 .text.nrf_gpio_cfg_default
                0x00004230       0x1c _build/nrfx_uart.o
 .text.rx_byte  0x0000424c       0x2c _build/nrfx_uart.o
 .text.rx_done_event.constprop.0
                0x00004278       0x20 _build/nrfx_uart.o
 .text.nrfx_uart_0_irq_handler
                0x00004298      0x144 _build/nrfx_uart.o
                0x00004298                nrfx_uart_0_irq_handler
 .text.nrfx_uart_init
                0x000043dc      0x1d8 _build/nrfx_uart.o
                0x000043dc                nrfx_uart_init
 .text.nrfx_uart_uninit
                0x000045b4       0xc0 _build/nrfx_uart.o
                0x000045b4                nrfx_uart_uninit
 .text.nrfx_uart_tx_in_progress
                0x00004674       0x18 _build/nrfx_uart.o
                0x00004674                nrfx_uart_tx_in_progress
 .text.nrfx_uart_tx
                0x0000468c       0xe0 _build/nrfx_uart.o
                0x0000468c                nrfx_uart_tx
 .text.nrfx_uart_rx
                0x0000476c      0x128 _build/nrfx_uart.o
                0x0000476c                nrfx_uart_rx
 .text.nrf_uarte_event_clear
                0x00004894       0x10 _build/nrfx_uarte.o
 .text.rx_done_event
                0x000048a4       0x1a _build/nrfx_uarte.o
 *fill*         0x000048be        0x2 
 .text.nrf_gpio_pin_port_decode
                0x000048c0       0x30 _build/nrfx_uarte.o
 .text.nrf_gpio_cfg_default
                0x000048f0       0x1c _build/nrfx_uarte.o
 .text.uarte_irq_handler
                0x0000490c      0x10a _build/nrfx_uarte.o
 *fill*         0x00004a16        0x2 
 .text.nrfx_uarte_0_irq_handler
                0x00004a18       0x10 _build/nrfx_uarte.o
                0x00004a18                nrfx_uarte_0_irq_handler
 .text.UARTE1_IRQHandler
                0x00004a28       0x10 _build/nrfx_uarte.o
                0x00004a28                UARTE1_IRQHandler
 .text.nrfx_uarte_init
                0x00004a38      0x1f4 _build/nrfx_uarte.o
                0x00004a38                nrfx_uarte_init
 .text.nrfx_uarte_uninit
                0x00004c2c       0xec _build/nrfx_uarte.o
                0x00004c2c                nrfx_uarte_uninit
 .text.nrfx_uarte_tx_in_progress
                0x00004d18       0x18 _build/nrfx_uarte.o
                0x00004d18                nrfx_uarte_tx_in_progress
 .text.nrfx_uarte_tx
                0x00004d30       0xf4 _build/nrfx_uarte.o
                0x00004d30                nrfx_uarte_tx
 .text.nrfx_uarte_rx
                0x00004e24      0x13c _build/nrfx_uarte.o
                0x00004e24                nrfx_uarte_rx
 .text.last_rx_frame_timestamp_get
                0x00004f60       0x20 _build/nrf_802154.o
 .text.nrf_802154_channel_set
                0x00004f80       0x1e _build/nrf_802154.o
                0x00004f80                nrf_802154_channel_set
 .text.nrf_802154_pan_id_set
                0x00004f9e        0x4 _build/nrf_802154.o
                0x00004f9e                nrf_802154_pan_id_set
 .text.nrf_802154_extended_address_set
                0x00004fa2        0x4 _build/nrf_802154.o
                0x00004fa2                nrf_802154_extended_address_set
 .text.nrf_802154_init
                0x00004fa6       0x4a _build/nrf_802154.o
                0x00004fa6                nrf_802154_init
 .text.nrf_802154_receive
                0x00004ff0        0xc _build/nrf_802154.o
                0x00004ff0                nrf_802154_receive
 .text.nrf_802154_transmit_raw
                0x00004ffc       0x18 _build/nrf_802154.o
                0x00004ffc                nrf_802154_transmit_raw
 .text.nrf_802154_buffer_free_raw
                0x00005014       0x38 _build/nrf_802154.o
                0x00005014                nrf_802154_buffer_free_raw
 .text.nrf_802154_promiscuous_set
                0x0000504c        0x4 _build/nrf_802154.o
                0x0000504c                nrf_802154_promiscuous_set
 .text.nrf_802154_auto_ack_set
                0x00005050        0x4 _build/nrf_802154.o
                0x00005050                nrf_802154_auto_ack_set
 .text.nrf_802154_tx_ack_started
                0x00005054        0x2 _build/nrf_802154.o
                0x00005054                nrf_802154_tx_ack_started
 .text.nrf_802154_receive_failed
                0x00005056        0x2 _build/nrf_802154.o
                0x00005056                nrf_802154_receive_failed
 .text.nrf_802154_tx_started
                0x00005058        0x2 _build/nrf_802154.o
                0x00005058                nrf_802154_tx_started
 .text.nrf_802154_transmitted_timestamp_raw
                0x0000505a        0xa _build/nrf_802154.o
                0x0000505a                nrf_802154_transmitted_timestamp_raw
 .text.nrf_802154_transmitted_raw
                0x00005064       0x26 _build/nrf_802154.o
                0x00005064                nrf_802154_transmitted_raw
 .text.nrf_802154_transmit_failed
                0x0000508a        0x2 _build/nrf_802154.o
                0x0000508a                nrf_802154_transmit_failed
 .text.nrf_802154_energy_detected
                0x0000508c        0x2 _build/nrf_802154.o
                0x0000508c                nrf_802154_energy_detected
 .text.nrf_802154_energy_detection_failed
                0x0000508e        0x2 _build/nrf_802154.o
                0x0000508e                nrf_802154_energy_detection_failed
 .text.nrf_802154_cca_done
                0x00005090        0x2 _build/nrf_802154.o
                0x00005090                nrf_802154_cca_done
 .text.nrf_802154_cca_failed
                0x00005092        0x2 _build/nrf_802154.o
                0x00005092                nrf_802154_cca_failed
 .text.nrf_radio_event_clear
                0x00005094       0x18 _build/nrf_802154_core.o
 .text.rx_buffer_is_available
                0x000050ac       0x14 _build/nrf_802154_core.o
 .text.rx_buffer_get
                0x000050c0       0x14 _build/nrf_802154_core.o
 .text.ppi_and_egu_delay_wait
                0x000050d4        0xe _build/nrf_802154_core.o
 *fill*         0x000050e2        0x2 
 .text.ppi_egu_worked
                0x000050e4       0x2c _build/nrf_802154_core.o
 .text.ppis_for_egu_and_ramp_up_set
                0x00005110       0x5c _build/nrf_802154_core.o
 .text.fem_for_lna_reset
                0x0000516c       0x24 _build/nrf_802154_core.o
 .text.falling_asleep_terminate
                0x00005190       0x18 _build/nrf_802154_core.o
 .text.ed_iter_setup
                0x000051a8       0x44 _build/nrf_802154_core.o
 .text.cca_configuration_update
                0x000051ec       0x38 _build/nrf_802154_core.o
 .text.sleep_init
                0x00005224       0x10 _build/nrf_802154_core.o
 .text.rssi_last_measurement_get
                0x00005234       0x1c _build/nrf_802154_core.o
 .text.received_frame_notify
                0x00005250       0x2e _build/nrf_802154_core.o
 *fill*         0x0000527e        0x2 
 .text.transmit_failed_notify
                0x00005280       0x24 _build/nrf_802154_core.o
 .text.receive_failed_notify
                0x000052a4       0x16 _build/nrf_802154_core.o
 .text.received_frame_notify_and_nesting_allow
                0x000052ba       0x16 _build/nrf_802154_core.o
 .text.rx_terminate
                0x000052d0       0x64 _build/nrf_802154_core.o
 .text.rx_ack_terminate
                0x00005334       0x5c _build/nrf_802154_core.o
 .text.ed_terminate
                0x00005390       0x50 _build/nrf_802154_core.o
 .text.cca_terminate
                0x000053e0       0x50 _build/nrf_802154_core.o
 .text.fem_for_tx_reset
                0x00005430       0x54 _build/nrf_802154_core.o
 .text.tx_terminate
                0x00005484       0x54 _build/nrf_802154_core.o
 .text.current_operation_terminate
                0x000054d8      0x170 _build/nrf_802154_core.o
 .text.nrf_egu_event_clear.constprop.0
                0x00005648       0x1c _build/nrf_802154_core.o
 .text.tx_init  0x00005664       0xc4 _build/nrf_802154_core.o
 .text.cca_init
                0x00005728       0x5c _build/nrf_802154_core.o
 .text.rx_restart
                0x00005784       0x68 _build/nrf_802154_core.o
 .text.continuous_carrier_init.part.0
                0x000057ec       0x30 _build/nrf_802154_core.o
 .text.ed_init  0x0000581c       0x54 _build/nrf_802154_core.o
 .text.channel_set
                0x00005870       0x40 _build/nrf_802154_core.o
 .text.irq_deinit
                0x000058b0       0x28 _build/nrf_802154_core.o
 .text.critical_section_can_be_processed_now
                0x000058d8       0x20 _build/nrf_802154_core.o
 .text.critical_section_enter_and_verify_timeslot_length
                0x000058f8       0x16 _build/nrf_802154_core.o
 *fill*         0x0000590e        0x2 
 .text.rx_init  0x00005910      0x144 _build/nrf_802154_core.o
 .text.nrf_802154_rsch_crit_sect_prio_changed
                0x00005a54      0x250 _build/nrf_802154_core.o
                0x00005a54                nrf_802154_rsch_crit_sect_prio_changed
 .text.nrf_802154_core_init
                0x00005ca4       0x44 _build/nrf_802154_core.o
                0x00005ca4                nrf_802154_core_init
 .text.nrf_802154_core_receive
                0x00005ce8       0x60 _build/nrf_802154_core.o
                0x00005ce8                nrf_802154_core_receive
 .text.nrf_802154_core_transmit
                0x00005d48       0x78 _build/nrf_802154_core.o
                0x00005d48                nrf_802154_core_transmit
 .text.nrf_802154_core_notify_buffer_free
                0x00005dc0       0xbc _build/nrf_802154_core.o
                0x00005dc0                nrf_802154_core_notify_buffer_free
 .text.nrf_802154_core_channel_update
                0x00005e7c       0x60 _build/nrf_802154_core.o
                0x00005e7c                nrf_802154_core_channel_update
 .text.RADIO_IRQHandler
                0x00005edc      0x8c0 _build/nrf_802154_core.o
                0x00005edc                RADIO_IRQHandler
 .text.nrf_802154_core_hooks_terminate
                0x0000679c       0x28 _build/nrf_802154_core_hooks.o
                0x0000679c                nrf_802154_core_hooks_terminate
 .text.nrf_802154_core_hooks_transmitted
                0x000067c4        0x4 _build/nrf_802154_core_hooks.o
                0x000067c4                nrf_802154_core_hooks_transmitted
 .text.nrf_802154_core_hooks_tx_failed
                0x000067c8       0x28 _build/nrf_802154_core_hooks.o
                0x000067c8                nrf_802154_core_hooks_tx_failed
 .text.nrf_802154_core_hooks_tx_started
                0x000067f0       0x24 _build/nrf_802154_core_hooks.o
                0x000067f0                nrf_802154_core_hooks_tx_started
 .text.nrf_802154_core_hooks_rx_started
                0x00006814        0x4 _build/nrf_802154_core_hooks.o
                0x00006814                nrf_802154_core_hooks_rx_started
 .text.nrf_802154_core_hooks_rx_ack_started
                0x00006818        0x4 _build/nrf_802154_core_hooks.o
                0x00006818                nrf_802154_core_hooks_rx_ack_started
 .text.critical_section_enter.part.0
                0x0000681c       0x78 _build/nrf_802154_critical_section.o
 .text.nrf_802154_critical_section_init
                0x00006894       0x18 _build/nrf_802154_critical_section.o
                0x00006894                nrf_802154_critical_section_init
 .text.nrf_802154_critical_section_forcefully_enter
                0x000068ac       0x24 _build/nrf_802154_critical_section.o
                0x000068ac                nrf_802154_critical_section_forcefully_enter
 .text.nrf_802154_critical_section_nesting_deny
                0x000068d0       0x48 _build/nrf_802154_critical_section.o
                0x000068d0                nrf_802154_critical_section_nesting_deny
 .text.nrf_802154_critical_section_active_vector_priority_get
                0x00006918       0x60 _build/nrf_802154_critical_section.o
                0x00006918                nrf_802154_critical_section_active_vector_priority_get
 .text.critical_section_enter.constprop.0
                0x00006978       0x34 _build/nrf_802154_critical_section.o
 .text.nrf_802154_critical_section_exit
                0x000069ac       0xc0 _build/nrf_802154_critical_section.o
                0x000069ac                nrf_802154_critical_section_exit
 .text.nrf_802154_critical_section_enter
                0x00006a6c        0x4 _build/nrf_802154_critical_section.o
                0x00006a6c                nrf_802154_critical_section_enter
 .text.nrf_802154_critical_section_nesting_allow
                0x00006a70       0x4c _build/nrf_802154_critical_section.o
                0x00006a70                nrf_802154_critical_section_nesting_allow
 .text.nrf_802154_debug_init
                0x00006abc        0x2 _build/nrf_802154_debug.o
                0x00006abc                nrf_802154_debug_init
 *fill*         0x00006abe        0x2 
 .text.nrf_802154_pib_init
                0x00006ac0       0x38 _build/nrf_802154_pib.o
                0x00006ac0                nrf_802154_pib_init
 .text.nrf_802154_pib_promiscuous_get
                0x00006af8       0x10 _build/nrf_802154_pib.o
                0x00006af8                nrf_802154_pib_promiscuous_get
 .text.nrf_802154_pib_promiscuous_set
                0x00006b08       0x10 _build/nrf_802154_pib.o
                0x00006b08                nrf_802154_pib_promiscuous_set
 .text.nrf_802154_pib_auto_ack_get
                0x00006b18       0x10 _build/nrf_802154_pib.o
                0x00006b18                nrf_802154_pib_auto_ack_get
 .text.nrf_802154_pib_auto_ack_set
                0x00006b28       0x10 _build/nrf_802154_pib.o
                0x00006b28                nrf_802154_pib_auto_ack_set
 .text.nrf_802154_pib_pan_coord_get
                0x00006b38       0x10 _build/nrf_802154_pib.o
                0x00006b38                nrf_802154_pib_pan_coord_get
 .text.nrf_802154_pib_channel_get
                0x00006b48        0xc _build/nrf_802154_pib.o
                0x00006b48                nrf_802154_pib_channel_get
 .text.nrf_802154_pib_channel_set
                0x00006b54       0x10 _build/nrf_802154_pib.o
                0x00006b54                nrf_802154_pib_channel_set
 .text.nrf_802154_pib_tx_power_get
                0x00006b64       0x5c _build/nrf_802154_pib.o
                0x00006b64                nrf_802154_pib_tx_power_get
 .text.nrf_802154_pib_pan_id_get
                0x00006bc0        0x8 _build/nrf_802154_pib.o
                0x00006bc0                nrf_802154_pib_pan_id_get
 .text.nrf_802154_pib_pan_id_set
                0x00006bc8       0x10 _build/nrf_802154_pib.o
                0x00006bc8                nrf_802154_pib_pan_id_set
 .text.nrf_802154_pib_extended_address_get
                0x00006bd8        0x8 _build/nrf_802154_pib.o
                0x00006bd8                nrf_802154_pib_extended_address_get
 .text.nrf_802154_pib_extended_address_set
                0x00006be0       0x10 _build/nrf_802154_pib.o
                0x00006be0                nrf_802154_pib_extended_address_set
 .text.nrf_802154_pib_short_address_get
                0x00006bf0        0x8 _build/nrf_802154_pib.o
                0x00006bf0                nrf_802154_pib_short_address_get
 .text.nrf_802154_pib_cca_cfg_get
                0x00006bf8        0xc _build/nrf_802154_pib.o
                0x00006bf8                nrf_802154_pib_cca_cfg_get
 .text.nrf_802154_rssi_sample_temp_corr_value_get
                0x00006c04       0x42 _build/nrf_802154_rssi.o
                0x00006c04                nrf_802154_rssi_sample_temp_corr_value_get
 .text.nrf_802154_rssi_sample_corrected_get
                0x00006c46        0xe _build/nrf_802154_rssi.o
                0x00006c46                nrf_802154_rssi_sample_corrected_get
 .text.nrf_802154_rssi_lqi_corrected_get
                0x00006c54        0xe _build/nrf_802154_rssi.o
                0x00006c54                nrf_802154_rssi_lqi_corrected_get
 .text.nrf_802154_rssi_ed_corrected_get
                0x00006c62        0xe _build/nrf_802154_rssi.o
                0x00006c62                nrf_802154_rssi_ed_corrected_get
 .text.nrf_802154_rssi_cca_ed_threshold_corrected_get
                0x00006c70        0xe _build/nrf_802154_rssi.o
                0x00006c70                nrf_802154_rssi_cca_ed_threshold_corrected_get
 *fill*         0x00006c7e        0x2 
 .text.nrf_802154_rx_buffer_init
                0x00006c80       0x1c _build/nrf_802154_rx_buffer.o
                0x00006c80                nrf_802154_rx_buffer_init
 .text.nrf_802154_rx_buffer_free_find
                0x00006c9c       0x24 _build/nrf_802154_rx_buffer.o
                0x00006c9c                nrf_802154_rx_buffer_free_find
 .text.nrf_802154_timer_coord_init
                0x00006cc0       0x48 _build/nrf_802154_timer_coord.o
                0x00006cc0                nrf_802154_timer_coord_init
 .text.nrf_802154_timer_coord_start
                0x00006d08       0x1c _build/nrf_802154_timer_coord.o
                0x00006d08                nrf_802154_timer_coord_start
 .text.nrf_802154_timer_coord_stop
                0x00006d24        0xe _build/nrf_802154_timer_coord.o
                0x00006d24                nrf_802154_timer_coord_stop
 *fill*         0x00006d32        0x2 
 .text.nrf_802154_timer_coord_timestamp_prepare
                0x00006d34       0x28 _build/nrf_802154_timer_coord.o
                0x00006d34                nrf_802154_timer_coord_timestamp_prepare
 .text.nrf_802154_timer_coord_timestamp_get
                0x00006d5c       0xbc _build/nrf_802154_timer_coord.o
                0x00006d5c                nrf_802154_timer_coord_timestamp_get
 .text.nrf_802154_lp_timer_synchronized
                0x00006e18       0xbc _build/nrf_802154_timer_coord.o
                0x00006e18                nrf_802154_lp_timer_synchronized
 .text.nrf_802154_fal_tx_power_get
                0x00006ed4        0x4 _build/nrf_802154_fal.o
                0x00006ed4                nrf_802154_fal_tx_power_get
 .text.random_backoff_start
                0x00006ed8       0x44 _build/nrf_802154_csma_ca.o
 .text.channel_busy
                0x00006f1c       0x40 _build/nrf_802154_csma_ca.o
 .text.frame_transmit
                0x00006f5c       0x3c _build/nrf_802154_csma_ca.o
 .text.notify_busy_channel
                0x00006f98       0x20 _build/nrf_802154_csma_ca.o
 .text.nrf_802154_csma_ca_abort
                0x00006fb8       0x2c _build/nrf_802154_csma_ca.o
                0x00006fb8                nrf_802154_csma_ca_abort
 .text.nrf_802154_csma_ca_tx_failed_hook
                0x00006fe4       0x14 _build/nrf_802154_csma_ca.o
                0x00006fe4                nrf_802154_csma_ca_tx_failed_hook
 .text.nrf_802154_csma_ca_tx_started_hook
                0x00006ff8       0x40 _build/nrf_802154_csma_ca.o
                0x00006ff8                nrf_802154_csma_ca_tx_started_hook
 .text.dly_rx_state_set
                0x00007038       0x38 _build/nrf_802154_delayed_trx.o
 .text.nrf_802154_delayed_trx_abort
                0x00007070       0x4c _build/nrf_802154_delayed_trx.o
                0x00007070                nrf_802154_delayed_trx_abort
 .text.nrf_802154_delayed_trx_rx_started_hook
                0x000070bc       0x2c _build/nrf_802154_delayed_trx.o
                0x000070bc                nrf_802154_delayed_trx_rx_started_hook
 .text.nrf_802154_filter_frame_part
                0x000070e8      0x144 _build/nrf_802154_filter.o
                0x000070e8                nrf_802154_filter_frame_part
 .text.addressing_offset_get
                0x0000722c       0x18 _build/nrf_802154_frame_parser.o
 .text.src_addr_size_get
                0x00007244       0x22 _build/nrf_802154_frame_parser.o
 *fill*         0x00007266        0x2 
 .text.dst_addr_size_get
                0x00007268       0x10 _build/nrf_802154_frame_parser.o
 .text.dst_panid_is_present
                0x00007278       0x3e _build/nrf_802154_frame_parser.o
 .text.src_panid_is_present
                0x000072b6       0x44 _build/nrf_802154_frame_parser.o
 .text.nrf_802154_frame_parser_src_addr_is_extended
                0x000072fa       0x10 _build/nrf_802154_frame_parser.o
                0x000072fa                nrf_802154_frame_parser_src_addr_is_extended
 .text.nrf_802154_frame_parser_src_addr_is_short
                0x0000730a       0x10 _build/nrf_802154_frame_parser.o
                0x0000730a                nrf_802154_frame_parser_src_addr_is_short
 .text.nrf_802154_frame_parser_dsn_suppress_bit_is_set
                0x0000731a        0x8 _build/nrf_802154_frame_parser.o
                0x0000731a                nrf_802154_frame_parser_dsn_suppress_bit_is_set
 .text.nrf_802154_frame_parser_ar_bit_is_set
                0x00007322        0x8 _build/nrf_802154_frame_parser.o
                0x00007322                nrf_802154_frame_parser_ar_bit_is_set
 .text.nrf_802154_frame_parser_dst_panid_offset_get
                0x0000732a       0x16 _build/nrf_802154_frame_parser.o
                0x0000732a                nrf_802154_frame_parser_dst_panid_offset_get
 .text.nrf_802154_frame_parser_dst_addr_offset_get
                0x00007340       0x24 _build/nrf_802154_frame_parser.o
                0x00007340                nrf_802154_frame_parser_dst_addr_offset_get
 .text.nrf_802154_frame_parser_dst_addr_end_offset_get
                0x00007364       0x2a _build/nrf_802154_frame_parser.o
                0x00007364                nrf_802154_frame_parser_dst_addr_end_offset_get
 .text.nrf_802154_frame_parser_src_panid_offset_get
                0x0000738e       0x4e _build/nrf_802154_frame_parser.o
                0x0000738e                nrf_802154_frame_parser_src_panid_offset_get
 .text.nrf_802154_frame_parser_src_addr_offset_get
                0x000073dc       0x4e _build/nrf_802154_frame_parser.o
                0x000073dc                nrf_802154_frame_parser_src_addr_offset_get
 .text.nrf_802154_frame_parser_src_addr_get
                0x0000742a       0x2c _build/nrf_802154_frame_parser.o
                0x0000742a                nrf_802154_frame_parser_src_addr_get
 .text.nrf_802154_frame_parser_mhr_parse
                0x00007456       0xa0 _build/nrf_802154_frame_parser.o
                0x00007456                nrf_802154_frame_parser_mhr_parse
 *fill*         0x000074f6        0x2 
 .text.timeout_timer_stop
                0x000074f8       0x18 _build/nrf_802154_precise_ack_timeout.o
 .text.notify_tx_error
                0x00007510       0x14 _build/nrf_802154_precise_ack_timeout.o
 .text.timeout_timer_fired
                0x00007524       0x60 _build/nrf_802154_precise_ack_timeout.o
 .text.nrf_802154_ack_timeout_tx_started_hook
                0x00007584       0x50 _build/nrf_802154_precise_ack_timeout.o
                0x00007584                nrf_802154_ack_timeout_tx_started_hook
 .text.nrf_802154_ack_timeout_abort
                0x000075d4       0x1c _build/nrf_802154_precise_ack_timeout.o
                0x000075d4                nrf_802154_ack_timeout_abort
 .text.nrf_802154_ack_timeout_transmitted_hook
                0x000075f0       0x38 _build/nrf_802154_precise_ack_timeout.o
                0x000075f0                nrf_802154_ack_timeout_transmitted_hook
 .text.nrf_802154_ack_timeout_rx_ack_started_hook
                0x00007628       0x2c _build/nrf_802154_precise_ack_timeout.o
                0x00007628                nrf_802154_ack_timeout_rx_ack_started_hook
 .text.nrf_802154_ack_timeout_tx_failed_hook
                0x00007654       0x38 _build/nrf_802154_precise_ack_timeout.o
                0x00007654                nrf_802154_ack_timeout_tx_failed_hook
 .text.addr_index_find
                0x0000768c       0xc0 _build/nrf_802154_ack_data.o
 .text.nrf_802154_ack_data_init
                0x0000774c       0x34 _build/nrf_802154_ack_data.o
                0x0000774c                nrf_802154_ack_data_init
 .text.nrf_802154_ack_data_pending_bit_should_be_set
                0x00007780       0xa4 _build/nrf_802154_ack_data.o
                0x00007780                nrf_802154_ack_data_pending_bit_should_be_set
 .text.nrf_802154_ack_data_ie_get
                0x00007824       0x48 _build/nrf_802154_ack_data.o
                0x00007824                nrf_802154_ack_data_ie_get
 .text.nrf_802154_ack_generator_init
                0x0000786c        0xe _build/nrf_802154_ack_generator.o
                0x0000786c                nrf_802154_ack_generator_init
 *fill*         0x0000787a        0x2 
 .text.nrf_802154_ack_generator_create
                0x0000787c       0x48 _build/nrf_802154_ack_generator.o
                0x0000787c                nrf_802154_ack_generator_create
 .text.nrf_802154_enh_ack_generator_init
                0x000078c4        0x2 _build/nrf_802154_enh_ack_generator.o
                0x000078c4                nrf_802154_enh_ack_generator_init
 *fill*         0x000078c6        0x2 
 .text.nrf_802154_enh_ack_generator_create
                0x000078c8      0x1f4 _build/nrf_802154_enh_ack_generator.o
                0x000078c8                nrf_802154_enh_ack_generator_create
 .text.nrf_802154_imm_ack_generator_init
                0x00007abc       0x24 _build/nrf_802154_imm_ack_generator.o
                0x00007abc                nrf_802154_imm_ack_generator_init
 .text.nrf_802154_imm_ack_generator_create
                0x00007ae0       0x20 _build/nrf_802154_imm_ack_generator.o
                0x00007ae0                nrf_802154_imm_ack_generator_create
 .text.prec_approved_prio_set
                0x00007b00       0x38 _build/nrf_802154_rsch.o
 .text.all_prec_update
                0x00007b38       0xf8 _build/nrf_802154_rsch.o
 .text.notify_core
                0x00007c30       0x88 _build/nrf_802154_rsch.o
 .text.nrf_802154_rsch_init
                0x00007cb8       0x50 _build/nrf_802154_rsch.o
                0x00007cb8                nrf_802154_rsch_init
 .text.nrf_802154_rsch_continuous_mode_priority_set
                0x00007d08       0x1c _build/nrf_802154_rsch.o
                0x00007d08                nrf_802154_rsch_continuous_mode_priority_set
 .text.nrf_802154_rsch_continuous_ended
                0x00007d24        0x4 _build/nrf_802154_rsch.o
                0x00007d24                nrf_802154_rsch_continuous_ended
 .text.nrf_802154_rsch_timeslot_request
                0x00007d28        0x4 _build/nrf_802154_rsch.o
                0x00007d28                nrf_802154_rsch_timeslot_request
 .text.nrf_802154_rsch_timeslot_is_requested
                0x00007d2c       0x1c _build/nrf_802154_rsch.o
                0x00007d2c                nrf_802154_rsch_timeslot_is_requested
 .text.nrf_802154_rsch_prec_is_approved
                0x00007d48       0x34 _build/nrf_802154_rsch.o
                0x00007d48                nrf_802154_rsch_prec_is_approved
 .text.nrf_802154_rsch_timeslot_us_left_get
                0x00007d7c        0x4 _build/nrf_802154_rsch.o
                0x00007d7c                nrf_802154_rsch_timeslot_us_left_get
 .text.nrf_raal_timeslot_started
                0x00007d80       0x12 _build/nrf_802154_rsch.o
                0x00007d80                nrf_raal_timeslot_started
 .text.nrf_802154_clock_hfclk_ready
                0x00007d92       0x12 _build/nrf_802154_rsch.o
                0x00007d92                nrf_802154_clock_hfclk_ready
 .text.nrf_802154_rsch_crit_sect_init
                0x00007da4        0xc _build/nrf_802154_rsch_crit_sect.o
                0x00007da4                nrf_802154_rsch_crit_sect_init
 .text.nrf_802154_rsch_crit_sect_prio_request
                0x00007db0        0x4 _build/nrf_802154_rsch_crit_sect.o
                0x00007db0                nrf_802154_rsch_crit_sect_prio_request
 .text.nrf_802154_rsch_continuous_prio_changed
                0x00007db4       0x44 _build/nrf_802154_rsch_crit_sect.o
                0x00007db4                nrf_802154_rsch_continuous_prio_changed
 .text.nrf_802154_critical_section_rsch_enter
                0x00007df8        0x2 _build/nrf_802154_rsch_crit_sect.o
                0x00007df8                nrf_802154_critical_section_rsch_enter
 *fill*         0x00007dfa        0x2 
 .text.nrf_802154_critical_section_rsch_exit
                0x00007dfc       0x20 _build/nrf_802154_rsch_crit_sect.o
                0x00007dfc                nrf_802154_critical_section_rsch_exit
 .text.nrf_802154_critical_section_rsch_event_is_pending
                0x00007e1c       0x10 _build/nrf_802154_rsch_crit_sect.o
                0x00007e1c                nrf_802154_critical_section_rsch_event_is_pending
 .text.mutex_trylock
                0x00007e2c       0x2e _build/nrf_802154_timer_sched.o
 *fill*         0x00007e5a        0x2 
 .text.queue_cntr_bump
                0x00007e5c       0x2c _build/nrf_802154_timer_sched.o
 .text.handle_timer
                0x00007e88       0x48 _build/nrf_802154_timer_sched.o
 .text.timer_remove
                0x00007ed0       0xcc _build/nrf_802154_timer_sched.o
 .text.nrf_802154_timer_sched_init
                0x00007f9c       0x24 _build/nrf_802154_timer_sched.o
                0x00007f9c                nrf_802154_timer_sched_init
 .text.nrf_802154_timer_sched_time_get
                0x00007fc0        0x4 _build/nrf_802154_timer_sched.o
                0x00007fc0                nrf_802154_timer_sched_time_get
 .text.nrf_802154_timer_sched_granularity_get
                0x00007fc4        0x4 _build/nrf_802154_timer_sched.o
                0x00007fc4                nrf_802154_timer_sched_granularity_get
 .text.nrf_802154_timer_sched_time_is_in_future
                0x00007fc8        0xe _build/nrf_802154_timer_sched.o
                0x00007fc8                nrf_802154_timer_sched_time_is_in_future
 *fill*         0x00007fd6        0x2 
 .text.nrf_802154_timer_sched_add
                0x00007fd8       0xc8 _build/nrf_802154_timer_sched.o
                0x00007fd8                nrf_802154_timer_sched_add
 .text.nrf_802154_timer_sched_remove
                0x000080a0       0x12 _build/nrf_802154_timer_sched.o
                0x000080a0                nrf_802154_timer_sched_remove
 *fill*         0x000080b2        0x2 
 .text.nrf_802154_timer_sched_is_running
                0x000080b4       0x30 _build/nrf_802154_timer_sched.o
                0x000080b4                nrf_802154_timer_sched_is_running
 .text.nrf_802154_lp_timer_fired
                0x000080e4       0x44 _build/nrf_802154_timer_sched.o
                0x000080e4                nrf_802154_lp_timer_fired
 .text.nrf_802154_notification_init
                0x00008128        0x2 _build/nrf_802154_notification_direct.o
                0x00008128                nrf_802154_notification_init
 .text.nrf_802154_notify_received
                0x0000812a        0x4 _build/nrf_802154_notification_direct.o
                0x0000812a                nrf_802154_notify_received
 .text.nrf_802154_notify_receive_failed
                0x0000812e        0x4 _build/nrf_802154_notification_direct.o
                0x0000812e                nrf_802154_notify_receive_failed
 .text.nrf_802154_notify_transmitted
                0x00008132        0x4 _build/nrf_802154_notification_direct.o
                0x00008132                nrf_802154_notify_transmitted
 .text.nrf_802154_notify_transmit_failed
                0x00008136        0x4 _build/nrf_802154_notification_direct.o
                0x00008136                nrf_802154_notify_transmit_failed
 .text.nrf_802154_notify_energy_detected
                0x0000813a        0x4 _build/nrf_802154_notification_direct.o
                0x0000813a                nrf_802154_notify_energy_detected
 .text.nrf_802154_notify_energy_detection_failed
                0x0000813e        0x4 _build/nrf_802154_notification_direct.o
                0x0000813e                nrf_802154_notify_energy_detection_failed
 .text.nrf_802154_notify_cca
                0x00008142        0x4 _build/nrf_802154_notification_direct.o
                0x00008142                nrf_802154_notify_cca
 .text.nrf_802154_notify_cca_failed
                0x00008146        0x4 _build/nrf_802154_notification_direct.o
                0x00008146                nrf_802154_notify_cca_failed
 .text.nrf_802154_priority_drop_init
                0x0000814a        0x2 _build/nrf_802154_priority_drop_direct.o
                0x0000814a                nrf_802154_priority_drop_init
 .text.nrf_802154_priority_drop_hfclk_stop
                0x0000814c        0x4 _build/nrf_802154_priority_drop_direct.o
                0x0000814c                nrf_802154_priority_drop_hfclk_stop
 .text.nrf_802154_priority_drop_hfclk_stop_terminate
                0x00008150        0x2 _build/nrf_802154_priority_drop_direct.o
                0x00008150                nrf_802154_priority_drop_hfclk_stop_terminate
 .text.nrf_802154_request_init
                0x00008152        0x2 _build/nrf_802154_request_direct.o
                0x00008152                nrf_802154_request_init
 .text.nrf_802154_request_receive
                0x00008154        0x4 _build/nrf_802154_request_direct.o
                0x00008154                nrf_802154_request_receive
 .text.nrf_802154_request_transmit
                0x00008158       0x10 _build/nrf_802154_request_direct.o
                0x00008158                nrf_802154_request_transmit
 .text.nrf_802154_request_buffer_free
                0x00008168        0x4 _build/nrf_802154_request_direct.o
                0x00008168                nrf_802154_request_buffer_free
 .text.nrf_802154_request_channel_update
                0x0000816c        0x4 _build/nrf_802154_request_direct.o
                0x0000816c                nrf_802154_request_channel_update
 .text.nrf_raal_init
                0x00008170        0xc _build/single_phy.o
                0x00008170                nrf_raal_init
 .text.nrf_raal_continuous_mode_enter
                0x0000817c       0x30 _build/single_phy.o
                0x0000817c                nrf_raal_continuous_mode_enter
 .text.nrf_raal_continuous_mode_exit
                0x000081ac       0x2c _build/single_phy.o
                0x000081ac                nrf_raal_continuous_mode_exit
 .text.nrf_raal_continuous_ended
                0x000081d8        0x2 _build/single_phy.o
                0x000081d8                nrf_raal_continuous_ended
 *fill*         0x000081da        0x2 
 .text.nrf_raal_timeslot_request
                0x000081dc       0x28 _build/single_phy.o
                0x000081dc                nrf_raal_timeslot_request
 .text.nrf_raal_timeslot_us_left_get
                0x00008204        0x6 _build/single_phy.o
                0x00008204                nrf_raal_timeslot_us_left_get
 *fill*         0x0000820a        0x2 
 .text.nrf_802154_clock_init
                0x0000820c       0x2c _build/nrf_802154_clock_nodrv.o
                0x0000820c                nrf_802154_clock_init
 .text.nrf_802154_clock_hfclk_start
                0x00008238       0x1c _build/nrf_802154_clock_nodrv.o
                0x00008238                nrf_802154_clock_hfclk_start
 .text.nrf_802154_clock_hfclk_stop
                0x00008254        0xa _build/nrf_802154_clock_nodrv.o
                0x00008254                nrf_802154_clock_hfclk_stop
 .text.nrf_802154_clock_lfclk_start
                0x0000825e       0x1c _build/nrf_802154_clock_nodrv.o
                0x0000825e                nrf_802154_clock_lfclk_start
 .text.POWER_CLOCK_IRQHandler
                0x0000827a       0x40 _build/nrf_802154_clock_nodrv.o
                0x0000827a                POWER_CLOCK_IRQHandler
 .text.nrf_802154_wifi_coex_init
                0x000082ba        0x2 _build/nrf_802154_wifi_coex_none.o
                0x000082ba                nrf_802154_wifi_coex_init
 .text.nrf_802154_wifi_coex_prio_request
                0x000082bc        0x2 _build/nrf_802154_wifi_coex_none.o
                0x000082bc                nrf_802154_wifi_coex_prio_request
 .text.nrf_802154_hp_timer_init
                0x000082be        0x2 _build/nrf_802154_hp_timer.o
                0x000082be                nrf_802154_hp_timer_init
 .text.nrf_802154_hp_timer_start
                0x000082c0       0x34 _build/nrf_802154_hp_timer.o
                0x000082c0                nrf_802154_hp_timer_start
 .text.nrf_802154_hp_timer_stop
                0x000082f4        0xc _build/nrf_802154_hp_timer.o
                0x000082f4                nrf_802154_hp_timer_stop
 .text.nrf_802154_hp_timer_sync_task_get
                0x00008300        0x8 _build/nrf_802154_hp_timer.o
                0x00008300                nrf_802154_hp_timer_sync_task_get
 .text.nrf_802154_hp_timer_sync_prepare
                0x00008308       0x20 _build/nrf_802154_hp_timer.o
                0x00008308                nrf_802154_hp_timer_sync_prepare
 .text.nrf_802154_hp_timer_sync_time_get
                0x00008328       0x3c _build/nrf_802154_hp_timer.o
                0x00008328                nrf_802154_hp_timer_sync_time_get
 .text.nrf_802154_hp_timer_timestamp_task_get
                0x00008364        0x8 _build/nrf_802154_hp_timer.o
                0x00008364                nrf_802154_hp_timer_timestamp_task_get
 .text.nrf_802154_hp_timer_timestamp_get
                0x0000836c        0xc _build/nrf_802154_hp_timer.o
                0x0000836c                nrf_802154_hp_timer_timestamp_get
 .text.NRF_802154_US_TO_RTC_TICKS
                0x00008378       0x8c _build/nrf_802154_lp_timer_nodrv.o
 .text.timer_start_at
                0x00008404       0x94 _build/nrf_802154_lp_timer_nodrv.o
 .text.nrf_rtc_event_clear.constprop.0
                0x00008498       0x18 _build/nrf_802154_lp_timer_nodrv.o
 .text.overflow_counter_get
                0x000084b0       0xb4 _build/nrf_802154_lp_timer_nodrv.o
 .text.offset_and_counter_get
                0x00008564       0x38 _build/nrf_802154_lp_timer_nodrv.o
 .text.curr_time_get
                0x0000859c       0x34 _build/nrf_802154_lp_timer_nodrv.o
 .text.nrf_802154_lp_timer_init
                0x000085d0       0x80 _build/nrf_802154_lp_timer_nodrv.o
                0x000085d0                nrf_802154_lp_timer_init
 .text.nrf_802154_lp_timer_critical_section_enter
                0x00008650       0x28 _build/nrf_802154_lp_timer_nodrv.o
                0x00008650                nrf_802154_lp_timer_critical_section_enter
 .text.nrf_802154_lp_timer_critical_section_exit
                0x00008678       0x1c _build/nrf_802154_lp_timer_nodrv.o
                0x00008678                nrf_802154_lp_timer_critical_section_exit
 .text.nrf_802154_lp_timer_time_get
                0x00008694        0x8 _build/nrf_802154_lp_timer_nodrv.o
                0x00008694                nrf_802154_lp_timer_time_get
 .text.nrf_802154_lp_timer_granularity_get
                0x0000869c        0x4 _build/nrf_802154_lp_timer_nodrv.o
                0x0000869c                nrf_802154_lp_timer_granularity_get
 .text.nrf_802154_lp_timer_start
                0x000086a0       0x9c _build/nrf_802154_lp_timer_nodrv.o
                0x000086a0                nrf_802154_lp_timer_start
 .text.nrf_802154_lp_timer_stop
                0x0000873c       0x1c _build/nrf_802154_lp_timer_nodrv.o
                0x0000873c                nrf_802154_lp_timer_stop
 .text.nrf_802154_lp_timer_sync_start_now
                0x00008758       0x60 _build/nrf_802154_lp_timer_nodrv.o
                0x00008758                nrf_802154_lp_timer_sync_start_now
 .text.nrf_802154_lp_timer_sync_start_at
                0x000087b8       0x2c _build/nrf_802154_lp_timer_nodrv.o
                0x000087b8                nrf_802154_lp_timer_sync_start_at
 .text.nrf_802154_lp_timer_sync_stop
                0x000087e4       0x1c _build/nrf_802154_lp_timer_nodrv.o
                0x000087e4                nrf_802154_lp_timer_sync_stop
 .text.nrf_802154_lp_timer_sync_event_get
                0x00008800        0x8 _build/nrf_802154_lp_timer_nodrv.o
                0x00008800                nrf_802154_lp_timer_sync_event_get
 .text.nrf_802154_lp_timer_sync_time_get
                0x00008808        0xc _build/nrf_802154_lp_timer_nodrv.o
                0x00008808                nrf_802154_lp_timer_sync_time_get
 .text.nrf_802154_clock_lfclk_ready
                0x00008814        0xc _build/nrf_802154_lp_timer_nodrv.o
                0x00008814                nrf_802154_clock_lfclk_ready
 .text.RTC2_IRQHandler
                0x00008820       0xa8 _build/nrf_802154_lp_timer_nodrv.o
                0x00008820                RTC2_IRQHandler
 .text.nrf_802154_random_init
                0x000088c8       0x20 _build/nrf_802154_random_stdlib.o
                0x000088c8                nrf_802154_random_init
 .text.nrf_802154_random_get
                0x000088e8        0x4 _build/nrf_802154_random_stdlib.o
                0x000088e8                nrf_802154_random_get
 .text.nrf_802154_temperature_init
                0x000088ec        0x2 _build/nrf_802154_temperature_none.o
                0x000088ec                nrf_802154_temperature_init
 .text.nrf_802154_temperature_get
                0x000088ee        0x4 _build/nrf_802154_temperature_none.o
                0x000088ee                nrf_802154_temperature_get
 *fill*         0x000088f2        0x2 
 .text.__NVIC_SystemReset
                0x000088f4       0x24 _build/system_nrf52833.o
 .text.errata_36
                0x00008918       0x1a _build/system_nrf52833.o
 *fill*         0x00008932        0x2 
 .text.SystemInit
                0x00008934      0x19c _build/system_nrf52833.o
                0x00008934                SystemInit
 .text          0x00008ad0       0x3c _build/gcc_startup_nrf52833.os
                0x00008ad0                Reset_Handler
                0x00008af8                NMI_Handler
                0x00008afc                MemoryManagement_Handler
                0x00008afe                BusFault_Handler
                0x00008b00                UsageFault_Handler
                0x00008b02                SVC_Handler
                0x00008b04                DebugMon_Handler
                0x00008b06                PendSV_Handler
                0x00008b08                SysTick_Handler
                0x00008b0a                TIMER2_IRQHandler
                0x00008b0a                RTC0_IRQHandler
                0x00008b0a                SWI2_EGU2_IRQHandler
                0x00008b0a                PDM_IRQHandler
                0x00008b0a                TEMP_IRQHandler
                0x00008b0a                QDEC_IRQHandler
                0x00008b0a                TIMER3_IRQHandler
                0x00008b0a                PWM3_IRQHandler
                0x00008b0a                FPU_IRQHandler
                0x00008b0a                USBD_IRQHandler
                0x00008b0a                TIMER4_IRQHandler
                0x00008b0a                I2S_IRQHandler
                0x00008b0a                SWI4_EGU4_IRQHandler
                0x00008b0a                SPIM3_IRQHandler
                0x00008b0a                PWM2_IRQHandler
                0x00008b0a                ECB_IRQHandler
                0x00008b0a                Default_Handler
                0x00008b0a                CCM_AAR_IRQHandler
                0x00008b0a                WDT_IRQHandler
                0x00008b0a                SWI5_EGU5_IRQHandler
                0x00008b0a                RNG_IRQHandler
                0x00008b0a                SWI3_EGU3_IRQHandler
                0x00008b0a                SWI1_EGU1_IRQHandler
                0x00008b0a                NFCT_IRQHandler
                0x00008b0a                MWU_IRQHandler
                0x00008b0a                COMP_LPCOMP_IRQHandler
 .text          0x00008b0c       0x50 /usr/lib/gcc/arm-none-eabi/13.2.1/../../../arm-none-eabi/lib/thumb/v7e-m+fp/hard/libc.a(libc_a-rand.o)
                0x00008b0c                srand
                0x00008b1c                rand
 *fill*         0x00008b5c       0x24 
 .text          0x00008b80       0xd8 /usr/lib/gcc/arm-none-eabi/13.2.1/../../../arm-none-eabi/lib/thumb/v7e-m+fp/hard/libc.a(libc_a-strlen.o)
                0x00008b80                strlen
 .text          0x00008c58       0xa4 /usr/lib/gcc/arm-none-eabi/13.2.1/../../../arm-none-eabi/lib/thumb/v7e-m+fp/hard/libc.a(libc_a-memset.o)
                0x00008c58                memset
 .text          0x00008cfc       0x4c /usr/lib/gcc/arm-none-eabi/13.2.1/../../../arm-none-eabi/lib/thumb/v7e-m+fp/hard/libc.a(libc_a-assert.o)
                0x00008cfc                __assert_func
                0x00008d3c                __assert
 .text          0x00008d48        0x8 /usr/lib/gcc/arm-none-eabi/13.2.1/../../../arm-none-eabi/lib/thumb/v7e-m+fp/hard/libc.a(libc_a-abs.o)
                0x00008d48                abs
 *fill*         0x00008d50       0x10 
 .text          0x00008d60      0x2e0 /usr/lib/gcc/arm-none-eabi/13.2.1/../../../arm-none-eabi/lib/thumb/v7e-m+fp/hard/libc.a(libc_a-strcmp.o)
                0x00008d60                strcmp
 .text          0x00009040      0x100 /usr/lib/gcc/arm-none-eabi/13.2.1/../../../arm-none-eabi/lib/thumb/v7e-m+fp/hard/libc.a(libc_a-memmove.o)
                0x00009040                memmove
 .text          0x00009140       0x10 /usr/lib/gcc/arm-none-eabi/13.2.1/../../../arm-none-eabi/lib/thumb/v7e-m+fp/hard/libc.a(libc_a-abort.o)
                0x00009140                abort
 .text          0x00009150       0x10 /usr/lib/gcc/arm-none-eabi/13.2.1/../../../arm-none-eabi/lib/thumb/v7e-m+fp/hard/libc.a(libc_a-setbuf.o)
                0x00009150                setbuf
 .text          0x00009160       0x44 /usr/lib/gcc/arm-none-eabi/13.2.1/../../../arm-none-eabi/lib/thumb/v7e-m+fp/hard/libc.a(libc_a-fiprintf.o)
                0x00009160                _fiprintf_r
                0x0000917c                fiprintf
 .text          0x000091a4       0x5c /usr/lib/gcc/arm-none-eabi/13.2.1/../../../arm-none-eabi/lib/thumb/v7e-m+fp/hard/libc.a(libc_a-memcmp.o)
                0x000091a4                memcmp
 .text          0x00009200      0x134 /usr/lib/gcc/arm-none-eabi/13.2.1/../../../arm-none-eabi/lib/thumb/v7e-m+fp/hard/libc.a(libc_a-memcpy.o)
                0x00009200                memcpy
 .text          0x00009334       0x50 /usr/lib/gcc/arm-none-eabi/13.2.1/../../../arm-none-eabi/lib/thumb/v7e-m+fp/hard/libc.a(libc_a-init.o)
                0x00009334                __libc_init_array
 .text          0x00009384      0x224 /usr/lib/gcc/arm-none-eabi/13.2.1/../../../arm-none-eabi/lib/thumb/v7e-m+fp/hard/libc.a(libc_a-findfp.o)
                0x000094b4                __sfp
                0x00009558                __sinit
                0x00009578                __sfp_lock_acquire
                0x0000957c                __sfp_lock_release
                0x00009580                __fp_lock_all
                0x00009594                __fp_unlock_all
 .text          0x000095a8       0x1c /usr/lib/gcc/arm-none-eabi/13.2.1/../../../arm-none-eabi/lib/thumb/v7e-m+fp/hard/libc.a(libc_a-exit.o)
                0x000095a8                exit
 .text          0x000095c4        0xc /usr/lib/gcc/arm-none-eabi/13.2.1/../../../arm-none-eabi/lib/thumb/v7e-m+fp/hard/libc.a(libc_a-atexit.o)
                0x000095c4                atexit
 .text          0x000095d0       0x48 /usr/lib/gcc/arm-none-eabi/13.2.1/../../../arm-none-eabi/lib/thumb/v7e-m+fp/hard/libc.a(libc_a-printf.o)
                0x000095d0                _printf_r
                0x000095f0                printf
 .text          0x00009618      0x280 /usr/lib/gcc/arm-none-eabi/13.2.1/../../../arm-none-eabi/lib/thumb/v7e-m+fp/hard/libc.a(libc_a-signal.o)
                0x00009618                _init_signal_r
                0x00009648                _signal_r
                0x00009698                _raise_r
                0x000096ec                __sigtramp_r
                0x00009750                raise
                0x000097a8                signal
                0x000097f8                _init_signal
                0x00009830                __sigtramp
 .text          0x00009898       0x28 /usr/lib/gcc/arm-none-eabi/13.2.1/../../../arm-none-eabi/lib/thumb/v7e-m+fp/hard/libc.a(libc_a-fini.o)
                0x00009898                __libc_fini_array
 .text          0x000098c0       0x44 /usr/lib/gcc/arm-none-eabi/13.2.1/../../../arm-none-eabi/lib/thumb/v7e-m+fp/hard/libc.a(libc_a-fwalk.o)
                0x000098c0                _fwalk_sglue
 *fill*         0x00009904        0x4 
 .text          0x00009908     0x14ac /usr/lib/gcc/arm-none-eabi/13.2.1/../../../arm-none-eabi/lib/thumb/v7e-m+fp/hard/libc.a(libc_a-vfprintf.o)
                0x00009908                _vfprintf_r
                0x0000ad2c                vfprintf
 *fill*         0x0000adb4        0xc 
 .text          0x0000adc0       0xa0 /usr/lib/gcc/arm-none-eabi/13.2.1/../../../arm-none-eabi/lib/thumb/v7e-m+fp/hard/libc.a(libc_a-memchr.o)
                0x0000adc0                memchr
 .text          0x0000ae60       0x30 /usr/lib/gcc/arm-none-eabi/13.2.1/../../../arm-none-eabi/lib/thumb/v7e-m+fp/hard/libc.a(libc_a-signalr.o)
                0x0000ae60                _kill_r
                0x0000ae8c                _getpid_r
 .text          0x0000ae90      0x1ac /usr/lib/gcc/arm-none-eabi/13.2.1/../../../arm-none-eabi/lib/thumb/v7e-m+fp/hard/libc.a(libc_a-fflush.o)
                0x0000ae90                __sflush_r
                0x0000afc8                _fflush_r
                0x0000aff4                fflush
 .text          0x0000b03c      0x164 /usr/lib/gcc/arm-none-eabi/13.2.1/../../../arm-none-eabi/lib/thumb/v7e-m+fp/hard/libc.a(libc_a-setvbuf.o)
                0x0000b03c                setvbuf
 .text          0x0000b1a0      0xb44 /usr/lib/gcc/arm-none-eabi/13.2.1/../../../arm-none-eabi/lib/thumb/v7e-m+fp/hard/libc.a(libc_a-vfiprintf.o)
                0x0000b1a0                _vfiprintf_r
                0x0000bc5c                vfiprintf
 .text          0x0000bce4      0x554 /usr/lib/gcc/arm-none-eabi/13.2.1/../../../arm-none-eabi/lib/thumb/v7e-m+fp/hard/libc.a(libc_a-mallocr.o)
                0x0000bce4                _malloc_r
 .text          0x0000c238      0xfb0 /usr/lib/gcc/arm-none-eabi/13.2.1/../../../arm-none-eabi/lib/thumb/v7e-m+fp/hard/libc.a(libc_a-dtoa.o)
                0x0000c364                _dtoa_r
 .text          0x0000d1e8       0xc4 /usr/lib/gcc/arm-none-eabi/13.2.1/../../../arm-none-eabi/lib/thumb/v7e-m+fp/hard/libc.a(libc_a-wsetup.o)
                0x0000d1e8                __swsetup_r
 .text          0x0000d2ac      0x2b0 /usr/lib/gcc/arm-none-eabi/13.2.1/../../../arm-none-eabi/lib/thumb/v7e-m+fp/hard/libc.a(libc_a-freer.o)
                0x0000d2ac                _malloc_trim_r
                0x0000d364                _free_r
 .text          0x0000d55c       0x90 /usr/lib/gcc/arm-none-eabi/13.2.1/../../../arm-none-eabi/lib/thumb/v7e-m+fp/hard/libc.a(libc_a-fclose.o)
                0x0000d55c                _fclose_r
                0x0000d5dc                fclose
 .text          0x0000d5ec       0xb0 /usr/lib/gcc/arm-none-eabi/13.2.1/../../../arm-none-eabi/lib/thumb/v7e-m+fp/hard/libc.a(libc_a-__call_atexit.o)
                0x0000d5ec                __call_exitprocs
 .text.startup  0x0000d69c       0x14 /usr/lib/gcc/arm-none-eabi/13.2.1/../../../arm-none-eabi/lib/thumb/v7e-m+fp/hard/libc.a(libc_a-__call_atexit.o)
 .text          0x0000d6b0       0x20 /usr/lib/gcc/arm-none-eabi/13.2.1/../../../arm-none-eabi/lib/thumb/v7e-m+fp/hard/libc.a(libc_a-malloc.o)
                0x0000d6b0                malloc
                0x0000d6c0                free
 .text          0x0000d6d0       0x1c /usr/lib/gcc/arm-none-eabi/13.2.1/../../../arm-none-eabi/lib/thumb/v7e-m+fp/hard/libc.a(libc_a-sysconf.o)
                0x0000d6d0                sysconf
 .text          0x0000d6ec       0x94 /usr/lib/gcc/arm-none-eabi/13.2.1/../../../arm-none-eabi/lib/thumb/v7e-m+fp/hard/libc.a(libc_a-stdio.o)
                0x0000d6ec                __sread
                0x0000d710                __seofread
                0x0000d714                __swrite
                0x0000d754                __sseek
                0x0000d778                __sclose
 .text          0x0000d780       0x64 /usr/lib/gcc/arm-none-eabi/13.2.1/../../../arm-none-eabi/lib/thumb/v7e-m+fp/hard/libc.a(libc_a-__atexit.o)
                0x0000d780                __register_exitproc
 .text          0x0000d7e4       0x2c /usr/lib/gcc/arm-none-eabi/13.2.1/../../../arm-none-eabi/lib/thumb/v7e-m+fp/hard/libc.a(libc_a-writer.o)
                0x0000d7e4                _write_r
 .text          0x0000d810        0x8 /usr/lib/gcc/arm-none-eabi/13.2.1/../../../arm-none-eabi/lib/thumb/v7e-m+fp/hard/libc.a(libc_a-mlock.o)
                0x0000d810                __malloc_lock
                0x0000d814                __malloc_unlock
 .text          0x0000d818       0x24 /usr/lib/gcc/arm-none-eabi/13.2.1/../../../arm-none-eabi/lib/thumb/v7e-m+fp/hard/libc.a(libc_a-sbrkr.o)
                0x0000d818                _sbrk_r
 .text          0x0000d83c       0x24 /usr/lib/gcc/arm-none-eabi/13.2.1/../../../arm-none-eabi/lib/thumb/v7e-m+fp/hard/libc.a(libc_a-closer.o)
                0x0000d83c                _close_r
 .text          0x0000d860       0x20 /usr/lib/gcc/arm-none-eabi/13.2.1/../../../arm-none-eabi/lib/thumb/v7e-m+fp/hard/libc.a(libc_a-sprint_r.o)
                0x0000d860                __sprint_r
 .text          0x0000d880      0xab8 /usr/lib/gcc/arm-none-eabi/13.2.1/../../../arm-none-eabi/lib/thumb/v7e-m+fp/hard/libc.a(libc_a-mprec.o)
                0x0000d880                _Balloc
                0x0000d8cc                _Bfree
                0x0000d8e0                __multadd
                0x0000d980                __s2b
                0x0000da34                __hi0bits
                0x0000da78                __lo0bits
                0x0000dad8                __i2b
                0x0000db34                __multiply
                0x0000dca0                __pow5mult
                0x0000dd54                __lshift
                0x0000de44                __mcmp
                0x0000de88                __mdiff
                0x0000e000                __ulp
                0x0000e064                __b2d
                0x0000e120                __d2b
                0x0000e1e0                __ratio
                0x0000e240                _mprec_log10
                0x0000e280                __copybits
                0x0000e2dc                __any_on
 .text          0x0000e338       0x14 /usr/lib/gcc/arm-none-eabi/13.2.1/../../../arm-none-eabi/lib/thumb/v7e-m+fp/hard/libc.a(libc_a-localeconv.o)
                0x0000e338                __localeconv_l
                0x0000e33c                _localeconv_r
                0x0000e344                localeconv
 .text          0x0000e34c      0x13c /usr/lib/gcc/arm-none-eabi/13.2.1/../../../arm-none-eabi/lib/thumb/v7e-m+fp/hard/libc.a(libc_a-makebuf.o)
                0x0000e34c                __smakebuf_r
                0x0000e428                __swhatbuf_r
 .text          0x0000e488       0x40 /usr/lib/gcc/arm-none-eabi/13.2.1/../../../arm-none-eabi/lib/thumb/v7e-m+fp/hard/libc.a(libc_a-mbtowc_r.o)
                0x0000e488                _mbtowc_r
                0x0000e49c                __ascii_mbtowc
 .text          0x0000e4c8        0xc /usr/lib/gcc/arm-none-eabi/13.2.1/../../../arm-none-eabi/lib/thumb/v7e-m+fp/hard/libc.a(libc_a-errno.o)
                0x0000e4c8                __errno
 .text          0x0000e4d4       0x6c /usr/lib/gcc/arm-none-eabi/13.2.1/../../../arm-none-eabi/lib/thumb/v7e-m+fp/hard/libc.a(libc_a-callocr.o)
                0x0000e4d4                _calloc_r
 .text          0x0000e540       0x2c /usr/lib/gcc/arm-none-eabi/13.2.1/../../../arm-none-eabi/lib/thumb/v7e-m+fp/hard/libc.a(libc_a-readr.o)
                0x0000e540                _read_r
 .text          0x0000e56c       0x30 /usr/lib/gcc/arm-none-eabi/13.2.1/../../../arm-none-eabi/lib/thumb/v7e-m+fp/hard/libc.a(libc_a-wctomb_r.o)
                0x0000e56c                _wctomb_r
                0x0000e580                __ascii_wctomb
 .text          0x0000e59c       0x2c /usr/lib/gcc/arm-none-eabi/13.2.1/../../../arm-none-eabi/lib/thumb/v7e-m+fp/hard/libc.a(libc_a-lseekr.o)
                0x0000e59c                _lseek_r
 .text          0x0000e5c8       0x2c /usr/lib/gcc/arm-none-eabi/13.2.1/../../../arm-none-eabi/lib/thumb/v7e-m+fp/hard/libc.a(libc_a-fstatr.o)
                0x0000e5c8                _fstat_r
 .text          0x0000e5f4       0x24 /usr/lib/gcc/arm-none-eabi/13.2.1/../../../arm-none-eabi/lib/thumb/v7e-m+fp/hard/libc.a(libc_a-isattyr.o)
                0x0000e5f4                _isatty_r
 .text          0x0000e618      0x300 /usr/lib/gcc/arm-none-eabi/13.2.1/../../../arm-none-eabi/lib/thumb/v7e-m+fp/hard/libc.a(libc_a-fvwrite.o)
                0x0000e618                __sfvwrite_r
 .text          0x0000e918      0x344 /usr/lib/gcc/arm-none-eabi/13.2.1/../../../arm-none-eabi/lib/thumb/v7e-m+fp/hard/libc.a(libc_a-reallocr.o)
                0x0000e918                _realloc_r
 .text          0x0000ec5c       0x1c /usr/lib/gcc/arm-none-eabi/13.2.1/../../../arm-none-eabi/lib/thumb/v7e-m+fp/hard/libnosys.a(sbrk.o)
                0x0000ec5c                _sbrk
 .text          0x0000ec78        0x4 /usr/lib/gcc/arm-none-eabi/13.2.1/../../../arm-none-eabi/lib/thumb/v7e-m+fp/hard/libnosys.a(_exit.o)
                0x0000ec78                _exit
 .text          0x0000ec7c      0x378 /usr/lib/gcc/arm-none-eabi/13.2.1/thumb/v7e-m+fp/hard/libgcc.a(_arm_addsubdf3.o)
                0x0000ec7c                __aeabi_drsub
                0x0000ec84                __aeabi_dsub
                0x0000ec84                __subdf3
                0x0000ec88                __adddf3
                0x0000ec88                __aeabi_dadd
                0x0000ef00                __aeabi_ui2d
                0x0000ef00                __floatunsidf
                0x0000ef20                __floatsidf
                0x0000ef20                __aeabi_i2d
                0x0000ef44                __extendsfdf2
                0x0000ef44                __aeabi_f2d
                0x0000ef88                __aeabi_ul2d
                0x0000ef88                __floatundidf
                0x0000ef98                __floatdidf
                0x0000ef98                __aeabi_l2d
 .text          0x0000eff4      0x424 /usr/lib/gcc/arm-none-eabi/13.2.1/thumb/v7e-m+fp/hard/libgcc.a(_arm_muldivdf3.o)
                0x0000eff4                __aeabi_dmul
                0x0000eff4                __muldf3
                0x0000f248                __aeabi_ddiv
                0x0000f248                __divdf3
 .text          0x0000f418      0x110 /usr/lib/gcc/arm-none-eabi/13.2.1/thumb/v7e-m+fp/hard/libgcc.a(_arm_cmpdf2.o)
                0x0000f418                __gtdf2
                0x0000f418                __gedf2
                0x0000f420                __ltdf2
                0x0000f420                __ledf2
                0x0000f428                __cmpdf2
                0x0000f428                __eqdf2
                0x0000f428                __nedf2
                0x0000f4a4                __aeabi_cdrcmple
                0x0000f4b4                __aeabi_cdcmple
                0x0000f4b4                __aeabi_cdcmpeq
                0x0000f4c4                __aeabi_dcmpeq
                0x0000f4d8                __aeabi_dcmplt
                0x0000f4ec                __aeabi_dcmple
                0x0000f500                __aeabi_dcmpge
                0x0000f514                __aeabi_dcmpgt
 .text          0x0000f528       0x2c /usr/lib/gcc/arm-none-eabi/13.2.1/thumb/v7e-m+fp/hard/libgcc.a(_arm_unorddf2.o)
                0x0000f528                __aeabi_dcmpun
                0x0000f528                __unorddf2
 .text          0x0000f554       0x50 /usr/lib/gcc/arm-none-eabi/13.2.1/thumb/v7e-m+fp/hard/libgcc.a(_arm_fixdfsi.o)
                0x0000f554                __fixdfsi
                0x0000f554                __aeabi_d2iz
 .text          0x0000f5a4       0xa0 /usr/lib/gcc/arm-none-eabi/13.2.1/thumb/v7e-m+fp/hard/libgcc.a(_aeabi_ldivmod.o)
                0x0000f5a4                __aeabi_ldivmod
 .text          0x0000f644      0x2bc /usr/lib/gcc/arm-none-eabi/13.2.1/thumb/v7e-m+fp/hard/libgcc.a(_udivmoddi4.o)
                0x0000f644                __udivmoddi4
 .text          0x0000f900        0x4 /usr/lib/gcc/arm-none-eabi/13.2.1/thumb/v7e-m+fp/hard/libgcc.a(_dvmd_tls.o)
                0x0000f900                __aeabi_ldiv0
                0x0000f900                __aeabi_idiv0
 *(.init)
 .init          0x0000f904        0x4 /usr/lib/gcc/arm-none-eabi/13.2.1/thumb/v7e-m+fp/hard/crti.o
                0x0000f904                _init
 .init          0x0000f908        0x8 /usr/lib/gcc/arm-none-eabi/13.2.1/thumb/v7e-m+fp/hard/crtn.o
 *(.fini)
 .fini          0x0000f910        0x4 /usr/lib/gcc/arm-none-eabi/13.2.1/thumb/v7e-m+fp/hard/crti.o
                0x0000f910                _fini
 .fini          0x0000f914        0x8 /usr/lib/gcc/arm-none-eabi/13.2.1/thumb/v7e-m+fp/hard/crtn.o
 *crtbegin.o(.ctors)
 *crtbegin?.o(.ctors)
 *(EXCLUDE_FILE(*crtend.o *crtend?.o) .ctors)
 *(SORT_BY_NAME(.ctors.*))
 *(.ctors)
 *crtbegin.o(.dtors)
 *crtbegin?.o(.dtors)
 *(EXCLUDE_FILE(*crtend.o *crtend?.o) .dtors)
 *(SORT_BY_NAME(.dtors.*))
 *(.dtors)
 *(.rodata*)
 .rodata.nrf_gpio_pin_port_decode.str1.1
                0x0000f91c     0x218c _build/cutebot_utils.o
                                 0x43 (size before relaxing)
 .rodata.cutebot_set_motors_speed.str1.1
                0x00011aa8       0x4d _build/cutebot_utils.o
 .rodata.cutebot_set_head_light.str1.1
                0x00011aa8       0x48 _build/cutebot_utils.o
 .rodata.cutebot_get_tracking.str1.1
                0x00011aa8        0xf _build/cutebot_utils.o
 .rodata.cutebot_follow_black_road.str1.1
                0x00011aa8       0x61 _build/cutebot_utils.o
 .rodata.CSWTCH.29
                0x00011aa8        0x4 _build/cutebot_utils.o
 .rodata.CSWTCH.28
                0x00011aac        0x4 _build/cutebot_utils.o
 .rodata.nrf_gpio_pin_port_decode.str1.1
                0x00011ab0       0x43 _build/joystick_utils.o
 .rodata.adc_init.str1.1
                0x00011ab0       0x25 _build/joystick_utils.o
 .rodata        0x00011ab0       0x16 _build/joystick_utils.o
 .rodata.get_device_id.str1.1
                0x00011ac6       0x10 _build/main.o
 .rodata.main.str1.1
                0x00011ac6      0x1eb _build/main.o
 *fill*         0x00011ac6        0xa 
 .rodata.delay_machine_code.0
                0x00011ad0        0x6 _build/main.o
 *fill*         0x00011ad6        0x2 
 .rodata.twi_mngr_instance
                0x00011ad8       0x18 _build/main.o
 .rodata        0x00011af0       0x10 _build/main.o
 .rodata.i2c_reg_write.str1.1
                0x00011b00       0x22 _build/microbot_utils.o
 .rodata.microbot_get_ultrasonic_distance.str1.1
                0x00011b00       0x24 _build/microbot_utils.o
 .rodata.radio_send.str1.1
                0x00011b00       0x35 _build/radio_utils.o
 .rodata.nrf_gpio_pin_port_decode.str1.1
                0x00011b00       0x43 _build/better_error_handling.o
 .rodata.app_error_fault_handler.str1.1
                0x00011b00       0x78 _build/better_error_handling.o
 .rodata.HardFault_c_handler.str1.1
                0x00011b00      0x12e _build/better_error_handling.o
 .rodata.str1.1
                0x00011b00      0x4b6 _build/better_error_handling.o
 .rodata.cfsr_msgs.0
                0x00011b00       0x68 _build/better_error_handling.o
 *fill*         0x00011b68        0x8 
 .rodata.delay_machine_code.1
                0x00011b70        0x6 _build/better_error_handling.o
 .rodata.LED_COLS
                0x00011b76        0x5 _build/better_error_handling.o
 .rodata.LED_ROWS
                0x00011b7b        0x5 _build/better_error_handling.o
 .rodata.called_first.str1.1
                0x00011b80       0x6e _build/microbit_before_startup.o
 .rodata.delay_machine_code.0
                0x00011b80        0x6 _build/microbit_before_startup.o
 .rodata.uart_init.constprop.0.str1.1
                0x00011b86       0x74 _build/microbit_nrf_log_backend_uart.o
 *fill*         0x00011b86        0x2 
 .rodata.nrf_log_backend_uart_api
                0x00011b88        0xc _build/microbit_nrf_log_backend_uart.o
                0x00011b88                nrf_log_backend_uart_api
 .rodata        0x00011b94       0x20 _build/microbit_nrf_log_backend_uart.o
 *fill*         0x00011bb4        0xc 
 .rodata.delay_machine_code.0
                0x00011bc0        0x6 _build/app_timer.o
 .rodata.app_util_critical_region_enter.str1.1
                0x00011bc6       0x55 _build/app_util_platform.o
 .rodata.nrf_balloc_init.str1.1
                0x00011bc6       0x50 _build/nrf_balloc.o
 .rodata.str1.1
                0x00011bc6        0x6 _build/nrf_drv_clock.o
 .rodata.nrf_gpio_pin_port_decode.str1.1
                0x00011bc6       0x43 _build/nrf_drv_twi.o
 *fill*         0x00011bc6        0xa 
 .rodata.delay_machine_code.0
                0x00011bd0        0x6 _build/nrf_drv_twi.o
 .rodata.nrf_fprintf_buffer_flush.str1.1
                0x00011bd6       0x46 _build/nrf_fprintf.o
 .rodata.nrf_fprintf_fmt.str1.1
                0x00011bd6       0x4d _build/nrf_fprintf_format.o
 .rodata._aV2C.0
                0x00011bd6       0x10 _build/nrf_fprintf_format.o
 .rodata.nrf_log_default_backends_init.str1.1
                0x00011be6       0x5f _build/nrf_log_default_backends.o
 .rodata.str1.1
                0x00011be6       0x11 _build/nrf_log_default_backends.o
 .rodata.buf_prealloc.str1.1
                0x00011be6       0x57 _build/nrf_log_frontend.o
 .rodata.nrf_log_frontend_dequeue.str1.1
                0x00011be6       0x11 _build/nrf_log_frontend.o
 .rodata.str1.1
                0x00011be6        0x4 _build/nrf_log_frontend.o
 *fill*         0x00011be6        0x2 
 .rodata.m_log_push_ringbuf
                0x00011be8        0xc _build/nrf_log_frontend.o
 .rodata.postfix_process.str1.1
                0x00011bf4        0xb _build/nrf_log_str_formatter.o
 .rodata.prefix_process.constprop.0.str1.1
                0x00011bf4       0x2a _build/nrf_log_str_formatter.o
 .rodata.nrf_log_hexdump_entry_process.str1.1
                0x00011bf4       0x11 _build/nrf_log_str_formatter.o
 .rodata.str1.1
                0x00011bf4       0x51 _build/nrf_log_str_formatter.o
 .rodata.m_colors
                0x00011bf4       0x24 _build/nrf_log_str_formatter.o
 .rodata.severity_names
                0x00011c18       0x14 _build/nrf_log_str_formatter.o
 .rodata.memobj_op.str1.1
                0x00011c2c       0x50 _build/nrf_memobj.o
 .rodata.str1.1
                0x00011c2c        0x9 _build/nrf_pwr_mgmt.o
 .rodata.nrf_queue_next_idx.str1.1
                0x00011c2c       0x4e _build/nrf_queue.o
 .rodata.str1.1
                0x00011c2c      0x391 _build/nrf_strerror.o
 .rodata.nrf_strerror_array
                0x00011c2c      0x118 _build/nrf_strerror.o
 .rodata.m_unknown_str
                0x00011d44       0x13 _build/nrf_strerror.o
 .rodata.transaction_end_signal.str1.1
                0x00011d57       0x54 _build/nrf_twi_mngr.o
 .rodata.nrf_gpio_pin_port_decode.str1.1
                0x00011d57       0x43 _build/nrfx_gpiote.o
 .rodata.str1.1
                0x00011d57        0x7 _build/nrfx_gpiote.o
 .rodata.UARTE0_UART0_IRQHandler.str1.1
                0x00011d57       0x4f _build/nrfx_prs.o
 .rodata.str1.1
                0x00011d57        0x4 _build/nrfx_prs.o
 .rodata.str1.1
                0x00011d57        0x4 _build/nrfx_pwm.o
 .rodata.nrfx_saadc_init.str1.1
                0x00011d57       0x91 _build/nrfx_saadc.o
 .rodata.str1.1
                0x00011d57        0x6 _build/nrfx_saadc.o
 .rodata.nrf_gpio_pin_port_decode.str1.1
                0x00011d57       0x43 _build/nrfx_spim.o
 .rodata.SPIM2_SPIS2_SPI2_IRQHandler.str1.1
                0x00011d57       0x4c _build/nrfx_spim.o
 .rodata.str1.1
                0x00011d57        0x5 _build/nrfx_spim.o
 .rodata.str1.1
                0x00011d57        0x6 _build/nrfx_timer.o
 .rodata.nrf_gpio_pin_port_decode.str1.1
                0x00011d57       0x43 _build/nrfx_twim.o
 .rodata.twim_irq_handler.str1.1
                0x00011d57       0x4c _build/nrfx_twim.o
 .rodata.nrfx_twim_init.str1.1
                0x00011d57       0x44 _build/nrfx_twim.o
 *fill*         0x00011d57        0x1 
 .rodata.irq_handlers.0
                0x00011d58        0x8 _build/nrfx_twim.o
 .rodata.str1.1
                0x00011d60        0x5 _build/nrfx_twim.o
 .rodata.nrf_gpio_pin_port_decode.str1.1
                0x00011d60       0x43 _build/nrfx_uart.o
 .rodata.nrfx_uart_init.str1.1
                0x00011d60       0x90 _build/nrfx_uart.o
 .rodata.str1.1
                0x00011d60        0x5 _build/nrfx_uart.o
 .rodata.nrf_gpio_pin_port_decode.str1.1
                0x00011d60       0x43 _build/nrfx_uarte.o
 .rodata.nrfx_uarte_init.str1.1
                0x00011d60       0x91 _build/nrfx_uarte.o
 .rodata.irq_handlers.0
                0x00011d60        0x8 _build/nrfx_uarte.o
 .rodata.str1.1
                0x00011d68        0x6 _build/nrfx_uarte.o
 .rodata.nrf_802154_buffer_free_raw.str1.1
                0x00011d68       0x86 _build/nrf_802154.o
 .rodata.__func__.1
                0x00011d68       0x1b _build/nrf_802154.o
 .rodata.fem_for_tx_reset.str1.1
                0x00011d83       0x72 _build/nrf_802154_core.o
 .rodata.channel_set.str1.1
                0x00011d83       0x1f _build/nrf_802154_core.o
 .rodata.nrf_802154_rsch_crit_sect_prio_changed.str1.1